Archive member included because of file (symbol)

/usr/local/Cellar/gcc-arm-none-eabi-49/20150925/bin/../lib/gcc/arm-none-eabi/4.9.3/../../../../arm-none-eabi/lib/armv7e-m/fpu/libg.a(lib_a-memcpy.o)
                              /var/folders/_f/jzb7lsz153bclt069nvlpp5r0000gn/T//ccGAufxj.ltrans7.ltrans.o (memcpy)
/usr/local/Cellar/gcc-arm-none-eabi-49/20150925/bin/../lib/gcc/arm-none-eabi/4.9.3/../../../../arm-none-eabi/lib/armv7e-m/fpu/libg.a(lib_a-memset.o)
                              /var/folders/_f/jzb7lsz153bclt069nvlpp5r0000gn/T//ccGAufxj.ltrans5.ltrans.o (memset)
/usr/local/Cellar/gcc-arm-none-eabi-49/20150925/bin/../lib/gcc/arm-none-eabi/4.9.3/../../../../arm-none-eabi/lib/armv7e-m/fpu/libg.a(lib_a-vsnprintf.o)
                              /var/folders/_f/jzb7lsz153bclt069nvlpp5r0000gn/T//ccGAufxj.ltrans5.ltrans.o (vsnprintf)
/usr/local/Cellar/gcc-arm-none-eabi-49/20150925/bin/../lib/gcc/arm-none-eabi/4.9.3/../../../../arm-none-eabi/lib/armv7e-m/fpu/libg.a(lib_a-impure.o)
                              /usr/local/Cellar/gcc-arm-none-eabi-49/20150925/bin/../lib/gcc/arm-none-eabi/4.9.3/../../../../arm-none-eabi/lib/armv7e-m/fpu/libg.a(lib_a-vsnprintf.o) (_impure_ptr)
/usr/local/Cellar/gcc-arm-none-eabi-49/20150925/bin/../lib/gcc/arm-none-eabi/4.9.3/../../../../arm-none-eabi/lib/armv7e-m/fpu/libg.a(lib_a-svfprintf.o)
                              /usr/local/Cellar/gcc-arm-none-eabi-49/20150925/bin/../lib/gcc/arm-none-eabi/4.9.3/../../../../arm-none-eabi/lib/armv7e-m/fpu/libg.a(lib_a-vsnprintf.o) (_svfprintf_r)
/usr/local/Cellar/gcc-arm-none-eabi-49/20150925/bin/../lib/gcc/arm-none-eabi/4.9.3/../../../../arm-none-eabi/lib/armv7e-m/fpu/libg.a(lib_a-dtoa.o)
                              /usr/local/Cellar/gcc-arm-none-eabi-49/20150925/bin/../lib/gcc/arm-none-eabi/4.9.3/../../../../arm-none-eabi/lib/armv7e-m/fpu/libg.a(lib_a-svfprintf.o) (_dtoa_r)
/usr/local/Cellar/gcc-arm-none-eabi-49/20150925/bin/../lib/gcc/arm-none-eabi/4.9.3/../../../../arm-none-eabi/lib/armv7e-m/fpu/libg.a(lib_a-locale.o)
                              /usr/local/Cellar/gcc-arm-none-eabi-49/20150925/bin/../lib/gcc/arm-none-eabi/4.9.3/../../../../arm-none-eabi/lib/armv7e-m/fpu/libg.a(lib_a-svfprintf.o) (_localeconv_r)
/usr/local/Cellar/gcc-arm-none-eabi-49/20150925/bin/../lib/gcc/arm-none-eabi/4.9.3/../../../../arm-none-eabi/lib/armv7e-m/fpu/libg.a(lib_a-mallocr.o)
                              /usr/local/Cellar/gcc-arm-none-eabi-49/20150925/bin/../lib/gcc/arm-none-eabi/4.9.3/../../../../arm-none-eabi/lib/armv7e-m/fpu/libg.a(lib_a-svfprintf.o) (_malloc_r)
/usr/local/Cellar/gcc-arm-none-eabi-49/20150925/bin/../lib/gcc/arm-none-eabi/4.9.3/../../../../arm-none-eabi/lib/armv7e-m/fpu/libg.a(lib_a-memchr.o)
                              /usr/local/Cellar/gcc-arm-none-eabi-49/20150925/bin/../lib/gcc/arm-none-eabi/4.9.3/../../../../arm-none-eabi/lib/armv7e-m/fpu/libg.a(lib_a-svfprintf.o) (memchr)
/usr/local/Cellar/gcc-arm-none-eabi-49/20150925/bin/../lib/gcc/arm-none-eabi/4.9.3/../../../../arm-none-eabi/lib/armv7e-m/fpu/libg.a(lib_a-mlock.o)
                              /usr/local/Cellar/gcc-arm-none-eabi-49/20150925/bin/../lib/gcc/arm-none-eabi/4.9.3/../../../../arm-none-eabi/lib/armv7e-m/fpu/libg.a(lib_a-mallocr.o) (__malloc_lock)
/usr/local/Cellar/gcc-arm-none-eabi-49/20150925/bin/../lib/gcc/arm-none-eabi/4.9.3/../../../../arm-none-eabi/lib/armv7e-m/fpu/libg.a(lib_a-mprec.o)
                              /usr/local/Cellar/gcc-arm-none-eabi-49/20150925/bin/../lib/gcc/arm-none-eabi/4.9.3/../../../../arm-none-eabi/lib/armv7e-m/fpu/libg.a(lib_a-dtoa.o) (_Balloc)
/usr/local/Cellar/gcc-arm-none-eabi-49/20150925/bin/../lib/gcc/arm-none-eabi/4.9.3/../../../../arm-none-eabi/lib/armv7e-m/fpu/libg.a(lib_a-s_fpclassify.o)
                              /usr/local/Cellar/gcc-arm-none-eabi-49/20150925/bin/../lib/gcc/arm-none-eabi/4.9.3/../../../../arm-none-eabi/lib/armv7e-m/fpu/libg.a(lib_a-svfprintf.o) (__fpclassifyd)
/usr/local/Cellar/gcc-arm-none-eabi-49/20150925/bin/../lib/gcc/arm-none-eabi/4.9.3/../../../../arm-none-eabi/lib/armv7e-m/fpu/libg.a(lib_a-strcmp.o)
                              /usr/local/Cellar/gcc-arm-none-eabi-49/20150925/bin/../lib/gcc/arm-none-eabi/4.9.3/../../../../arm-none-eabi/lib/armv7e-m/fpu/libg.a(lib_a-locale.o) (strcmp)
/usr/local/Cellar/gcc-arm-none-eabi-49/20150925/bin/../lib/gcc/arm-none-eabi/4.9.3/../../../../arm-none-eabi/lib/armv7e-m/fpu/libg.a(lib_a-strlen.o)
                              /usr/local/Cellar/gcc-arm-none-eabi-49/20150925/bin/../lib/gcc/arm-none-eabi/4.9.3/../../../../arm-none-eabi/lib/armv7e-m/fpu/libg.a(lib_a-svfprintf.o) (strlen)
/usr/local/Cellar/gcc-arm-none-eabi-49/20150925/bin/../lib/gcc/arm-none-eabi/4.9.3/../../../../arm-none-eabi/lib/armv7e-m/fpu/libg.a(lib_a-svfiprintf.o)
                              /usr/local/Cellar/gcc-arm-none-eabi-49/20150925/bin/../lib/gcc/arm-none-eabi/4.9.3/../../../../arm-none-eabi/lib/armv7e-m/fpu/libg.a(lib_a-svfprintf.o) (__ssprint_r)
[...]
Memory Configuration

Name             Origin             Length             Attributes
flash0           0x0000000008000000 0x0000000000100000 xr
flash1           0x0000000000000000 0x0000000000000000 xr
flash2           0x0000000000000000 0x0000000000000000 xr
flash3           0x0000000000000000 0x0000000000000000 xr
flash4           0x0000000000000000 0x0000000000000000 xr
flash5           0x0000000000000000 0x0000000000000000 xr
flash6           0x0000000000000000 0x0000000000000000 xr
flash7           0x0000000000000000 0x0000000000000000 xr
ram0             0x0000000020000000 0x0000000000020000 xw
ram1             0x0000000020000000 0x000000000001c000 xw
ram2             0x000000002001c000 0x0000000000004000 xw
ram3             0x0000000000000000 0x0000000000000000 xw
ram4             0x0000000010000000 0x0000000000010000 xw
ram5             0x0000000040024000 0x0000000000001000 xw
ram6             0x0000000000000000 0x0000000000000000 xw
ram7             0x0000000000000000 0x0000000000000000 xw
*default*        0x0000000000000000 0xffffffffffffffff

Linker script and memory map

LOAD ./build/obj/crt0_v7m.o
LOAD ./build/obj/vectors.o
LOAD ./build/obj/chcoreasm_v7m.o
LOAD ./build/obj/crt1.o
LOAD /var/folders/_f/jzb7lsz153bclt069nvlpp5r0000gn/T//ccGAufxj.ltrans0.ltrans.o
LOAD /var/folders/_f/jzb7lsz153bclt069nvlpp5r0000gn/T//ccGAufxj.ltrans1.ltrans.o
LOAD /var/folders/_f/jzb7lsz153bclt069nvlpp5r0000gn/T//ccGAufxj.ltrans2.ltrans.o
LOAD /var/folders/_f/jzb7lsz153bclt069nvlpp5r0000gn/T//ccGAufxj.ltrans3.ltrans.o
LOAD /var/folders/_f/jzb7lsz153bclt069nvlpp5r0000gn/T//ccGAufxj.ltrans4.ltrans.o
LOAD /var/folders/_f/jzb7lsz153bclt069nvlpp5r0000gn/T//ccGAufxj.ltrans5.ltrans.o
LOAD /var/folders/_f/jzb7lsz153bclt069nvlpp5r0000gn/T//ccGAufxj.ltrans6.ltrans.o
LOAD /var/folders/_f/jzb7lsz153bclt069nvlpp5r0000gn/T//ccGAufxj.ltrans7.ltrans.o
LOAD /var/folders/_f/jzb7lsz153bclt069nvlpp5r0000gn/T//ccGAufxj.ltrans8.ltrans.o
LOAD /var/folders/_f/jzb7lsz153bclt069nvlpp5r0000gn/T//ccGAufxj.ltrans9.ltrans.o
LOAD /usr/local/Cellar/gcc-arm-none-eabi-49/20150925/bin/../lib/gcc/arm-none-eabi/4.9.3/armv7e-m/fpu/libgcc.a
LOAD /usr/local/Cellar/gcc-arm-none-eabi-49/20150925/bin/../lib/gcc/arm-none-eabi/4.9.3/../../../../arm-none-eabi/lib/armv7e-m/fpu/libg.a
LOAD /usr/local/Cellar/gcc-arm-none-eabi-49/20150925/bin/../lib/gcc/arm-none-eabi/4.9.3/../../../../arm-none-eabi/lib/armv7e-m/fpu/libc.a
LOAD ./build/obj/hal.o
LOAD ./build/obj/hal_st.o
LOAD ./build/obj/hal_buffers.o
LOAD ./build/obj/hal_queues.o
LOAD ./build/obj/hal_flash.o
LOAD ./build/obj/hal_mmcsd.o
LOAD ./build/obj/hal_dac.o
LOAD ./build/obj/hal_pal.o
LOAD ./build/obj/hal_serial_usb.o
LOAD ./build/obj/hal_usb.o
LOAD ./build/obj/nvic.o
LOAD ./build/obj/stm32_isr.o
LOAD ./build/obj/hal_lld.o
LOAD ./build/obj/hal_efl_lld.o
LOAD ./build/obj/hal_dac_lld.o
LOAD ./build/obj/stm32_dma.o
LOAD ./build/obj/stm32_exti.o
LOAD ./build/obj/hal_pal_lld.o
LOAD ./build/obj/hal_usb_lld.o
LOAD ./build/obj/hal_st_lld.o
LOAD ./build/obj/board.o
LOAD ./build/obj/osal.o
LOAD ./build/obj/chprintf.o
LOAD ./build/obj/memstreams.o
LOAD ./build/obj/nullstreams.o
LOAD ./build/obj/chsys.o
LOAD ./build/obj/chdebug.o
LOAD ./build/obj/chtrace.o
LOAD ./build/obj/chvt.o
LOAD ./build/obj/chschd.o
LOAD ./build/obj/chthreads.o
LOAD ./build/obj/chtm.o
LOAD ./build/obj/chregistry.o
LOAD ./build/obj/chsem.o
LOAD ./build/obj/chmtx.o
LOAD ./build/obj/chcond.o
LOAD ./build/obj/chevents.o
LOAD ./build/obj/chmsg.o
LOAD ./build/obj/chdynamic.o
LOAD ./build/obj/chmboxes.o
LOAD ./build/obj/chmemcore.o
LOAD ./build/obj/chmemheaps.o
LOAD ./build/obj/chmempools.o
LOAD ./build/obj/chpipes.o
LOAD ./build/obj/chobjcaches.o
LOAD ./build/obj/chdelegates.o
LOAD ./build/obj/chfactory.o
LOAD ./build/obj/chcore.o
LOAD ./build/obj/chcore_v7m.o
LOAD ./build/obj/CAM.o
LOAD ./build/obj/channel.o
LOAD ./build/obj/chan_recv_queue.o
LOAD ./build/obj/chan_send_queue.o
LOAD ./build/obj/event.o
LOAD ./build/obj/heap.o
LOAD ./build/obj/queue.o
LOAD ./build/obj/RTS.o
LOAD ./build/obj/scheduler.o
LOAD ./build/obj/stack.o
LOAD ./build/obj/VMC.o
LOAD ./build/obj/priorityqueue.o
LOAD ./build/obj/ll_driver.o
LOAD ./build/obj/button.o
LOAD ./build/obj/led.o
LOAD ./build/obj/gpio.o
LOAD ./build/obj/dac.o
LOAD ./build/obj/sys_time.o
LOAD ./build/obj/usbcfg.o
LOAD ./build/obj/svm_chibios.o
LOAD ./build/obj/svm_chibios_main.o
LOAD ./build/obj/syscalls.o

.mstack         0x0000000020000000      0x400
                0x0000000020000000                . = ALIGN (0x8)
                0x0000000020000000                __main_stack_base__ = .
                0x0000000020000400                . = (. + __main_stack_size__)
 *fill*         0x0000000020000000      0x400 
                0x0000000020000400                . = ALIGN (0x8)
                0x0000000020000400                __main_stack_end__ = .

.pstack         0x0000000020000400      0x400
                0x0000000020000400                . = ALIGN (0x8)
                0x0000000020000400                __process_stack_base__ = .
                0x0000000020000400                __main_thread_stack_base__ = .
                0x0000000020000800                . = (. + __process_stack_size__)
 *fill*         0x0000000020000400      0x400 
                0x0000000020000800                . = ALIGN (0x8)
                0x0000000020000800                __process_stack_end__ = .
                0x0000000020000800                __main_thread_stack_end__ = .

.vectors        0x0000000008000000      0x1e0
 *(.vectors)
 .vectors       0x0000000008000000      0x1e0 ./build/obj/vectors.o
                0x0000000008000000                _vectors

.xtors          0x00000000080001e0        0x0
                0x00000000080001e0                __init_array_base__ = .
 *(SORT(.init_array.*))
 *(.init_array)
                0x00000000080001e0                __init_array_end__ = .
                0x00000000080001e0                __fini_array_base__ = .
 *(.fini_array)
 *(SORT(.fini_array.*))
                0x00000000080001e0                __fini_array_end__ = .

.text           0x00000000080001e0     0xc5a4
                0x00000000080001e0                __text_base__ = .
 *(.text)
 .text          0x00000000080001e0      0x120 ./build/obj/crt0_v7m.o
                0x00000000080001e0                _crt0_entry
 .text          0x0000000008000300        0x8 ./build/obj/vectors.o
                0x0000000008000300                Reset_Handler
                0x0000000008000302                VectorAC
                0x0000000008000302                DebugMon_Handler
                0x0000000008000302                Vector1A0
                0x0000000008000302                Vector11C
                0x0000000008000302                HardFault_Handler
                0x0000000008000302                Vector1B8
                0x0000000008000302                Vector19C
                0x0000000008000302                Vector8C
                0x0000000008000302                SysTick_Handler
                0x0000000008000302                VectorDC
                0x0000000008000302                PendSV_Handler
                0x0000000008000302                Vector168
                0x0000000008000302                NMI_Handler
                0x0000000008000302                Vector110
                0x0000000008000302                Vector1D8
                0x0000000008000302                VectorC8
                0x0000000008000302                Vector94
                0x0000000008000302                VectorA8
                0x0000000008000302                VectorB4
                0x0000000008000302                Vector160
                0x0000000008000302                Vector1B0
                0x0000000008000302                UsageFault_Handler
                0x0000000008000302                VectorEC
                0x0000000008000302                Vector40
                0x0000000008000302                VectorF8
                0x0000000008000302                VectorBC
                0x0000000008000302                Vector190
                0x0000000008000302                Vector1C4
                0x0000000008000302                Vector1CC
                0x0000000008000302                Vector148
                0x0000000008000302                Vector188
                0x0000000008000302                Vector198
                0x0000000008000302                Vector118
                0x0000000008000302                VectorCC
                0x0000000008000302                Vector54
                0x0000000008000302                Vector98
                0x0000000008000302                VectorD8
                0x0000000008000302                Vector138
                0x0000000008000302                Vector24
                0x0000000008000302                Vector1AC
                0x0000000008000302                Vector178
                0x0000000008000302                Vector1A4
                0x0000000008000302                VectorD0
                0x0000000008000302                Vector1B4
                0x0000000008000302                Vector140
                0x0000000008000302                VectorE4
                0x0000000008000302                VectorC0
                0x0000000008000302                Vector1C0
                0x0000000008000302                Vector134
                0x0000000008000302                Vector1D0
                0x0000000008000302                VectorF0
                0x0000000008000302                Vector13C
                0x0000000008000302                Vector100
                0x0000000008000302                VectorF4
                0x0000000008000302                MemManage_Handler
                0x0000000008000302                VectorA0
                0x0000000008000302                VectorC4
                0x0000000008000302                Vector180
                0x0000000008000302                Vector90
                0x0000000008000302                Vector114
                0x0000000008000302                Vector164
                0x0000000008000302                Vector1C
                0x0000000008000302                Vector1BC
                0x0000000008000302                Vector1D4
                0x0000000008000302                Vector17C
                0x0000000008000302                Vector48
                0x0000000008000302                Vector1A8
                0x0000000008000302                Vector16C
                0x0000000008000302                VectorD4
                0x0000000008000302                Vector4C
                0x0000000008000302                Vector144
                0x0000000008000302                Vector15C
                0x0000000008000302                Vector18C
                0x0000000008000302                VectorE8
                0x0000000008000302                Vector170
                0x0000000008000302                Vector88
                0x0000000008000302                Vector104
                0x0000000008000302                Vector184
                0x0000000008000302                Vector10C
                0x0000000008000302                BusFault_Handler
                0x0000000008000302                Vector50
                0x0000000008000302                Vector1C8
                0x0000000008000302                Vector194
                0x0000000008000302                Vector1DC
                0x0000000008000302                Vector44
                0x0000000008000302                Vector28
                0x0000000008000302                VectorB8
                0x0000000008000302                Vector34
                0x0000000008000302                VectorA4
                0x0000000008000302                Vector20
                0x0000000008000306                _unhandled_exception
 .text          0x0000000008000308       0x3e ./build/obj/chcoreasm_v7m.o
                0x0000000008000308                _port_switch
                0x0000000008000320                _port_thread_start
                0x0000000008000336                _port_switch_from_isr
                0x0000000008000342                _port_exit_from_isr
 *fill*         0x0000000008000346        0x2 
 .text          0x0000000008000348      0x134 /usr/local/Cellar/gcc-arm-none-eabi-49/20150925/bin/../lib/gcc/arm-none-eabi/4.9.3/../../../../arm-none-eabi/lib/armv7e-m/fpu/libg.a(lib_a-memcpy.o)
                0x0000000008000348                memcpy
 .text          0x000000000800047c      0x370 /usr/local/Cellar/gcc-arm-none-eabi-49/20150925/bin/../lib/gcc/arm-none-eabi/4.9.3/armv7e-m/fpu/libgcc.a(_arm_addsubdf3.o)
                0x000000000800047c                __aeabi_drsub
                0x0000000008000484                __subdf3
                0x0000000008000484                __aeabi_dsub
                0x0000000008000488                __aeabi_dadd
                0x0000000008000488                __adddf3
                0x0000000008000700                __aeabi_ui2d
                0x0000000008000700                __floatunsidf
                0x0000000008000720                __floatsidf
                0x0000000008000720                __aeabi_i2d
                0x0000000008000744                __extendsfdf2
                0x0000000008000744                __aeabi_f2d
                0x0000000008000780                __aeabi_ul2d
                0x0000000008000780                __floatundidf
                0x0000000008000790                __aeabi_l2d
                0x0000000008000790                __floatdidf
 .text          0x00000000080007ec      0x424 /usr/local/Cellar/gcc-arm-none-eabi-49/20150925/bin/../lib/gcc/arm-none-eabi/4.9.3/armv7e-m/fpu/libgcc.a(_arm_muldivdf3.o)
                0x00000000080007ec                __aeabi_dmul
                0x00000000080007ec                __muldf3
                0x0000000008000a40                __aeabi_ddiv
                0x0000000008000a40                __divdf3
 .text          0x0000000008000c10      0x110 /usr/local/Cellar/gcc-arm-none-eabi-49/20150925/bin/../lib/gcc/arm-none-eabi/4.9.3/armv7e-m/fpu/libgcc.a(_arm_cmpdf2.o)
                0x0000000008000c10                __gedf2
                0x0000000008000c10                __gtdf2
                0x0000000008000c18                __ledf2
                0x0000000008000c18                __ltdf2
                0x0000000008000c20                __cmpdf2
                0x0000000008000c20                __eqdf2
                0x0000000008000c20                __nedf2
                0x0000000008000c9c                __aeabi_cdrcmple
                0x0000000008000cac                __aeabi_cdcmple
                0x0000000008000cac                __aeabi_cdcmpeq
                0x0000000008000cbc                __aeabi_dcmpeq
                0x0000000008000cd0                __aeabi_dcmplt
                0x0000000008000ce4                __aeabi_dcmple
                0x0000000008000cf8                __aeabi_dcmpge
                0x0000000008000d0c                __aeabi_dcmpgt
 .text          0x0000000008000d20       0x50 /usr/local/Cellar/gcc-arm-none-eabi-49/20150925/bin/../lib/gcc/arm-none-eabi/4.9.3/armv7e-m/fpu/libgcc.a(_arm_fixdfsi.o)
                0x0000000008000d20                __fixdfsi
                0x0000000008000d20                __aeabi_d2iz
 .text          0x0000000008000d70       0x30 /usr/local/Cellar/gcc-arm-none-eabi-49/20150925/bin/../lib/gcc/arm-none-eabi/4.9.3/armv7e-m/fpu/libgcc.a(_aeabi_uldivmod.o)
                0x0000000008000d70                __aeabi_uldivmod
 .text          0x0000000008000da0       0x60 /usr/local/Cellar/gcc-arm-none-eabi-49/20150925/bin/../lib/gcc/arm-none-eabi/4.9.3/armv7e-m/fpu/libgcc.a(bpabi.o)
                0x0000000008000da0                __gnu_ldivmod_helper
                0x0000000008000dd0                __gnu_uldivmod_helper
 .text          0x0000000008000e00        0x4 /usr/local/Cellar/gcc-arm-none-eabi-49/20150925/bin/../lib/gcc/arm-none-eabi/4.9.3/armv7e-m/fpu/libgcc.a(_dvmd_tls.o)
                0x0000000008000e00                __aeabi_ldiv0
                0x0000000008000e00                __aeabi_idiv0
 .text          0x0000000008000e04      0x29c /usr/local/Cellar/gcc-arm-none-eabi-49/20150925/bin/../lib/gcc/arm-none-eabi/4.9.3/armv7e-m/fpu/libgcc.a(_divdi3.o)
                0x0000000008000e04                __divdi3
 .text          0x00000000080010a0      0x26c /usr/local/Cellar/gcc-arm-none-eabi-49/20150925/bin/../lib/gcc/arm-none-eabi/4.9.3/armv7e-m/fpu/libgcc.a(_udivdi3.o)
                0x00000000080010a0                __udivdi3
 *(.text.*)
 *fill*         0x000000000800130c        0x4 
 .text.startup.main
                0x0000000008001310      0xd70 /var/folders/_f/jzb7lsz153bclt069nvlpp5r0000gn/T//ccGAufxj.ltrans0.ltrans.o
                0x0000000008001310                main
 .text.eval_snd
                0x0000000008002080       0x40 /var/folders/_f/jzb7lsz153bclt069nvlpp5r0000gn/T//ccGAufxj.ltrans1.ltrans.o
                0x0000000008002080                eval_snd
 .text.eval_fst
                0x00000000080020c0       0x40 /var/folders/_f/jzb7lsz153bclt069nvlpp5r0000gn/T//ccGAufxj.ltrans1.ltrans.o
                0x00000000080020c0                eval_fst
 .text._port_irq_epilogue
                0x0000000008002100       0x5c /var/folders/_f/jzb7lsz153bclt069nvlpp5r0000gn/T//ccGAufxj.ltrans1.ltrans.o
                0x0000000008002100                _port_irq_epilogue
 *fill*         0x000000000800215c        0x4 
 .text.SVC_Handler
                0x0000000008002160       0x20 /var/folders/_f/jzb7lsz153bclt069nvlpp5r0000gn/T//ccGAufxj.ltrans1.ltrans.o
                0x0000000008002160                SVC_Handler
 .text.chTMStopMeasurementX
                0x0000000008002180       0x48 /var/folders/_f/jzb7lsz153bclt069nvlpp5r0000gn/T//ccGAufxj.ltrans1.ltrans.o
                0x0000000008002180                chTMStopMeasurementX
 *fill*         0x00000000080021c8        0x8 
 .text.chTMStartMeasurementX
                0x00000000080021d0        0xc /var/folders/_f/jzb7lsz153bclt069nvlpp5r0000gn/T//ccGAufxj.ltrans1.ltrans.o
                0x00000000080021d0                chTMStartMeasurementX
 *fill*         0x00000000080021dc        0x4 
 .text.trace_next.lto_priv.115
                0x00000000080021e0       0x38 /var/folders/_f/jzb7lsz153bclt069nvlpp5r0000gn/T//ccGAufxj.ltrans1.ltrans.o
                0x00000000080021e0                trace_next.lto_priv.115
 *fill*         0x0000000008002218        0x8 
 .text._trace_isr_leave
                0x0000000008002220       0x34 /var/folders/_f/jzb7lsz153bclt069nvlpp5r0000gn/T//ccGAufxj.ltrans1.ltrans.o
                0x0000000008002220                _trace_isr_leave
 *fill*         0x0000000008002254        0xc 
 .text._trace_isr_enter
                0x0000000008002260       0x34 /var/folders/_f/jzb7lsz153bclt069nvlpp5r0000gn/T//ccGAufxj.ltrans1.ltrans.o
                0x0000000008002260                _trace_isr_enter
 *fill*         0x0000000008002294        0xc 
 .text._trace_switch
                0x00000000080022a0       0x38 /var/folders/_f/jzb7lsz153bclt069nvlpp5r0000gn/T//ccGAufxj.ltrans1.ltrans.o
                0x00000000080022a0                _trace_switch
 *fill*         0x00000000080022d8        0x8 
 .text.chDbgCheckClassS
                0x00000000080022e0       0x20 /var/folders/_f/jzb7lsz153bclt069nvlpp5r0000gn/T//ccGAufxj.ltrans1.ltrans.o
                0x00000000080022e0                chDbgCheckClassS
 .text.chSchGoSleepS
                0x0000000008002300       0x50 /var/folders/_f/jzb7lsz153bclt069nvlpp5r0000gn/T//ccGAufxj.ltrans1.ltrans.o
 .text.chDbgCheckClassI
                0x0000000008002350       0x20 /var/folders/_f/jzb7lsz153bclt069nvlpp5r0000gn/T//ccGAufxj.ltrans1.ltrans.o
                0x0000000008002350                chDbgCheckClassI
 .text.chCoreAllocFromTopI
                0x0000000008002370       0x44 /var/folders/_f/jzb7lsz153bclt069nvlpp5r0000gn/T//ccGAufxj.ltrans1.ltrans.o
 *fill*         0x00000000080023b4        0xc 
 .text.chCoreAllocAlignedI.lto_priv.79
                0x00000000080023c0        0x8 /var/folders/_f/jzb7lsz153bclt069nvlpp5r0000gn/T//ccGAufxj.ltrans1.ltrans.o
                0x00000000080023c0                chCoreAllocAlignedI.lto_priv.79
 *fill*         0x00000000080023c8        0x8 
 .text.chSchGoSleepTimeoutS
                0x00000000080023d0      0x18c /var/folders/_f/jzb7lsz153bclt069nvlpp5r0000gn/T//ccGAufxj.ltrans1.ltrans.o
 *fill*         0x000000000800255c        0x4 
 .text.chThdEnqueueTimeoutS
                0x0000000008002560       0x28 /var/folders/_f/jzb7lsz153bclt069nvlpp5r0000gn/T//ccGAufxj.ltrans1.ltrans.o
                0x0000000008002560                chThdEnqueueTimeoutS
 *fill*         0x0000000008002588        0x8 
 .text.chSchReadyAheadI
                0x0000000008002590       0x44 /var/folders/_f/jzb7lsz153bclt069nvlpp5r0000gn/T//ccGAufxj.ltrans1.ltrans.o
                0x0000000008002590                chSchReadyAheadI
 *fill*         0x00000000080025d4        0xc 
 .text.chSchDoReschedule
                0x00000000080025e0       0x4c /var/folders/_f/jzb7lsz153bclt069nvlpp5r0000gn/T//ccGAufxj.ltrans1.ltrans.o
                0x00000000080025e0                chSchDoReschedule
 *fill*         0x000000000800262c        0x4 
 .text.chSchRescheduleS
                0x0000000008002630       0x5c /var/folders/_f/jzb7lsz153bclt069nvlpp5r0000gn/T//ccGAufxj.ltrans1.ltrans.o
                0x0000000008002630                chSchRescheduleS
 *fill*         0x000000000800268c        0x4 
 .text.chSchReadyI
                0x0000000008002690       0x44 /var/folders/_f/jzb7lsz153bclt069nvlpp5r0000gn/T//ccGAufxj.ltrans1.ltrans.o
                0x0000000008002690                chSchReadyI
 *fill*         0x00000000080026d4        0xc 
 .text.chEvtBroadcastFlagsI
                0x00000000080026e0       0x94 /var/folders/_f/jzb7lsz153bclt069nvlpp5r0000gn/T//ccGAufxj.ltrans1.ltrans.o
                0x00000000080026e0                chEvtBroadcastFlagsI
 *fill*         0x0000000008002774        0xc 
 .text.wakeup   0x0000000008002780       0x64 /var/folders/_f/jzb7lsz153bclt069nvlpp5r0000gn/T//ccGAufxj.ltrans1.ltrans.o
 *fill*         0x00000000080027e4        0xc 
 .text._dbg_check_leave_isr
                0x00000000080027f0       0x2c /var/folders/_f/jzb7lsz153bclt069nvlpp5r0000gn/T//ccGAufxj.ltrans1.ltrans.o
                0x00000000080027f0                _dbg_check_leave_isr
 *fill*         0x000000000800281c        0x4 
 .text.chThdExit
                0x0000000008002820       0x58 /var/folders/_f/jzb7lsz153bclt069nvlpp5r0000gn/T//ccGAufxj.ltrans1.ltrans.o
                0x0000000008002820                chThdExit
 *fill*         0x0000000008002878        0x8 
 .text.chPoolFree
                0x0000000008002880       0x5c /var/folders/_f/jzb7lsz153bclt069nvlpp5r0000gn/T//ccGAufxj.ltrans1.ltrans.o
                0x0000000008002880                chPoolFree
 *fill*         0x00000000080028dc        0x4 
 .text.chCoreAllocFromTop
                0x00000000080028e0       0x4c /var/folders/_f/jzb7lsz153bclt069nvlpp5r0000gn/T//ccGAufxj.ltrans1.ltrans.o
                0x00000000080028e0                chCoreAllocFromTop
 *fill*         0x000000000800292c        0x4 
 .text.chRegFindThreadByWorkingArea
                0x0000000008002930      0x40c /var/folders/_f/jzb7lsz153bclt069nvlpp5r0000gn/T//ccGAufxj.ltrans1.ltrans.o
                0x0000000008002930                chRegFindThreadByWorkingArea
 *fill*         0x0000000008002d3c        0x4 
 .text.chThdSleep
                0x0000000008002d40       0x50 /var/folders/_f/jzb7lsz153bclt069nvlpp5r0000gn/T//ccGAufxj.ltrans1.ltrans.o
                0x0000000008002d40                chThdSleep
 .text.eval_dec
                0x0000000008002d90       0x24 /var/folders/_f/jzb7lsz153bclt069nvlpp5r0000gn/T//ccGAufxj.ltrans2.ltrans.o
                0x0000000008002d90                eval_dec
 *fill*         0x0000000008002db4        0xc 
 .text.eval_not
                0x0000000008002dc0       0x28 /var/folders/_f/jzb7lsz153bclt069nvlpp5r0000gn/T//ccGAufxj.ltrans2.ltrans.o
                0x0000000008002dc0                eval_not
 *fill*         0x0000000008002de8        0x8 
 .text.eval_neg
                0x0000000008002df0       0x24 /var/folders/_f/jzb7lsz153bclt069nvlpp5r0000gn/T//ccGAufxj.ltrans2.ltrans.o
                0x0000000008002df0                eval_neg
 *fill*         0x0000000008002e14        0xc 
 .text.eval_abs
                0x0000000008002e20       0x2c /var/folders/_f/jzb7lsz153bclt069nvlpp5r0000gn/T//ccGAufxj.ltrans2.ltrans.o
                0x0000000008002e20                eval_abs
 *fill*         0x0000000008002e4c        0x4 
 .text.eval_goto
                0x0000000008002e50       0x14 /var/folders/_f/jzb7lsz153bclt069nvlpp5r0000gn/T//ccGAufxj.ltrans2.ltrans.o
                0x0000000008002e50                eval_goto
 *fill*         0x0000000008002e64        0xc 
 .text.eval_skip
                0x0000000008002e70        0x8 /var/folders/_f/jzb7lsz153bclt069nvlpp5r0000gn/T//ccGAufxj.ltrans2.ltrans.o
                0x0000000008002e70                eval_skip
 *fill*         0x0000000008002e78        0x8 
 .text.eval_clear
                0x0000000008002e80       0x1c /var/folders/_f/jzb7lsz153bclt069nvlpp5r0000gn/T//ccGAufxj.ltrans2.ltrans.o
                0x0000000008002e80                eval_clear
 *fill*         0x0000000008002e9c        0x4 
 .text.eval_loadb
                0x0000000008002ea0       0x28 /var/folders/_f/jzb7lsz153bclt069nvlpp5r0000gn/T//ccGAufxj.ltrans2.ltrans.o
                0x0000000008002ea0                eval_loadb
 *fill*         0x0000000008002ec8        0x8 
 .text.eval_loadi
                0x0000000008002ed0       0x48 /var/folders/_f/jzb7lsz153bclt069nvlpp5r0000gn/T//ccGAufxj.ltrans2.ltrans.o
                0x0000000008002ed0                eval_loadi
 *fill*         0x0000000008002f18        0x8 
 .text.eval_pack
                0x0000000008002f20       0x80 /var/folders/_f/jzb7lsz153bclt069nvlpp5r0000gn/T//ccGAufxj.ltrans2.ltrans.o
                0x0000000008002f20                eval_pack
 .text.eval_cur
                0x0000000008002fa0       0x80 /var/folders/_f/jzb7lsz153bclt069nvlpp5r0000gn/T//ccGAufxj.ltrans2.ltrans.o
                0x0000000008002fa0                eval_cur
 .text.eval_snoc
                0x0000000008003020       0x80 /var/folders/_f/jzb7lsz153bclt069nvlpp5r0000gn/T//ccGAufxj.ltrans2.ltrans.o
                0x0000000008003020                eval_snoc
 .text.eval_pop
                0x00000000080030a0       0x48 /var/folders/_f/jzb7lsz153bclt069nvlpp5r0000gn/T//ccGAufxj.ltrans2.ltrans.o
                0x00000000080030a0                eval_pop
 *fill*         0x00000000080030e8        0x8 
 .text.eval_eq_bool
                0x00000000080030f0       0x64 /var/folders/_f/jzb7lsz153bclt069nvlpp5r0000gn/T//ccGAufxj.ltrans2.ltrans.o
                0x00000000080030f0                eval_eq_bool
 *fill*         0x0000000008003154        0xc 
 .text.eval_eqf
                0x0000000008003160       0x74 /var/folders/_f/jzb7lsz153bclt069nvlpp5r0000gn/T//ccGAufxj.ltrans2.ltrans.o
                0x0000000008003160                eval_eqf
 *fill*         0x00000000080031d4        0xc 
 .text.eval_eq_signedi
                0x00000000080031e0       0x64 /var/folders/_f/jzb7lsz153bclt069nvlpp5r0000gn/T//ccGAufxj.ltrans2.ltrans.o
                0x00000000080031e0                eval_eq_signedi
 *fill*         0x0000000008003244        0xc 
 .text.eval_eq_unsignedi
                0x0000000008003250       0x64 /var/folders/_f/jzb7lsz153bclt069nvlpp5r0000gn/T//ccGAufxj.ltrans2.ltrans.o
                0x0000000008003250                eval_eq_unsignedi
 *fill*         0x00000000080032b4        0xc 
 .text.eval_lef
                0x00000000080032c0       0x74 /var/folders/_f/jzb7lsz153bclt069nvlpp5r0000gn/T//ccGAufxj.ltrans2.ltrans.o
                0x00000000080032c0                eval_lef
 *fill*         0x0000000008003334        0xc 
 .text.eval_gef
                0x0000000008003340       0x74 /var/folders/_f/jzb7lsz153bclt069nvlpp5r0000gn/T//ccGAufxj.ltrans2.ltrans.o
                0x0000000008003340                eval_gef
 *fill*         0x00000000080033b4        0xc 
 .text.eval_ltf
                0x00000000080033c0       0x74 /var/folders/_f/jzb7lsz153bclt069nvlpp5r0000gn/T//ccGAufxj.ltrans2.ltrans.o
                0x00000000080033c0                eval_ltf
 *fill*         0x0000000008003434        0xc 
 .text.eval_gtf
                0x0000000008003440       0x74 /var/folders/_f/jzb7lsz153bclt069nvlpp5r0000gn/T//ccGAufxj.ltrans2.ltrans.o
                0x0000000008003440                eval_gtf
 *fill*         0x00000000080034b4        0xc 
 .text.eval_le_signedi
                0x00000000080034c0       0x64 /var/folders/_f/jzb7lsz153bclt069nvlpp5r0000gn/T//ccGAufxj.ltrans2.ltrans.o
                0x00000000080034c0                eval_le_signedi
 *fill*         0x0000000008003524        0xc 
 .text.eval_ge_signedi
                0x0000000008003530       0x64 /var/folders/_f/jzb7lsz153bclt069nvlpp5r0000gn/T//ccGAufxj.ltrans2.ltrans.o
                0x0000000008003530                eval_ge_signedi
 *fill*         0x0000000008003594        0xc 
 .text.eval_lt_signedi
                0x00000000080035a0       0x64 /var/folders/_f/jzb7lsz153bclt069nvlpp5r0000gn/T//ccGAufxj.ltrans2.ltrans.o
                0x00000000080035a0                eval_lt_signedi
 *fill*         0x0000000008003604        0xc 
 .text.eval_gt_signedi
                0x0000000008003610       0x64 /var/folders/_f/jzb7lsz153bclt069nvlpp5r0000gn/T//ccGAufxj.ltrans2.ltrans.o
                0x0000000008003610                eval_gt_signedi
 *fill*         0x0000000008003674        0xc 
 .text.eval_le_unsignedi
                0x0000000008003680       0x64 /var/folders/_f/jzb7lsz153bclt069nvlpp5r0000gn/T//ccGAufxj.ltrans2.ltrans.o
                0x0000000008003680                eval_le_unsignedi
 *fill*         0x00000000080036e4        0xc 
 .text.eval_ge_unsignedi
                0x00000000080036f0       0x64 /var/folders/_f/jzb7lsz153bclt069nvlpp5r0000gn/T//ccGAufxj.ltrans2.ltrans.o
                0x00000000080036f0                eval_ge_unsignedi
 *fill*         0x0000000008003754        0xc 
 .text.eval_lt_unsignedi
                0x0000000008003760       0x64 /var/folders/_f/jzb7lsz153bclt069nvlpp5r0000gn/T//ccGAufxj.ltrans2.ltrans.o
                0x0000000008003760                eval_lt_unsignedi
 *fill*         0x00000000080037c4        0xc 
 .text.eval_gt_unsignedi
                0x00000000080037d0       0x64 /var/folders/_f/jzb7lsz153bclt069nvlpp5r0000gn/T//ccGAufxj.ltrans2.ltrans.o
                0x00000000080037d0                eval_gt_unsignedi
 *fill*         0x0000000008003834        0xc 
 .text.eval_minf
                0x0000000008003840       0x68 /var/folders/_f/jzb7lsz153bclt069nvlpp5r0000gn/T//ccGAufxj.ltrans2.ltrans.o
                0x0000000008003840                eval_minf
 *fill*         0x00000000080038a8        0x8 
 .text.eval_mulf
                0x00000000080038b0       0x68 /var/folders/_f/jzb7lsz153bclt069nvlpp5r0000gn/T//ccGAufxj.ltrans2.ltrans.o
                0x00000000080038b0                eval_mulf
 *fill*         0x0000000008003918        0x8 
 .text.eval_addf
                0x0000000008003920       0x68 /var/folders/_f/jzb7lsz153bclt069nvlpp5r0000gn/T//ccGAufxj.ltrans2.ltrans.o
                0x0000000008003920                eval_addf
 *fill*         0x0000000008003988        0x8 
 .text.eval_min_signedi
                0x0000000008003990       0x5c /var/folders/_f/jzb7lsz153bclt069nvlpp5r0000gn/T//ccGAufxj.ltrans2.ltrans.o
                0x0000000008003990                eval_min_signedi
 *fill*         0x00000000080039ec        0x4 
 .text.eval_mul_signedi
                0x00000000080039f0       0x60 /var/folders/_f/jzb7lsz153bclt069nvlpp5r0000gn/T//ccGAufxj.ltrans2.ltrans.o
                0x00000000080039f0                eval_mul_signedi
 .text.eval_add_signedi
                0x0000000008003a50       0x5c /var/folders/_f/jzb7lsz153bclt069nvlpp5r0000gn/T//ccGAufxj.ltrans2.ltrans.o
                0x0000000008003a50                eval_add_signedi
 *fill*         0x0000000008003aac        0x4 
 .text.eval_min_unsignedi
                0x0000000008003ab0       0x5c /var/folders/_f/jzb7lsz153bclt069nvlpp5r0000gn/T//ccGAufxj.ltrans2.ltrans.o
                0x0000000008003ab0                eval_min_unsignedi
 *fill*         0x0000000008003b0c        0x4 
 .text.eval_mul_unsignedi
                0x0000000008003b10       0x60 /var/folders/_f/jzb7lsz153bclt069nvlpp5r0000gn/T//ccGAufxj.ltrans2.ltrans.o
                0x0000000008003b10                eval_mul_unsignedi
 .text.eval_add_unsignedi
                0x0000000008003b70       0x5c /var/folders/_f/jzb7lsz153bclt069nvlpp5r0000gn/T//ccGAufxj.ltrans2.ltrans.o
                0x0000000008003b70                eval_add_unsignedi
 *fill*         0x0000000008003bcc        0x4 
 .text.eval_gotofalse
                0x0000000008003bd0       0x74 /var/folders/_f/jzb7lsz153bclt069nvlpp5r0000gn/T//ccGAufxj.ltrans2.ltrans.o
                0x0000000008003bd0                eval_gotofalse
 *fill*         0x0000000008003c44        0xc 
 .text.eval_return
                0x0000000008003c50       0x38 /var/folders/_f/jzb7lsz153bclt069nvlpp5r0000gn/T//ccGAufxj.ltrans2.ltrans.o
                0x0000000008003c50                eval_return
 *fill*         0x0000000008003c88        0x8 
 .text.eval_cons
                0x0000000008003c90       0x88 /var/folders/_f/jzb7lsz153bclt069nvlpp5r0000gn/T//ccGAufxj.ltrans2.ltrans.o
                0x0000000008003c90                eval_cons
 *fill*         0x0000000008003d18        0x8 
 .text.eval_move
                0x0000000008003d20       0x5c /var/folders/_f/jzb7lsz153bclt069nvlpp5r0000gn/T//ccGAufxj.ltrans2.ltrans.o
                0x0000000008003d20                eval_move
 *fill*         0x0000000008003d7c        0x4 
 .text.eval_call
                0x0000000008003d80       0x48 /var/folders/_f/jzb7lsz153bclt069nvlpp5r0000gn/T//ccGAufxj.ltrans2.ltrans.o
                0x0000000008003d80                eval_call
 *fill*         0x0000000008003dc8        0x8 
 .text.eval_swap
                0x0000000008003dd0       0x80 /var/folders/_f/jzb7lsz153bclt069nvlpp5r0000gn/T//ccGAufxj.ltrans2.ltrans.o
                0x0000000008003dd0                eval_swap
 .text.eval_push
                0x0000000008003e50       0x48 /var/folders/_f/jzb7lsz153bclt069nvlpp5r0000gn/T//ccGAufxj.ltrans2.ltrans.o
                0x0000000008003e50                eval_push
 *fill*         0x0000000008003e98        0x8 
 .text.eval_switch
                0x0000000008003ea0       0xe0 /var/folders/_f/jzb7lsz153bclt069nvlpp5r0000gn/T//ccGAufxj.ltrans2.ltrans.o
                0x0000000008003ea0                eval_switch
 .text.eval_app
                0x0000000008003f80      0x11c /var/folders/_f/jzb7lsz153bclt069nvlpp5r0000gn/T//ccGAufxj.ltrans2.ltrans.o
                0x0000000008003f80                eval_app
 *fill*         0x000000000800409c        0x4 
 .text.eval_rest
                0x00000000080040a0       0x5c /var/folders/_f/jzb7lsz153bclt069nvlpp5r0000gn/T//ccGAufxj.ltrans2.ltrans.o
                0x00000000080040a0                eval_rest
 *fill*         0x00000000080040fc        0x4 
 .text.eval_acc
                0x0000000008004100       0x90 /var/folders/_f/jzb7lsz153bclt069nvlpp5r0000gn/T//ccGAufxj.ltrans2.ltrans.o
                0x0000000008004100                eval_acc
 .text.eval_stop
                0x0000000008004190       0x38 /var/folders/_f/jzb7lsz153bclt069nvlpp5r0000gn/T//ccGAufxj.ltrans2.ltrans.o
                0x0000000008004190                eval_stop
 *fill*         0x00000000080041c8        0x8 
 .text.eval_gotoifalse
                0x00000000080041d0       0x30 /var/folders/_f/jzb7lsz153bclt069nvlpp5r0000gn/T//ccGAufxj.ltrans3.ltrans.o
                0x00000000080041d0                eval_gotoifalse
 .text.eval_switchi
                0x0000000008004200       0xa0 /var/folders/_f/jzb7lsz153bclt069nvlpp5r0000gn/T//ccGAufxj.ltrans3.ltrans.o
                0x0000000008004200                eval_switchi
 .text.eval_comb
                0x00000000080042a0       0x70 /var/folders/_f/jzb7lsz153bclt069nvlpp5r0000gn/T//ccGAufxj.ltrans3.ltrans.o
                0x00000000080042a0                eval_comb
 .text.eval_callrts
                0x0000000008004310      0xa38 /var/folders/_f/jzb7lsz153bclt069nvlpp5r0000gn/T//ccGAufxj.ltrans3.ltrans.o
                0x0000000008004310                eval_callrts
 *fill*         0x0000000008004d48        0x8 
 .text._idle_thread.lto_priv.92
                0x0000000008004d50        0x4 /var/folders/_f/jzb7lsz153bclt069nvlpp5r0000gn/T//ccGAufxj.ltrans4.ltrans.o
                0x0000000008004d50                _idle_thread.lto_priv.92
 *fill*         0x0000000008004d54        0xc 
 .text.chSysPolledDelayX
                0x0000000008004d60       0x14 /var/folders/_f/jzb7lsz153bclt069nvlpp5r0000gn/T//ccGAufxj.ltrans4.ltrans.o
                0x0000000008004d60                chSysPolledDelayX
 *fill*         0x0000000008004d74        0xc 
 .text.chSysHalt
                0x0000000008004d80       0x34 /var/folders/_f/jzb7lsz153bclt069nvlpp5r0000gn/T//ccGAufxj.ltrans4.ltrans.o
                0x0000000008004d80                chSysHalt
 *fill*         0x0000000008004db4        0xc 
 .text._dbg_check_enter_isr
                0x0000000008004dc0       0x2c /var/folders/_f/jzb7lsz153bclt069nvlpp5r0000gn/T//ccGAufxj.ltrans4.ltrans.o
                0x0000000008004dc0                _dbg_check_enter_isr
 *fill*         0x0000000008004dec        0x4 
 .text._dbg_check_unlock_from_isr
                0x0000000008004df0       0x24 /var/folders/_f/jzb7lsz153bclt069nvlpp5r0000gn/T//ccGAufxj.ltrans4.ltrans.o
                0x0000000008004df0                _dbg_check_unlock_from_isr
 *fill*         0x0000000008004e14        0xc 
 .text._dbg_check_lock_from_isr
                0x0000000008004e20       0x24 /var/folders/_f/jzb7lsz153bclt069nvlpp5r0000gn/T//ccGAufxj.ltrans4.ltrans.o
                0x0000000008004e20                _dbg_check_lock_from_isr
 *fill*         0x0000000008004e44        0xc 
 .text._dbg_check_unlock
                0x0000000008004e50       0x20 /var/folders/_f/jzb7lsz153bclt069nvlpp5r0000gn/T//ccGAufxj.ltrans4.ltrans.o
                0x0000000008004e50                _dbg_check_unlock
 .text._dbg_check_lock
                0x0000000008004e70       0x20 /var/folders/_f/jzb7lsz153bclt069nvlpp5r0000gn/T//ccGAufxj.ltrans4.ltrans.o
                0x0000000008004e70                _dbg_check_lock
 .text.otg_txfifo_handler
                0x0000000008004e90       0xa4 /var/folders/_f/jzb7lsz153bclt069nvlpp5r0000gn/T//ccGAufxj.ltrans4.ltrans.o
 *fill*         0x0000000008004f34        0xc 
 .text.__early_init
                0x0000000008004f40      0x2d8 /var/folders/_f/jzb7lsz153bclt069nvlpp5r0000gn/T//ccGAufxj.ltrans4.ltrans.o
                0x0000000008004f40                __early_init
 *fill*         0x0000000008005218        0x8 
 .text.VectorB0
                0x0000000008005220      0x108 /var/folders/_f/jzb7lsz153bclt069nvlpp5r0000gn/T//ccGAufxj.ltrans4.ltrans.o
                0x0000000008005220                VectorB0
 *fill*         0x0000000008005328        0x8 
 .text.usb_lld_start_in
                0x0000000008005330       0xac /var/folders/_f/jzb7lsz153bclt069nvlpp5r0000gn/T//ccGAufxj.ltrans4.ltrans.o
                0x0000000008005330                usb_lld_start_in
 *fill*         0x00000000080053dc        0x4 
 .text.otg_epin_handler
                0x00000000080053e0       0x9c /var/folders/_f/jzb7lsz153bclt069nvlpp5r0000gn/T//ccGAufxj.ltrans4.ltrans.o
 *fill*         0x000000000800547c        0x4 
 .text.usb_lld_start_out
                0x0000000008005480       0x84 /var/folders/_f/jzb7lsz153bclt069nvlpp5r0000gn/T//ccGAufxj.ltrans4.ltrans.o
                0x0000000008005480                usb_lld_start_out
 *fill*         0x0000000008005504        0xc 
 .text.otg_epout_handler
                0x0000000008005510       0xa0 /var/folders/_f/jzb7lsz153bclt069nvlpp5r0000gn/T//ccGAufxj.ltrans4.ltrans.o
 .text.usb_lld_serve_interrupt
                0x00000000080055b0      0x4a4 /var/folders/_f/jzb7lsz153bclt069nvlpp5r0000gn/T//ccGAufxj.ltrans4.ltrans.o
 *fill*         0x0000000008005a54        0xc 
 .text.Vector174
                0x0000000008005a60       0x30 /var/folders/_f/jzb7lsz153bclt069nvlpp5r0000gn/T//ccGAufxj.ltrans4.ltrans.o
                0x0000000008005a60                Vector174
 .text.Vector14C
                0x0000000008005a90       0x30 /var/folders/_f/jzb7lsz153bclt069nvlpp5r0000gn/T//ccGAufxj.ltrans4.ltrans.o
                0x0000000008005a90                Vector14C
 .text.Vector158
                0x0000000008005ac0       0x44 /var/folders/_f/jzb7lsz153bclt069nvlpp5r0000gn/T//ccGAufxj.ltrans4.ltrans.o
                0x0000000008005ac0                Vector158
 *fill*         0x0000000008005b04        0xc 
 .text.Vector154
                0x0000000008005b10       0x44 /var/folders/_f/jzb7lsz153bclt069nvlpp5r0000gn/T//ccGAufxj.ltrans4.ltrans.o
                0x0000000008005b10                Vector154
 *fill*         0x0000000008005b54        0xc 
 .text.Vector150
                0x0000000008005b60       0x44 /var/folders/_f/jzb7lsz153bclt069nvlpp5r0000gn/T//ccGAufxj.ltrans4.ltrans.o
                0x0000000008005b60                Vector150
 *fill*         0x0000000008005ba4        0xc 
 .text.Vector130
                0x0000000008005bb0       0x40 /var/folders/_f/jzb7lsz153bclt069nvlpp5r0000gn/T//ccGAufxj.ltrans4.ltrans.o
                0x0000000008005bb0                Vector130
 .text.Vector12C
                0x0000000008005bf0       0x44 /var/folders/_f/jzb7lsz153bclt069nvlpp5r0000gn/T//ccGAufxj.ltrans4.ltrans.o
                0x0000000008005bf0                Vector12C
 *fill*         0x0000000008005c34        0xc 
 .text.Vector128
                0x0000000008005c40       0x44 /var/folders/_f/jzb7lsz153bclt069nvlpp5r0000gn/T//ccGAufxj.ltrans4.ltrans.o
                0x0000000008005c40                Vector128
 *fill*         0x0000000008005c84        0xc 
 .text.get_descriptor.lto_priv.81
                0x0000000008005c90       0x30 /var/folders/_f/jzb7lsz153bclt069nvlpp5r0000gn/T//ccGAufxj.ltrans5.ltrans.o
                0x0000000008005c90                get_descriptor.lto_priv.81
 .text.ll_dac_read.lto_priv.73
                0x0000000008005cc0       0x28 /var/folders/_f/jzb7lsz153bclt069nvlpp5r0000gn/T//ccGAufxj.ltrans5.ltrans.o
                0x0000000008005cc0                ll_dac_read.lto_priv.73
 *fill*         0x0000000008005ce8        0x8 
 .text.ll_dac_data_writeable.lto_priv.76
                0x0000000008005cf0        0x4 /var/folders/_f/jzb7lsz153bclt069nvlpp5r0000gn/T//ccGAufxj.ltrans5.ltrans.o
                0x0000000008005cf0                ll_dac_data_writeable.lto_priv.76
 *fill*         0x0000000008005cf4        0xc 
 .text.ll_dac_data_available.lto_priv.75
                0x0000000008005d00        0x4 /var/folders/_f/jzb7lsz153bclt069nvlpp5r0000gn/T//ccGAufxj.ltrans5.ltrans.o
                0x0000000008005d00                ll_dac_data_available.lto_priv.75
 *fill*         0x0000000008005d04        0xc 
 .text.ll_dac_control.lto_priv.72
                0x0000000008005d10        0x4 /var/folders/_f/jzb7lsz153bclt069nvlpp5r0000gn/T//ccGAufxj.ltrans5.ltrans.o
                0x0000000008005d10                ll_dac_control.lto_priv.72
 *fill*         0x0000000008005d14        0xc 
 .text.print_it
                0x0000000008005d20       0x3c /var/folders/_f/jzb7lsz153bclt069nvlpp5r0000gn/T//ccGAufxj.ltrans5.ltrans.o
                0x0000000008005d20                print_it
 *fill*         0x0000000008005d5c        0x4 
 .text.send_message.lto_priv.71
                0x0000000008005d60       0xc4 /var/folders/_f/jzb7lsz153bclt069nvlpp5r0000gn/T//ccGAufxj.ltrans5.ltrans.o
                0x0000000008005d60                send_message.lto_priv.71
 *fill*         0x0000000008005e24        0xc 
 .text.dbg_print
                0x0000000008005e30       0x24 /var/folders/_f/jzb7lsz153bclt069nvlpp5r0000gn/T//ccGAufxj.ltrans5.ltrans.o
 *fill*         0x0000000008005e54        0xc 
 .text.sof_handler.lto_priv.82
                0x0000000008005e60       0xa8 /var/folders/_f/jzb7lsz153bclt069nvlpp5r0000gn/T//ccGAufxj.ltrans5.ltrans.o
                0x0000000008005e60                sof_handler.lto_priv.82
 *fill*         0x0000000008005f08        0x8 
 .text.usb_event.lto_priv.80
                0x0000000008005f10      0x104 /var/folders/_f/jzb7lsz153bclt069nvlpp5r0000gn/T//ccGAufxj.ltrans5.ltrans.o
                0x0000000008005f10                usb_event.lto_priv.80
 *fill*         0x0000000008006014        0xc 
 .text.ll_dac_write.lto_priv.74
                0x0000000008006020       0x30 /var/folders/_f/jzb7lsz153bclt069nvlpp5r0000gn/T//ccGAufxj.ltrans5.ltrans.o
                0x0000000008006020                ll_dac_write.lto_priv.74
 .text.Vector108
                0x0000000008006050       0xe4 /var/folders/_f/jzb7lsz153bclt069nvlpp5r0000gn/T//ccGAufxj.ltrans5.ltrans.o
                0x0000000008006050                Vector108
 *fill*         0x0000000008006134        0xc 
 .text.pq_extractMin
                0x0000000008006140      0x180 /var/folders/_f/jzb7lsz153bclt069nvlpp5r0000gn/T//ccGAufxj.ltrans5.ltrans.o
                0x0000000008006140                pq_extractMin
 .text.sys_time_set_wake_up
                0x00000000080062c0       0x90 /var/folders/_f/jzb7lsz153bclt069nvlpp5r0000gn/T//ccGAufxj.ltrans5.ltrans.o
                0x00000000080062c0                sys_time_set_wake_up
 .text.sys_time_get_current_ticks
                0x0000000008006350       0x50 /var/folders/_f/jzb7lsz153bclt069nvlpp5r0000gn/T//ccGAufxj.ltrans5.ltrans.o
                0x0000000008006350                sys_time_get_current_ticks
 .text.chibios_container_thread.lto_priv.63
                0x00000000080063a0      0x43c /var/folders/_f/jzb7lsz153bclt069nvlpp5r0000gn/T//ccGAufxj.ltrans5.ltrans.o
                0x00000000080063a0                chibios_container_thread.lto_priv.63
 *fill*         0x00000000080067dc        0x4 
 .text.Vector124
                0x00000000080067e0       0x44 /var/folders/_f/jzb7lsz153bclt069nvlpp5r0000gn/T//ccGAufxj.ltrans6.ltrans.o
                0x00000000080067e0                Vector124
 *fill*         0x0000000008006824        0xc 
 .text.Vector120
                0x0000000008006830       0x40 /var/folders/_f/jzb7lsz153bclt069nvlpp5r0000gn/T//ccGAufxj.ltrans6.ltrans.o
                0x0000000008006830                Vector120
 .text.VectorFC
                0x0000000008006870       0x44 /var/folders/_f/jzb7lsz153bclt069nvlpp5r0000gn/T//ccGAufxj.ltrans6.ltrans.o
                0x0000000008006870                VectorFC
 *fill*         0x00000000080068b4        0xc 
 .text.Vector84
                0x00000000080068c0       0x44 /var/folders/_f/jzb7lsz153bclt069nvlpp5r0000gn/T//ccGAufxj.ltrans6.ltrans.o
                0x00000000080068c0                Vector84
 *fill*         0x0000000008006904        0xc 
 .text.Vector80
                0x0000000008006910       0x44 /var/folders/_f/jzb7lsz153bclt069nvlpp5r0000gn/T//ccGAufxj.ltrans6.ltrans.o
                0x0000000008006910                Vector80
 *fill*         0x0000000008006954        0xc 
 .text.Vector7C
                0x0000000008006960       0x40 /var/folders/_f/jzb7lsz153bclt069nvlpp5r0000gn/T//ccGAufxj.ltrans6.ltrans.o
                0x0000000008006960                Vector7C
 .text.Vector78
                0x00000000080069a0       0x44 /var/folders/_f/jzb7lsz153bclt069nvlpp5r0000gn/T//ccGAufxj.ltrans6.ltrans.o
                0x00000000080069a0                Vector78
 *fill*         0x00000000080069e4        0xc 
 .text.Vector74
                0x00000000080069f0       0x44 /var/folders/_f/jzb7lsz153bclt069nvlpp5r0000gn/T//ccGAufxj.ltrans6.ltrans.o
                0x00000000080069f0                Vector74
 *fill*         0x0000000008006a34        0xc 
 .text.Vector70
                0x0000000008006a40       0x44 /var/folders/_f/jzb7lsz153bclt069nvlpp5r0000gn/T//ccGAufxj.ltrans6.ltrans.o
                0x0000000008006a40                Vector70
 *fill*         0x0000000008006a84        0xc 
 .text.Vector6C
                0x0000000008006a90       0x40 /var/folders/_f/jzb7lsz153bclt069nvlpp5r0000gn/T//ccGAufxj.ltrans6.ltrans.o
                0x0000000008006a90                Vector6C
 .text.VectorE0
                0x0000000008006ad0       0x8c /var/folders/_f/jzb7lsz153bclt069nvlpp5r0000gn/T//ccGAufxj.ltrans6.ltrans.o
                0x0000000008006ad0                VectorE0
 *fill*         0x0000000008006b5c        0x4 
 .text.Vector9C
                0x0000000008006b60       0x80 /var/folders/_f/jzb7lsz153bclt069nvlpp5r0000gn/T//ccGAufxj.ltrans6.ltrans.o
                0x0000000008006b60                Vector9C
 .text.Vector68
                0x0000000008006be0       0x44 /var/folders/_f/jzb7lsz153bclt069nvlpp5r0000gn/T//ccGAufxj.ltrans6.ltrans.o
                0x0000000008006be0                Vector68
 *fill*         0x0000000008006c24        0xc 
 .text.Vector64
                0x0000000008006c30       0x44 /var/folders/_f/jzb7lsz153bclt069nvlpp5r0000gn/T//ccGAufxj.ltrans6.ltrans.o
                0x0000000008006c30                Vector64
 *fill*         0x0000000008006c74        0xc 
 .text.Vector60
                0x0000000008006c80       0x44 /var/folders/_f/jzb7lsz153bclt069nvlpp5r0000gn/T//ccGAufxj.ltrans6.ltrans.o
                0x0000000008006c80                Vector60
 *fill*         0x0000000008006cc4        0xc 
 .text.Vector5C
                0x0000000008006cd0       0x44 /var/folders/_f/jzb7lsz153bclt069nvlpp5r0000gn/T//ccGAufxj.ltrans6.ltrans.o
                0x0000000008006cd0                Vector5C
 *fill*         0x0000000008006d14        0xc 
 .text.Vector58
                0x0000000008006d20       0x44 /var/folders/_f/jzb7lsz153bclt069nvlpp5r0000gn/T//ccGAufxj.ltrans6.ltrans.o
                0x0000000008006d20                Vector58
 *fill*         0x0000000008006d64        0xc 
 .text.usbStartTransmitI
                0x0000000008006d70       0x50 /var/folders/_f/jzb7lsz153bclt069nvlpp5r0000gn/T//ccGAufxj.ltrans6.ltrans.o
                0x0000000008006d70                usbStartTransmitI
 .text._usb_ep0out
                0x0000000008006dc0       0x9c /var/folders/_f/jzb7lsz153bclt069nvlpp5r0000gn/T//ccGAufxj.ltrans6.ltrans.o
                0x0000000008006dc0                _usb_ep0out
 *fill*         0x0000000008006e5c        0x4 
 .text.usbStartReceiveI
                0x0000000008006e60       0x50 /var/folders/_f/jzb7lsz153bclt069nvlpp5r0000gn/T//ccGAufxj.ltrans6.ltrans.o
                0x0000000008006e60                usbStartReceiveI
 .text._usb_ep0in
                0x0000000008006eb0       0xd8 /var/folders/_f/jzb7lsz153bclt069nvlpp5r0000gn/T//ccGAufxj.ltrans6.ltrans.o
                0x0000000008006eb0                _usb_ep0in
 *fill*         0x0000000008006f88        0x8 
 .text._usb_ep0setup
                0x0000000008006f90      0x41c /var/folders/_f/jzb7lsz153bclt069nvlpp5r0000gn/T//ccGAufxj.ltrans6.ltrans.o
                0x0000000008006f90                _usb_ep0setup
 *fill*         0x00000000080073ac        0x4 
 .text.sduInterruptTransmitted
                0x00000000080073b0        0x4 /var/folders/_f/jzb7lsz153bclt069nvlpp5r0000gn/T//ccGAufxj.ltrans7.ltrans.o
                0x00000000080073b0                sduInterruptTransmitted
 *fill*         0x00000000080073b4        0xc 
 .text.sduRequestsHook
                0x00000000080073c0       0x40 /var/folders/_f/jzb7lsz153bclt069nvlpp5r0000gn/T//ccGAufxj.ltrans7.ltrans.o
                0x00000000080073c0                sduRequestsHook
 .text._ctl.lto_priv.91
                0x0000000008007400       0x1c /var/folders/_f/jzb7lsz153bclt069nvlpp5r0000gn/T//ccGAufxj.ltrans7.ltrans.o
                0x0000000008007400                _ctl.lto_priv.91
 *fill*         0x000000000800741c        0x4 
 .text.obqPostFullBufferS
                0x0000000008007420       0x50 /var/folders/_f/jzb7lsz153bclt069nvlpp5r0000gn/T//ccGAufxj.ltrans7.ltrans.o
 .text.ibqReleaseEmptyBufferS
                0x0000000008007470       0x40 /var/folders/_f/jzb7lsz153bclt069nvlpp5r0000gn/T//ccGAufxj.ltrans7.ltrans.o
 .text.obqGetEmptyBufferTimeoutS
                0x00000000080074b0       0x48 /var/folders/_f/jzb7lsz153bclt069nvlpp5r0000gn/T//ccGAufxj.ltrans7.ltrans.o
 *fill*         0x00000000080074f8        0x8 
 .text.ibqGetFullBufferTimeoutS
                0x0000000008007500       0x48 /var/folders/_f/jzb7lsz153bclt069nvlpp5r0000gn/T//ccGAufxj.ltrans7.ltrans.o
 *fill*         0x0000000008007548        0x8 
 .text.usbInitEndpointI
                0x0000000008007550      0x1ac /var/folders/_f/jzb7lsz153bclt069nvlpp5r0000gn/T//ccGAufxj.ltrans7.ltrans.o
                0x0000000008007550                usbInitEndpointI
 *fill*         0x00000000080076fc        0x4 
 .text.sdu_start_receive.lto_priv.102
                0x0000000008007700       0x50 /var/folders/_f/jzb7lsz153bclt069nvlpp5r0000gn/T//ccGAufxj.ltrans7.ltrans.o
                0x0000000008007700                sdu_start_receive.lto_priv.102
 .text.sduDataReceived
                0x0000000008007750       0x8c /var/folders/_f/jzb7lsz153bclt069nvlpp5r0000gn/T//ccGAufxj.ltrans7.ltrans.o
                0x0000000008007750                sduDataReceived
 *fill*         0x00000000080077dc        0x4 
 .text.ibnotify.lto_priv.77
                0x00000000080077e0        0x8 /var/folders/_f/jzb7lsz153bclt069nvlpp5r0000gn/T//ccGAufxj.ltrans7.ltrans.o
                0x00000000080077e0                ibnotify.lto_priv.77
 *fill*         0x00000000080077e8        0x8 
 .text.obqGetFullBufferI
                0x00000000080077f0       0x28 /var/folders/_f/jzb7lsz153bclt069nvlpp5r0000gn/T//ccGAufxj.ltrans7.ltrans.o
                0x00000000080077f0                obqGetFullBufferI
 *fill*         0x0000000008007818        0x8 
 .text.sduDataTransmitted
                0x0000000008007820       0xbc /var/folders/_f/jzb7lsz153bclt069nvlpp5r0000gn/T//ccGAufxj.ltrans7.ltrans.o
                0x0000000008007820                sduDataTransmitted
 *fill*         0x00000000080078dc        0x4 
 .text.obnotify.lto_priv.78
                0x00000000080078e0       0x50 /var/folders/_f/jzb7lsz153bclt069nvlpp5r0000gn/T//ccGAufxj.ltrans7.ltrans.o
                0x00000000080078e0                obnotify.lto_priv.78
 .text.stSetAlarm
                0x0000000008007930       0x1c /var/folders/_f/jzb7lsz153bclt069nvlpp5r0000gn/T//ccGAufxj.ltrans7.ltrans.o
                0x0000000008007930                stSetAlarm
 *fill*         0x000000000800794c        0x4 
 .text.__init_ram_areas
                0x0000000008007950       0x4c /var/folders/_f/jzb7lsz153bclt069nvlpp5r0000gn/T//ccGAufxj.ltrans7.ltrans.o
                0x0000000008007950                __init_ram_areas
 *fill*         0x000000000800799c        0x4 
 .text.__default_exit
                0x00000000080079a0        0x4 /var/folders/_f/jzb7lsz153bclt069nvlpp5r0000gn/T//ccGAufxj.ltrans7.ltrans.o
                0x00000000080079a0                __default_exit
 *fill*         0x00000000080079a4        0xc 
 .text.__late_init
                0x00000000080079b0        0x4 /var/folders/_f/jzb7lsz153bclt069nvlpp5r0000gn/T//ccGAufxj.ltrans7.ltrans.o
                0x00000000080079b0                __late_init
 *fill*         0x00000000080079b4        0xc 
 .text.__core_init
                0x00000000080079c0        0x4 /var/folders/_f/jzb7lsz153bclt069nvlpp5r0000gn/T//ccGAufxj.ltrans7.ltrans.o
                0x00000000080079c0                __core_init
 *fill*         0x00000000080079c4        0xc 
 .text.obqWriteTimeout
                0x00000000080079d0      0x12c /var/folders/_f/jzb7lsz153bclt069nvlpp5r0000gn/T//ccGAufxj.ltrans7.ltrans.o
 *fill*         0x0000000008007afc        0x4 
 .text._writet.lto_priv.89
                0x0000000008007b00        0x8 /var/folders/_f/jzb7lsz153bclt069nvlpp5r0000gn/T//ccGAufxj.ltrans7.ltrans.o
                0x0000000008007b00                _writet.lto_priv.89
 *fill*         0x0000000008007b08        0x8 
 .text._write.lto_priv.83
                0x0000000008007b10        0xc /var/folders/_f/jzb7lsz153bclt069nvlpp5r0000gn/T//ccGAufxj.ltrans7.ltrans.o
                0x0000000008007b10                _write.lto_priv.83
 *fill*         0x0000000008007b1c        0x4 
 .text.obqPutTimeout
                0x0000000008007b20       0x90 /var/folders/_f/jzb7lsz153bclt069nvlpp5r0000gn/T//ccGAufxj.ltrans7.ltrans.o
 .text._putt.lto_priv.87
                0x0000000008007bb0        0x8 /var/folders/_f/jzb7lsz153bclt069nvlpp5r0000gn/T//ccGAufxj.ltrans7.ltrans.o
                0x0000000008007bb0                _putt.lto_priv.87
 *fill*         0x0000000008007bb8        0x8 
 .text._put.lto_priv.85
                0x0000000008007bc0        0xc /var/folders/_f/jzb7lsz153bclt069nvlpp5r0000gn/T//ccGAufxj.ltrans7.ltrans.o
                0x0000000008007bc0                _put.lto_priv.85
 *fill*         0x0000000008007bcc        0x4 
 .text.ibqReadTimeout
                0x0000000008007bd0      0x11c /var/folders/_f/jzb7lsz153bclt069nvlpp5r0000gn/T//ccGAufxj.ltrans7.ltrans.o
 *fill*         0x0000000008007cec        0x4 
 .text._readt.lto_priv.90
                0x0000000008007cf0        0x8 /var/folders/_f/jzb7lsz153bclt069nvlpp5r0000gn/T//ccGAufxj.ltrans7.ltrans.o
                0x0000000008007cf0                _readt.lto_priv.90
 *fill*         0x0000000008007cf8        0x8 
 .text._read.lto_priv.84
                0x0000000008007d00        0xc /var/folders/_f/jzb7lsz153bclt069nvlpp5r0000gn/T//ccGAufxj.ltrans7.ltrans.o
                0x0000000008007d00                _read.lto_priv.84
 *fill*         0x0000000008007d0c        0x4 
 .text.ibqGetTimeout
                0x0000000008007d10       0x8c /var/folders/_f/jzb7lsz153bclt069nvlpp5r0000gn/T//ccGAufxj.ltrans7.ltrans.o
 *fill*         0x0000000008007d9c        0x4 
 .text._gett.lto_priv.88
                0x0000000008007da0        0x8 /var/folders/_f/jzb7lsz153bclt069nvlpp5r0000gn/T//ccGAufxj.ltrans7.ltrans.o
                0x0000000008007da0                _gett.lto_priv.88
 *fill*         0x0000000008007da8        0x8 
 .text._get.lto_priv.86
                0x0000000008007db0        0xc /var/folders/_f/jzb7lsz153bclt069nvlpp5r0000gn/T//ccGAufxj.ltrans7.ltrans.o
                0x0000000008007db0                _get.lto_priv.86
 *fill*         0x0000000008007dbc        0x4 
 .text.long_to_string_with_divisor.constprop.37
                0x0000000008007dc0       0x44 /var/folders/_f/jzb7lsz153bclt069nvlpp5r0000gn/T//ccGAufxj.ltrans8.ltrans.o
 *fill*         0x0000000008007e04        0xc 
 .text.chThdDequeueAllI.constprop.57
                0x0000000008007e10       0x48 /var/folders/_f/jzb7lsz153bclt069nvlpp5r0000gn/T//ccGAufxj.ltrans8.ltrans.o
                0x0000000008007e10                chThdDequeueAllI.constprop.57
 *fill*         0x0000000008007e58        0x8 
 .text.chThdDequeueNextI.constprop.55
                0x0000000008007e60       0x30 /var/folders/_f/jzb7lsz153bclt069nvlpp5r0000gn/T//ccGAufxj.ltrans8.ltrans.o
                0x0000000008007e60                chThdDequeueNextI.constprop.55
 .text.dac_lld_put_channel.constprop.51
                0x0000000008007e90       0x44 /var/folders/_f/jzb7lsz153bclt069nvlpp5r0000gn/T//ccGAufxj.ltrans8.ltrans.o
                0x0000000008007e90                dac_lld_put_channel.constprop.51
 *fill*         0x0000000008007ed4        0xc 
 .text.chprintf.constprop.35
                0x0000000008007ee0      0x3b0 /var/folders/_f/jzb7lsz153bclt069nvlpp5r0000gn/T//ccGAufxj.ltrans8.ltrans.o
                0x0000000008007ee0                chprintf.constprop.35
 .text.chSchWakeupS.constprop.34
                0x0000000008008290       0x78 /var/folders/_f/jzb7lsz153bclt069nvlpp5r0000gn/T//ccGAufxj.ltrans8.ltrans.o
                0x0000000008008290                chSchWakeupS.constprop.34
 *fill*         0x0000000008008308        0x8 
 .text.vmc_heap_alloc_n.constprop.21
                0x0000000008008310       0x54 /var/folders/_f/jzb7lsz153bclt069nvlpp5r0000gn/T//ccGAufxj.ltrans8.ltrans.o
                0x0000000008008310                vmc_heap_alloc_n.constprop.21
 *fill*         0x0000000008008364        0xc 
 .text.message_pass.constprop.17
                0x0000000008008370      0x148 /var/folders/_f/jzb7lsz153bclt069nvlpp5r0000gn/T//ccGAufxj.ltrans8.ltrans.o
                0x0000000008008370                message_pass.constprop.17
 *fill*         0x00000000080084b8        0x8 
 .text._sbrk_r  0x00000000080084c0       0x78 /var/folders/_f/jzb7lsz153bclt069nvlpp5r0000gn/T//ccGAufxj.ltrans8.ltrans.o
                0x00000000080084c0                _sbrk_r
 *fill*         0x0000000008008538        0x8 
 .text.heap_mark
                0x0000000008008540      0x128 /var/folders/_f/jzb7lsz153bclt069nvlpp5r0000gn/T//ccGAufxj.ltrans9.ltrans.o
 *fill*         0x0000000008008668        0x8 
 .text.pq_insert
                0x0000000008008670       0xe4 /var/folders/_f/jzb7lsz153bclt069nvlpp5r0000gn/T//ccGAufxj.ltrans9.ltrans.o
                0x0000000008008670                pq_insert
 *fill*         0x0000000008008754        0xc 
 .text.heap_mark_phase.lto_priv.61
                0x0000000008008760       0xd0 /var/folders/_f/jzb7lsz153bclt069nvlpp5r0000gn/T//ccGAufxj.ltrans9.ltrans.o
                0x0000000008008760                heap_mark_phase.lto_priv.61
 .text.stack_pop
                0x0000000008008830       0x28 /var/folders/_f/jzb7lsz153bclt069nvlpp5r0000gn/T//ccGAufxj.ltrans9.ltrans.o
                0x0000000008008830                stack_pop
 *fill*         0x0000000008008858        0x8 
 .text.stack_push
                0x0000000008008860       0x38 /var/folders/_f/jzb7lsz153bclt069nvlpp5r0000gn/T//ccGAufxj.ltrans9.ltrans.o
                0x0000000008008860                stack_push
 *fill*         0x0000000008008898        0x8 
 .text.setAlarm.lto_priv.101
                0x00000000080088a0       0x2c /var/folders/_f/jzb7lsz153bclt069nvlpp5r0000gn/T//ccGAufxj.ltrans9.ltrans.o
                0x00000000080088a0                setAlarm.lto_priv.101
 *fill*         0x00000000080088cc        0x4 
 .text.dispatch
                0x00000000080088d0       0x28 /var/folders/_f/jzb7lsz153bclt069nvlpp5r0000gn/T//ccGAufxj.ltrans9.ltrans.o
                0x00000000080088d0                dispatch
 *fill*         0x00000000080088f8        0x8 
 .text.spawn    0x0000000008008900       0xb8 /var/folders/_f/jzb7lsz153bclt069nvlpp5r0000gn/T//ccGAufxj.ltrans9.ltrans.o
                0x0000000008008900                spawn
 *fill*         0x00000000080089b8        0x8 
 .text.heap_allocate
                0x00000000080089c0       0x68 /var/folders/_f/jzb7lsz153bclt069nvlpp5r0000gn/T//ccGAufxj.ltrans9.ltrans.o
                0x00000000080089c0                heap_allocate
 *fill*         0x0000000008008a28        0x8 
 .text.vmc_heap_alloc_withGC
                0x0000000008008a30       0x20 /var/folders/_f/jzb7lsz153bclt069nvlpp5r0000gn/T//ccGAufxj.ltrans9.ltrans.o
                0x0000000008008a30                vmc_heap_alloc_withGC
 .text.heap_set
                0x0000000008008a50       0x34 /var/folders/_f/jzb7lsz153bclt069nvlpp5r0000gn/T//ccGAufxj.ltrans9.ltrans.o
                0x0000000008008a50                heap_set
 *fill*         0x0000000008008a84        0xc 
 .text.heap_snd
                0x0000000008008a90       0x1c /var/folders/_f/jzb7lsz153bclt069nvlpp5r0000gn/T//ccGAufxj.ltrans9.ltrans.o
                0x0000000008008a90                heap_snd
 *fill*         0x0000000008008aac        0x4 
 .text.heap_fst
                0x0000000008008ab0       0x18 /var/folders/_f/jzb7lsz153bclt069nvlpp5r0000gn/T//ccGAufxj.ltrans9.ltrans.o
                0x0000000008008ab0                heap_fst
 *fill*         0x0000000008008ac8        0x8 
 .text.postSync.isra.2.lto_priv.62
                0x0000000008008ad0       0xf4 /var/folders/_f/jzb7lsz153bclt069nvlpp5r0000gn/T//ccGAufxj.ltrans9.ltrans.o
                0x0000000008008ad0                postSync.isra.2.lto_priv.62
 *fill*         0x0000000008008bc4        0xc 
 .text.chan_send_q_dequeue
                0x0000000008008bd0       0x40 /var/folders/_f/jzb7lsz153bclt069nvlpp5r0000gn/T//ccGAufxj.ltrans9.ltrans.o
                0x0000000008008bd0                chan_send_q_dequeue
 .text.poll_sendq
                0x0000000008008c10       0x48 /var/folders/_f/jzb7lsz153bclt069nvlpp5r0000gn/T//ccGAufxj.ltrans9.ltrans.o
                0x0000000008008c10                poll_sendq
 *fill*         0x0000000008008c58        0x8 
 .text.chan_recv_q_dequeue
                0x0000000008008c60       0x40 /var/folders/_f/jzb7lsz153bclt069nvlpp5r0000gn/T//ccGAufxj.ltrans9.ltrans.o
                0x0000000008008c60                chan_recv_q_dequeue
 .text.poll_recvq
                0x0000000008008ca0       0x48 /var/folders/_f/jzb7lsz153bclt069nvlpp5r0000gn/T//ccGAufxj.ltrans9.ltrans.o
                0x0000000008008ca0                poll_recvq
 .text.memset   0x0000000008008ce8       0x9c /usr/local/Cellar/gcc-arm-none-eabi-49/20150925/bin/../lib/gcc/arm-none-eabi/4.9.3/../../../../arm-none-eabi/lib/armv7e-m/fpu/libg.a(lib_a-memset.o)
                0x0000000008008ce8                memset
 .text._vsnprintf_r
                0x0000000008008d84       0x74 /usr/local/Cellar/gcc-arm-none-eabi-49/20150925/bin/../lib/gcc/arm-none-eabi/4.9.3/../../../../arm-none-eabi/lib/armv7e-m/fpu/libg.a(lib_a-vsnprintf.o)
                0x0000000008008d84                _vsnprintf_r
 .text.vsnprintf
                0x0000000008008df8       0x20 /usr/local/Cellar/gcc-arm-none-eabi-49/20150925/bin/../lib/gcc/arm-none-eabi/4.9.3/../../../../arm-none-eabi/lib/armv7e-m/fpu/libg.a(lib_a-vsnprintf.o)
                0x0000000008008df8                vsnprintf
 .text._svfprintf_r
                0x0000000008008e18     0x14cc /usr/local/Cellar/gcc-arm-none-eabi-49/20150925/bin/../lib/gcc/arm-none-eabi/4.9.3/../../../../arm-none-eabi/lib/armv7e-m/fpu/libg.a(lib_a-svfprintf.o)
                0x0000000008008e18                _svfprintf_r
 .text.quorem   0x000000000800a2e4      0x12c /usr/local/Cellar/gcc-arm-none-eabi-49/20150925/bin/../lib/gcc/arm-none-eabi/4.9.3/../../../../arm-none-eabi/lib/armv7e-m/fpu/libg.a(lib_a-dtoa.o)
 .text._dtoa_r  0x000000000800a410      0xea4 /usr/local/Cellar/gcc-arm-none-eabi-49/20150925/bin/../lib/gcc/arm-none-eabi/4.9.3/../../../../arm-none-eabi/lib/armv7e-m/fpu/libg.a(lib_a-dtoa.o)
                0x000000000800a410                _dtoa_r
 .text._localeconv_r
                0x000000000800b2b4        0x8 /usr/local/Cellar/gcc-arm-none-eabi-49/20150925/bin/../lib/gcc/arm-none-eabi/4.9.3/../../../../arm-none-eabi/lib/armv7e-m/fpu/libg.a(lib_a-locale.o)
                0x000000000800b2b4                _localeconv_r
 .text._malloc_r
                0x000000000800b2bc      0x524 /usr/local/Cellar/gcc-arm-none-eabi-49/20150925/bin/../lib/gcc/arm-none-eabi/4.9.3/../../../../arm-none-eabi/lib/armv7e-m/fpu/libg.a(lib_a-mallocr.o)
                0x000000000800b2bc                _malloc_r
 .text.memchr   0x000000000800b7e0       0x94 /usr/local/Cellar/gcc-arm-none-eabi-49/20150925/bin/../lib/gcc/arm-none-eabi/4.9.3/../../../../arm-none-eabi/lib/armv7e-m/fpu/libg.a(lib_a-memchr.o)
                0x000000000800b7e0                memchr
 .text.__malloc_lock
                0x000000000800b874        0x4 /usr/local/Cellar/gcc-arm-none-eabi-49/20150925/bin/../lib/gcc/arm-none-eabi/4.9.3/../../../../arm-none-eabi/lib/armv7e-m/fpu/libg.a(lib_a-mlock.o)
                0x000000000800b874                __malloc_lock
 .text.__malloc_unlock
                0x000000000800b878        0x4 /usr/local/Cellar/gcc-arm-none-eabi-49/20150925/bin/../lib/gcc/arm-none-eabi/4.9.3/../../../../arm-none-eabi/lib/armv7e-m/fpu/libg.a(lib_a-mlock.o)
                0x000000000800b878                __malloc_unlock
 .text._Balloc  0x000000000800b87c       0x4c /usr/local/Cellar/gcc-arm-none-eabi-49/20150925/bin/../lib/gcc/arm-none-eabi/4.9.3/../../../../arm-none-eabi/lib/armv7e-m/fpu/libg.a(lib_a-mprec.o)
                0x000000000800b87c                _Balloc
 .text._Bfree   0x000000000800b8c8       0x14 /usr/local/Cellar/gcc-arm-none-eabi-49/20150925/bin/../lib/gcc/arm-none-eabi/4.9.3/../../../../arm-none-eabi/lib/armv7e-m/fpu/libg.a(lib_a-mprec.o)
                0x000000000800b8c8                _Bfree
 .text.__multadd
                0x000000000800b8dc       0x84 /usr/local/Cellar/gcc-arm-none-eabi-49/20150925/bin/../lib/gcc/arm-none-eabi/4.9.3/../../../../arm-none-eabi/lib/armv7e-m/fpu/libg.a(lib_a-mprec.o)
                0x000000000800b8dc                __multadd
 .text.__hi0bits
                0x000000000800b960       0x40 /usr/local/Cellar/gcc-arm-none-eabi-49/20150925/bin/../lib/gcc/arm-none-eabi/4.9.3/../../../../arm-none-eabi/lib/armv7e-m/fpu/libg.a(lib_a-mprec.o)
                0x000000000800b960                __hi0bits
 .text.__lo0bits
                0x000000000800b9a0       0x5c /usr/local/Cellar/gcc-arm-none-eabi-49/20150925/bin/../lib/gcc/arm-none-eabi/4.9.3/../../../../arm-none-eabi/lib/armv7e-m/fpu/libg.a(lib_a-mprec.o)
                0x000000000800b9a0                __lo0bits
 .text.__i2b    0x000000000800b9fc       0x14 /usr/local/Cellar/gcc-arm-none-eabi-49/20150925/bin/../lib/gcc/arm-none-eabi/4.9.3/../../../../arm-none-eabi/lib/armv7e-m/fpu/libg.a(lib_a-mprec.o)
                0x000000000800b9fc                __i2b
 .text.__multiply
                0x000000000800ba10      0x134 /usr/local/Cellar/gcc-arm-none-eabi-49/20150925/bin/../lib/gcc/arm-none-eabi/4.9.3/../../../../arm-none-eabi/lib/armv7e-m/fpu/libg.a(lib_a-mprec.o)
                0x000000000800ba10                __multiply
 .text.__pow5mult
                0x000000000800bb44       0xa0 /usr/local/Cellar/gcc-arm-none-eabi-49/20150925/bin/../lib/gcc/arm-none-eabi/4.9.3/../../../../arm-none-eabi/lib/armv7e-m/fpu/libg.a(lib_a-mprec.o)
                0x000000000800bb44                __pow5mult
 .text.__lshift
                0x000000000800bbe4       0xac /usr/local/Cellar/gcc-arm-none-eabi-49/20150925/bin/../lib/gcc/arm-none-eabi/4.9.3/../../../../arm-none-eabi/lib/armv7e-m/fpu/libg.a(lib_a-mprec.o)
                0x000000000800bbe4                __lshift
 .text.__mcmp   0x000000000800bc90       0x48 /usr/local/Cellar/gcc-arm-none-eabi-49/20150925/bin/../lib/gcc/arm-none-eabi/4.9.3/../../../../arm-none-eabi/lib/armv7e-m/fpu/libg.a(lib_a-mprec.o)
                0x000000000800bc90                __mcmp
 .text.__mdiff  0x000000000800bcd8       0xd4 /usr/local/Cellar/gcc-arm-none-eabi-49/20150925/bin/../lib/gcc/arm-none-eabi/4.9.3/../../../../arm-none-eabi/lib/armv7e-m/fpu/libg.a(lib_a-mprec.o)
                0x000000000800bcd8                __mdiff
 .text.__d2b    0x000000000800bdac       0xbc /usr/local/Cellar/gcc-arm-none-eabi-49/20150925/bin/../lib/gcc/arm-none-eabi/4.9.3/../../../../arm-none-eabi/lib/armv7e-m/fpu/libg.a(lib_a-mprec.o)
                0x000000000800bdac                __d2b
 .text.__fpclassifyd
                0x000000000800be68       0x5c /usr/local/Cellar/gcc-arm-none-eabi-49/20150925/bin/../lib/gcc/arm-none-eabi/4.9.3/../../../../arm-none-eabi/lib/armv7e-m/fpu/libg.a(lib_a-s_fpclassify.o)
                0x000000000800be68                __fpclassifyd
 .text.strlen   0x000000000800bec4       0x5c /usr/local/Cellar/gcc-arm-none-eabi-49/20150925/bin/../lib/gcc/arm-none-eabi/4.9.3/../../../../arm-none-eabi/lib/armv7e-m/fpu/libg.a(lib_a-strlen.o)
                0x000000000800bec4                strlen
 .text.__ssprint_r
                0x000000000800bf20      0x104 /usr/local/Cellar/gcc-arm-none-eabi-49/20150925/bin/../lib/gcc/arm-none-eabi/4.9.3/../../../../arm-none-eabi/lib/armv7e-m/fpu/libg.a(lib_a-svfiprintf.o)
                0x000000000800bf20                __ssprint_r
 .text._calloc_r
                0x000000000800c024       0x60 /usr/local/Cellar/gcc-arm-none-eabi-49/20150925/bin/../lib/gcc/arm-none-eabi/4.9.3/../../../../arm-none-eabi/lib/armv7e-m/fpu/libg.a(lib_a-callocr.o)
                0x000000000800c024                _calloc_r
 .text._malloc_trim_r
                0x000000000800c084       0x9c /usr/local/Cellar/gcc-arm-none-eabi-49/20150925/bin/../lib/gcc/arm-none-eabi/4.9.3/../../../../arm-none-eabi/lib/armv7e-m/fpu/libg.a(lib_a-freer.o)
                0x000000000800c084                _malloc_trim_r
 .text._free_r  0x000000000800c120      0x1b0 /usr/local/Cellar/gcc-arm-none-eabi-49/20150925/bin/../lib/gcc/arm-none-eabi/4.9.3/../../../../arm-none-eabi/lib/armv7e-m/fpu/libg.a(lib_a-freer.o)
                0x000000000800c120                _free_r
 .text.memmove  0x000000000800c2d0       0xc8 /usr/local/Cellar/gcc-arm-none-eabi-49/20150925/bin/../lib/gcc/arm-none-eabi/4.9.3/../../../../arm-none-eabi/lib/armv7e-m/fpu/libg.a(lib_a-memmove.o)
                0x000000000800c2d0                memmove
 .text._realloc_r
                0x000000000800c398      0x3ec /usr/local/Cellar/gcc-arm-none-eabi-49/20150925/bin/../lib/gcc/arm-none-eabi/4.9.3/../../../../arm-none-eabi/lib/armv7e-m/fpu/libg.a(lib_a-reallocr.o)
                0x000000000800c398                _realloc_r
 *(.glue_7t)
 .glue_7t       0x0000000000000000        0x0 linker stubs
 *(.glue_7)
 .glue_7        0x0000000000000000        0x0 linker stubs
 *(.gcc*)
                0x000000000800c784                __text_end__ = .

.vfp11_veneer   0x000000000800c784        0x0
 .vfp11_veneer  0x0000000000000000        0x0 linker stubs

.v4_bx          0x000000000800c784        0x0
 .v4_bx         0x0000000000000000        0x0 linker stubs

.iplt           0x000000000800c784        0x0
 .iplt          0x0000000000000000        0x0 ./build/obj/crt0_v7m.o

.rodata         0x000000000800c788      0xef0
                0x000000000800c788                __rodata_base__ = .
 *(.rodata)
 *(.rodata.*)
 .rodata.__func__.6249
                0x000000000800c788        0xc /var/folders/_f/jzb7lsz153bclt069nvlpp5r0000gn/T//ccGAufxj.ltrans0.ltrans.o
 .rodata.__func__.5946.lto_priv.68
                0x000000000800c794        0xc /var/folders/_f/jzb7lsz153bclt069nvlpp5r0000gn/T//ccGAufxj.ltrans0.ltrans.o
 .rodata.__func__.7203
                0x000000000800c7a0        0xc /var/folders/_f/jzb7lsz153bclt069nvlpp5r0000gn/T//ccGAufxj.ltrans0.ltrans.o
 .rodata.__func__.5946.lto_priv.70
                0x000000000800c7ac        0xc /var/folders/_f/jzb7lsz153bclt069nvlpp5r0000gn/T//ccGAufxj.ltrans0.ltrans.o
                0x000000000800c7ac                __func__.5946.lto_priv.70
 .rodata.vmt    0x000000000800c7b8       0x28 /var/folders/_f/jzb7lsz153bclt069nvlpp5r0000gn/T//ccGAufxj.ltrans0.ltrans.o
 .rodata.__func__.8762
                0x000000000800c7e0        0x9 /var/folders/_f/jzb7lsz153bclt069nvlpp5r0000gn/T//ccGAufxj.ltrans0.ltrans.o
 *fill*         0x000000000800c7e9        0x3 
 .rodata.__func__.8480
                0x000000000800c7ec        0x9 /var/folders/_f/jzb7lsz153bclt069nvlpp5r0000gn/T//ccGAufxj.ltrans0.ltrans.o
 *fill*         0x000000000800c7f5        0x3 
 .rodata.__func__.5946.lto_priv.69
                0x000000000800c7f8        0xc /var/folders/_f/jzb7lsz153bclt069nvlpp5r0000gn/T//ccGAufxj.ltrans0.ltrans.o
 .rodata.usbcfg
                0x000000000800c804       0x10 /var/folders/_f/jzb7lsz153bclt069nvlpp5r0000gn/T//ccGAufxj.ltrans0.ltrans.o
 .rodata.fsparams
                0x000000000800c814        0xc /var/folders/_f/jzb7lsz153bclt069nvlpp5r0000gn/T//ccGAufxj.ltrans0.ltrans.o
 .rodata.serusbcfg
                0x000000000800c820        0x8 /var/folders/_f/jzb7lsz153bclt069nvlpp5r0000gn/T//ccGAufxj.ltrans0.ltrans.o
 .rodata.__func__.8413
                0x000000000800c828        0x9 /var/folders/_f/jzb7lsz153bclt069nvlpp5r0000gn/T//ccGAufxj.ltrans0.ltrans.o
 *fill*         0x000000000800c831        0x3 
 .rodata.ch_debug
                0x000000000800c834       0x16 /var/folders/_f/jzb7lsz153bclt069nvlpp5r0000gn/T//ccGAufxj.ltrans0.ltrans.o
 *fill*         0x000000000800c84a        0x2 
 .rodata.__func__.7212
                0x000000000800c84c       0x12 /var/folders/_f/jzb7lsz153bclt069nvlpp5r0000gn/T//ccGAufxj.ltrans0.ltrans.o
 *fill*         0x000000000800c85e        0x2 
 .rodata._stm32_dma_streams
                0x000000000800c860       0xc0 /var/folders/_f/jzb7lsz153bclt069nvlpp5r0000gn/T//ccGAufxj.ltrans0.ltrans.o
 .rodata.dac1_ch1_params
                0x000000000800c920       0x1c /var/folders/_f/jzb7lsz153bclt069nvlpp5r0000gn/T//ccGAufxj.ltrans0.ltrans.o
 .rodata.vmc_container_1_code
                0x000000000800c93c      0x333 /var/folders/_f/jzb7lsz153bclt069nvlpp5r0000gn/T//ccGAufxj.ltrans0.ltrans.o
 *fill*         0x000000000800cc6f        0x1 
 .rodata.hsparams
                0x000000000800cc70        0xc /var/folders/_f/jzb7lsz153bclt069nvlpp5r0000gn/T//ccGAufxj.ltrans0.ltrans.o
 .rodata.str1.4
                0x000000000800cc7c       0x81 /var/folders/_f/jzb7lsz153bclt069nvlpp5r0000gn/T//ccGAufxj.ltrans0.ltrans.o
 *fill*         0x000000000800ccfd        0x3 
 .rodata.__func__.7203
                0x000000000800cd00        0xc /var/folders/_f/jzb7lsz153bclt069nvlpp5r0000gn/T//ccGAufxj.ltrans1.ltrans.o
 .rodata.__func__.6249
                0x000000000800cd0c        0xc /var/folders/_f/jzb7lsz153bclt069nvlpp5r0000gn/T//ccGAufxj.ltrans1.ltrans.o
 .rodata.__func__.7485
                0x000000000800cd18       0x10 /var/folders/_f/jzb7lsz153bclt069nvlpp5r0000gn/T//ccGAufxj.ltrans1.ltrans.o
 .rodata.__func__.7208.lto_priv.113
                0x000000000800cd28        0xc /var/folders/_f/jzb7lsz153bclt069nvlpp5r0000gn/T//ccGAufxj.ltrans1.ltrans.o
 .rodata.__func__.7206.lto_priv.110
                0x000000000800cd34       0x15 /var/folders/_f/jzb7lsz153bclt069nvlpp5r0000gn/T//ccGAufxj.ltrans1.ltrans.o
 *fill*         0x000000000800cd49        0x3 
 .rodata.__func__.7206.lto_priv.111
                0x000000000800cd4c        0xb /var/folders/_f/jzb7lsz153bclt069nvlpp5r0000gn/T//ccGAufxj.ltrans1.ltrans.o
 *fill*         0x000000000800cd57        0x1 
 .rodata.__func__.7223
                0x000000000800cd58        0xd /var/folders/_f/jzb7lsz153bclt069nvlpp5r0000gn/T//ccGAufxj.ltrans1.ltrans.o
 *fill*         0x000000000800cd65        0x3 
 .rodata.__func__.7224
                0x000000000800cd68        0xd /var/folders/_f/jzb7lsz153bclt069nvlpp5r0000gn/T//ccGAufxj.ltrans1.ltrans.o
 *fill*         0x000000000800cd75        0x3 
 .rodata.__func__.7184
                0x000000000800cd78        0xb /var/folders/_f/jzb7lsz153bclt069nvlpp5r0000gn/T//ccGAufxj.ltrans1.ltrans.o
 *fill*         0x000000000800cd83        0x1 
 .rodata.str1.4
                0x000000000800cd84       0x25 /var/folders/_f/jzb7lsz153bclt069nvlpp5r0000gn/T//ccGAufxj.ltrans1.ltrans.o
 *fill*         0x000000000800cda9        0x3 
 .rodata.__func__.7191
                0x000000000800cdac        0xc /var/folders/_f/jzb7lsz153bclt069nvlpp5r0000gn/T//ccGAufxj.ltrans1.ltrans.o
 .rodata.__func__.7239
                0x000000000800cdb8        0xb /var/folders/_f/jzb7lsz153bclt069nvlpp5r0000gn/T//ccGAufxj.ltrans1.ltrans.o
 *fill*         0x000000000800cdc3        0x1 
 .rodata.__func__.7195
                0x000000000800cdc4       0x11 /var/folders/_f/jzb7lsz153bclt069nvlpp5r0000gn/T//ccGAufxj.ltrans1.ltrans.o
 *fill*         0x000000000800cdd5        0x3 
 .rodata.__func__.7196
                0x000000000800cdd8       0x14 /var/folders/_f/jzb7lsz153bclt069nvlpp5r0000gn/T//ccGAufxj.ltrans1.ltrans.o
 .rodata.__func__.7208.lto_priv.112
                0x000000000800cdec        0xb /var/folders/_f/jzb7lsz153bclt069nvlpp5r0000gn/T//ccGAufxj.ltrans1.ltrans.o
 *fill*         0x000000000800cdf7        0x1 
 .rodata.__func__.8409
                0x000000000800cdf8        0xd /var/folders/_f/jzb7lsz153bclt069nvlpp5r0000gn/T//ccGAufxj.ltrans1.ltrans.o
 *fill*         0x000000000800ce05        0x3 
 .rodata.__func__.5946.lto_priv.107
                0x000000000800ce08        0xc /var/folders/_f/jzb7lsz153bclt069nvlpp5r0000gn/T//ccGAufxj.ltrans1.ltrans.o
 .rodata.__func__.6126
                0x000000000800ce14        0xc /var/folders/_f/jzb7lsz153bclt069nvlpp5r0000gn/T//ccGAufxj.ltrans1.ltrans.o
 .rodata.__func__.5946.lto_priv.109
                0x000000000800ce20        0xc /var/folders/_f/jzb7lsz153bclt069nvlpp5r0000gn/T//ccGAufxj.ltrans1.ltrans.o
 .rodata.__func__.8490
                0x000000000800ce2c        0xa /var/folders/_f/jzb7lsz153bclt069nvlpp5r0000gn/T//ccGAufxj.ltrans4.ltrans.o
 *fill*         0x000000000800ce36        0x2 
 .rodata.__func__.8766
                0x000000000800ce38       0x1b /var/folders/_f/jzb7lsz153bclt069nvlpp5r0000gn/T//ccGAufxj.ltrans4.ltrans.o
 *fill*         0x000000000800ce53        0x1 
 .rodata.__func__.8485
                0x000000000800ce54        0xa /var/folders/_f/jzb7lsz153bclt069nvlpp5r0000gn/T//ccGAufxj.ltrans4.ltrans.o
 *fill*         0x000000000800ce5e        0x2 
 .rodata.__func__.8465
                0x000000000800ce60        0xa /var/folders/_f/jzb7lsz153bclt069nvlpp5r0000gn/T//ccGAufxj.ltrans4.ltrans.o
 *fill*         0x000000000800ce6a        0x2 
 .rodata.__func__.8470
                0x000000000800ce6c        0xa /var/folders/_f/jzb7lsz153bclt069nvlpp5r0000gn/T//ccGAufxj.ltrans4.ltrans.o
 *fill*         0x000000000800ce76        0x2 
 .rodata.__func__.8841
                0x000000000800ce78        0xa /var/folders/_f/jzb7lsz153bclt069nvlpp5r0000gn/T//ccGAufxj.ltrans4.ltrans.o
 *fill*         0x000000000800ce82        0x2 
 .rodata.__func__.8475
                0x000000000800ce84        0xa /var/folders/_f/jzb7lsz153bclt069nvlpp5r0000gn/T//ccGAufxj.ltrans4.ltrans.o
 *fill*         0x000000000800ce8e        0x2 
 .rodata.str1.4
                0x000000000800ce90       0x25 /var/folders/_f/jzb7lsz153bclt069nvlpp5r0000gn/T//ccGAufxj.ltrans4.ltrans.o
 *fill*         0x000000000800ceb5        0x3 
 .rodata.__func__.7236
                0x000000000800ceb8        0xc /var/folders/_f/jzb7lsz153bclt069nvlpp5r0000gn/T//ccGAufxj.ltrans4.ltrans.o
 .rodata.ep0config
                0x000000000800cec4       0x24 /var/folders/_f/jzb7lsz153bclt069nvlpp5r0000gn/T//ccGAufxj.ltrans4.ltrans.o
 .rodata.__func__.8760.lto_priv.117
                0x000000000800cee8        0xe /var/folders/_f/jzb7lsz153bclt069nvlpp5r0000gn/T//ccGAufxj.ltrans4.ltrans.o
                0x000000000800cee8                __func__.8760.lto_priv.117
 *fill*         0x000000000800cef6        0x2 
 .rodata.__func__.8406
                0x000000000800cef8        0x9 /var/folders/_f/jzb7lsz153bclt069nvlpp5r0000gn/T//ccGAufxj.ltrans4.ltrans.o
 *fill*         0x000000000800cf01        0x3 
 .rodata.__func__.8845
                0x000000000800cf04        0xa /var/folders/_f/jzb7lsz153bclt069nvlpp5r0000gn/T//ccGAufxj.ltrans4.ltrans.o
 *fill*         0x000000000800cf0e        0x2 
 .rodata.__func__.8480
                0x000000000800cf10        0xa /var/folders/_f/jzb7lsz153bclt069nvlpp5r0000gn/T//ccGAufxj.ltrans4.ltrans.o
 *fill*         0x000000000800cf1a        0x2 
 .rodata.vcom_configuration_descriptor_data
                0x000000000800cf1c       0x43 /var/folders/_f/jzb7lsz153bclt069nvlpp5r0000gn/T//ccGAufxj.ltrans5.ltrans.o
 *fill*         0x000000000800cf5f        0x1 
 .rodata.__func__.5946.lto_priv.97
                0x000000000800cf60        0xc /var/folders/_f/jzb7lsz153bclt069nvlpp5r0000gn/T//ccGAufxj.ltrans5.ltrans.o
 .rodata.vcom_string0
                0x000000000800cf6c        0x4 /var/folders/_f/jzb7lsz153bclt069nvlpp5r0000gn/T//ccGAufxj.ltrans5.ltrans.o
 .rodata.vcom_string1
                0x000000000800cf70       0x26 /var/folders/_f/jzb7lsz153bclt069nvlpp5r0000gn/T//ccGAufxj.ltrans5.ltrans.o
 *fill*         0x000000000800cf96        0x2 
 .rodata.vcom_string2
                0x000000000800cf98       0x38 /var/folders/_f/jzb7lsz153bclt069nvlpp5r0000gn/T//ccGAufxj.ltrans5.ltrans.o
 .rodata.vcom_string3
                0x000000000800cfd0        0x8 /var/folders/_f/jzb7lsz153bclt069nvlpp5r0000gn/T//ccGAufxj.ltrans5.ltrans.o
 .rodata.vcom_strings
                0x000000000800cfd8       0x20 /var/folders/_f/jzb7lsz153bclt069nvlpp5r0000gn/T//ccGAufxj.ltrans5.ltrans.o
 .rodata.__func__.7193
                0x000000000800cff8        0xd /var/folders/_f/jzb7lsz153bclt069nvlpp5r0000gn/T//ccGAufxj.ltrans5.ltrans.o
 *fill*         0x000000000800d005        0x3 
 .rodata.__func__.8507
                0x000000000800d008        0xc /var/folders/_f/jzb7lsz153bclt069nvlpp5r0000gn/T//ccGAufxj.ltrans5.ltrans.o
 .rodata.vcom_device_descriptor
                0x000000000800d014        0x8 /var/folders/_f/jzb7lsz153bclt069nvlpp5r0000gn/T//ccGAufxj.ltrans5.ltrans.o
 .rodata.__func__.8522
                0x000000000800d01c        0xa /var/folders/_f/jzb7lsz153bclt069nvlpp5r0000gn/T//ccGAufxj.ltrans5.ltrans.o
 *fill*         0x000000000800d026        0x2 
 .rodata.vcom_device_descriptor_data
                0x000000000800d028       0x12 /var/folders/_f/jzb7lsz153bclt069nvlpp5r0000gn/T//ccGAufxj.ltrans5.ltrans.o
 *fill*         0x000000000800d03a        0x2 
 .rodata.vcom_configuration_descriptor
                0x000000000800d03c        0x8 /var/folders/_f/jzb7lsz153bclt069nvlpp5r0000gn/T//ccGAufxj.ltrans5.ltrans.o
 .rodata.str1.4
                0x000000000800d044      0x139 /var/folders/_f/jzb7lsz153bclt069nvlpp5r0000gn/T//ccGAufxj.ltrans5.ltrans.o
                                        0x151 (size before relaxing)
 *fill*         0x000000000800d17d        0x3 
 .rodata.ep2config
                0x000000000800d180       0x24 /var/folders/_f/jzb7lsz153bclt069nvlpp5r0000gn/T//ccGAufxj.ltrans5.ltrans.o
 .rodata.__func__.7238
                0x000000000800d1a4       0x12 /var/folders/_f/jzb7lsz153bclt069nvlpp5r0000gn/T//ccGAufxj.ltrans5.ltrans.o
 *fill*         0x000000000800d1b6        0x2 
 .rodata.__func__.8423
                0x000000000800d1b8        0xf /var/folders/_f/jzb7lsz153bclt069nvlpp5r0000gn/T//ccGAufxj.ltrans5.ltrans.o
 *fill*         0x000000000800d1c7        0x1 
 .rodata.ep1config
                0x000000000800d1c8       0x24 /var/folders/_f/jzb7lsz153bclt069nvlpp5r0000gn/T//ccGAufxj.ltrans5.ltrans.o
 .rodata.__func__.7205
                0x000000000800d1ec        0xa /var/folders/_f/jzb7lsz153bclt069nvlpp5r0000gn/T//ccGAufxj.ltrans5.ltrans.o
 *fill*         0x000000000800d1f6        0x2 
 .rodata.__func__.5946.lto_priv.96
                0x000000000800d1f8        0xc /var/folders/_f/jzb7lsz153bclt069nvlpp5r0000gn/T//ccGAufxj.ltrans5.ltrans.o
 .rodata.__func__.8445
                0x000000000800d204        0x9 /var/folders/_f/jzb7lsz153bclt069nvlpp5r0000gn/T//ccGAufxj.ltrans6.ltrans.o
 *fill*         0x000000000800d20d        0x3 
 .rodata.__func__.8450
                0x000000000800d210        0x9 /var/folders/_f/jzb7lsz153bclt069nvlpp5r0000gn/T//ccGAufxj.ltrans6.ltrans.o
 *fill*         0x000000000800d219        0x3 
 .rodata.__func__.8455
                0x000000000800d21c        0xa /var/folders/_f/jzb7lsz153bclt069nvlpp5r0000gn/T//ccGAufxj.ltrans6.ltrans.o
 *fill*         0x000000000800d226        0x2 
 .rodata.__func__.8460
                0x000000000800d228        0xa /var/folders/_f/jzb7lsz153bclt069nvlpp5r0000gn/T//ccGAufxj.ltrans6.ltrans.o
 *fill*         0x000000000800d232        0x2 
 .rodata.__func__.8784
                0x000000000800d234       0x15 /var/folders/_f/jzb7lsz153bclt069nvlpp5r0000gn/T//ccGAufxj.ltrans6.ltrans.o
 *fill*         0x000000000800d249        0x3 
 .rodata.zero_status
                0x000000000800d24c        0x2 /var/folders/_f/jzb7lsz153bclt069nvlpp5r0000gn/T//ccGAufxj.ltrans6.ltrans.o
 *fill*         0x000000000800d24e        0x2 
 .rodata.__func__.8795
                0x000000000800d250       0x11 /var/folders/_f/jzb7lsz153bclt069nvlpp5r0000gn/T//ccGAufxj.ltrans6.ltrans.o
 *fill*         0x000000000800d261        0x3 
 .rodata.active_status
                0x000000000800d264        0x2 /var/folders/_f/jzb7lsz153bclt069nvlpp5r0000gn/T//ccGAufxj.ltrans6.ltrans.o
 *fill*         0x000000000800d266        0x2 
 .rodata.__func__.8846
                0x000000000800d268        0xb /var/folders/_f/jzb7lsz153bclt069nvlpp5r0000gn/T//ccGAufxj.ltrans6.ltrans.o
 *fill*         0x000000000800d273        0x1 
 .rodata.__func__.8860
                0x000000000800d274        0xc /var/folders/_f/jzb7lsz153bclt069nvlpp5r0000gn/T//ccGAufxj.ltrans6.ltrans.o
 .rodata.__func__.8437
                0x000000000800d280        0x9 /var/folders/_f/jzb7lsz153bclt069nvlpp5r0000gn/T//ccGAufxj.ltrans6.ltrans.o
 *fill*         0x000000000800d289        0x3 
 .rodata.__func__.8407
                0x000000000800d28c        0x9 /var/folders/_f/jzb7lsz153bclt069nvlpp5r0000gn/T//ccGAufxj.ltrans6.ltrans.o
 *fill*         0x000000000800d295        0x3 
 .rodata.__func__.8412
                0x000000000800d298        0x9 /var/folders/_f/jzb7lsz153bclt069nvlpp5r0000gn/T//ccGAufxj.ltrans6.ltrans.o
 *fill*         0x000000000800d2a1        0x3 
 .rodata.__func__.8415
                0x000000000800d2a4        0x9 /var/folders/_f/jzb7lsz153bclt069nvlpp5r0000gn/T//ccGAufxj.ltrans6.ltrans.o
 *fill*         0x000000000800d2ad        0x3 
 .rodata.__func__.8420
                0x000000000800d2b0        0x9 /var/folders/_f/jzb7lsz153bclt069nvlpp5r0000gn/T//ccGAufxj.ltrans6.ltrans.o
 *fill*         0x000000000800d2b9        0x3 
 .rodata.__func__.8417
                0x000000000800d2bc        0x9 /var/folders/_f/jzb7lsz153bclt069nvlpp5r0000gn/T//ccGAufxj.ltrans6.ltrans.o
 *fill*         0x000000000800d2c5        0x3 
 .rodata.__func__.8422
                0x000000000800d2c8        0x9 /var/folders/_f/jzb7lsz153bclt069nvlpp5r0000gn/T//ccGAufxj.ltrans6.ltrans.o
 *fill*         0x000000000800d2d1        0x3 
 .rodata.halted_status
                0x000000000800d2d4        0x2 /var/folders/_f/jzb7lsz153bclt069nvlpp5r0000gn/T//ccGAufxj.ltrans6.ltrans.o
 *fill*         0x000000000800d2d6        0x2 
 .rodata.__func__.8425
                0x000000000800d2d8        0x9 /var/folders/_f/jzb7lsz153bclt069nvlpp5r0000gn/T//ccGAufxj.ltrans6.ltrans.o
 *fill*         0x000000000800d2e1        0x3 
 .rodata.__func__.8430
                0x000000000800d2e4        0x9 /var/folders/_f/jzb7lsz153bclt069nvlpp5r0000gn/T//ccGAufxj.ltrans6.ltrans.o
 *fill*         0x000000000800d2ed        0x3 
 .rodata.__func__.8427
                0x000000000800d2f0        0x9 /var/folders/_f/jzb7lsz153bclt069nvlpp5r0000gn/T//ccGAufxj.ltrans6.ltrans.o
 *fill*         0x000000000800d2f9        0x3 
 .rodata.__func__.8432
                0x000000000800d2fc        0x9 /var/folders/_f/jzb7lsz153bclt069nvlpp5r0000gn/T//ccGAufxj.ltrans6.ltrans.o
 *fill*         0x000000000800d305        0x3 
 .rodata.__func__.8435
                0x000000000800d308        0x9 /var/folders/_f/jzb7lsz153bclt069nvlpp5r0000gn/T//ccGAufxj.ltrans6.ltrans.o
 *fill*         0x000000000800d311        0x3 
 .rodata.__func__.8440
                0x000000000800d314        0x9 /var/folders/_f/jzb7lsz153bclt069nvlpp5r0000gn/T//ccGAufxj.ltrans6.ltrans.o
 *fill*         0x000000000800d31d        0x3 
 .rodata.__func__.8803
                0x000000000800d320       0x12 /var/folders/_f/jzb7lsz153bclt069nvlpp5r0000gn/T//ccGAufxj.ltrans6.ltrans.o
 *fill*         0x000000000800d332        0x2 
 .rodata.__func__.8807
                0x000000000800d334       0x13 /var/folders/_f/jzb7lsz153bclt069nvlpp5r0000gn/T//ccGAufxj.ltrans7.ltrans.o
 *fill*         0x000000000800d347        0x1 
 .rodata.__func__.8821
                0x000000000800d348       0x10 /var/folders/_f/jzb7lsz153bclt069nvlpp5r0000gn/T//ccGAufxj.ltrans7.ltrans.o
 .rodata.__func__.8747
                0x000000000800d358       0x17 /var/folders/_f/jzb7lsz153bclt069nvlpp5r0000gn/T//ccGAufxj.ltrans7.ltrans.o
 *fill*         0x000000000800d36f        0x1 
 .rodata.__func__.8760.lto_priv.116
                0x000000000800d370        0xf /var/folders/_f/jzb7lsz153bclt069nvlpp5r0000gn/T//ccGAufxj.ltrans7.ltrans.o
 *fill*         0x000000000800d37f        0x1 
 .rodata.__func__.8779
                0x000000000800d380       0x11 /var/folders/_f/jzb7lsz153bclt069nvlpp5r0000gn/T//ccGAufxj.ltrans7.ltrans.o
 *fill*         0x000000000800d391        0x3 
 .rodata.__func__.8452
                0x000000000800d394        0x5 /var/folders/_f/jzb7lsz153bclt069nvlpp5r0000gn/T//ccGAufxj.ltrans7.ltrans.o
 *fill*         0x000000000800d399        0x3 
 .rodata.__func__.8726
                0x000000000800d39c       0x13 /var/folders/_f/jzb7lsz153bclt069nvlpp5r0000gn/T//ccGAufxj.ltrans7.ltrans.o
 *fill*         0x000000000800d3af        0x1 
 .rodata.ram_areas
                0x000000000800d3b0       0x80 /var/folders/_f/jzb7lsz153bclt069nvlpp5r0000gn/T//ccGAufxj.ltrans7.ltrans.o
 .rodata.__func__.8740
                0x000000000800d430       0x19 /var/folders/_f/jzb7lsz153bclt069nvlpp5r0000gn/T//ccGAufxj.ltrans7.ltrans.o
 *fill*         0x000000000800d449        0x3 
 .rodata.__func__.8798
                0x000000000800d44c       0x1a /var/folders/_f/jzb7lsz153bclt069nvlpp5r0000gn/T//ccGAufxj.ltrans7.ltrans.o
 *fill*         0x000000000800d466        0x2 
 .rodata.__func__.8468
                0x000000000800d468        0x9 /var/folders/_f/jzb7lsz153bclt069nvlpp5r0000gn/T//ccGAufxj.ltrans7.ltrans.o
 *fill*         0x000000000800d471        0x3 
 .rodata.__func__.6249
                0x000000000800d474        0xc /var/folders/_f/jzb7lsz153bclt069nvlpp5r0000gn/T//ccGAufxj.ltrans7.ltrans.o
 .rodata.__func__.8784
                0x000000000800d480       0x17 /var/folders/_f/jzb7lsz153bclt069nvlpp5r0000gn/T//ccGAufxj.ltrans7.ltrans.o
 *fill*         0x000000000800d497        0x1 
 .rodata.__func__.8416
                0x000000000800d498        0xb /var/folders/_f/jzb7lsz153bclt069nvlpp5r0000gn/T//ccGAufxj.ltrans7.ltrans.o
 *fill*         0x000000000800d4a3        0x1 
 .rodata.__func__.8430
                0x000000000800d4a4       0x14 /var/folders/_f/jzb7lsz153bclt069nvlpp5r0000gn/T//ccGAufxj.ltrans8.ltrans.o
 .rodata.__func__.7881
                0x000000000800d4b8        0x8 /var/folders/_f/jzb7lsz153bclt069nvlpp5r0000gn/T//ccGAufxj.ltrans8.ltrans.o
 .rodata.__func__.7211
                0x000000000800d4c0        0xd /var/folders/_f/jzb7lsz153bclt069nvlpp5r0000gn/T//ccGAufxj.ltrans8.ltrans.o
 *fill*         0x000000000800d4cd        0x3 
 .rodata.str1.4