Archive member included to satisfy reference by file (symbol)

app/libapp.a(main.c.obj)      (--whole-archive)
app/libapp.a(defines.c.obj)   (--whole-archive)
app/libapp.a(usb_cdc.c.obj)   (--whole-archive)
zephyr/libzephyr.a(cbprintf.c.obj)
                              (--whole-archive)
zephyr/libzephyr.a(crc32_sw.c.obj)
                              (--whole-archive)
zephyr/libzephyr.a(crc16_sw.c.obj)
                              (--whole-archive)
zephyr/libzephyr.a(crc8_sw.c.obj)
                              (--whole-archive)
zephyr/libzephyr.a(crc7_sw.c.obj)
                              (--whole-archive)
zephyr/libzephyr.a(dec.c.obj)
                              (--whole-archive)
zephyr/libzephyr.a(fdtable.c.obj)
                              (--whole-archive)
zephyr/libzephyr.a(hex.c.obj)
                              (--whole-archive)
zephyr/libzephyr.a(mempool.c.obj)
                              (--whole-archive)
zephyr/libzephyr.a(notify.c.obj)
                              (--whole-archive)
zephyr/libzephyr.a(printk.c.obj)
                              (--whole-archive)
zephyr/libzephyr.a(onoff.c.obj)
                              (--whole-archive)
zephyr/libzephyr.a(rb.c.obj)  (--whole-archive)
zephyr/libzephyr.a(sem.c.obj)
                              (--whole-archive)
zephyr/libzephyr.a(thread_entry.c.obj)
                              (--whole-archive)
zephyr/libzephyr.a(timeutil.c.obj)
                              (--whole-archive)
zephyr/libzephyr.a(work_q.c.obj)
                              (--whole-archive)
zephyr/libzephyr.a(heap.c.obj)
                              (--whole-archive)
zephyr/libzephyr.a(heap-validate.c.obj)
                              (--whole-archive)
zephyr/libzephyr.a(cbprintf_complete.c.obj)
                              (--whole-archive)
zephyr/libzephyr.a(ring_buffer.c.obj)
                              (--whole-archive)
zephyr/libzephyr.a(configs.c.obj)
                              (--whole-archive)
zephyr/libzephyr.a(validate_base_addresses.c.obj)
                              (--whole-archive)
zephyr/libzephyr.a(validate_enabled_instances.c.obj)
                              (--whole-archive)
zephyr/libzephyr.a(log_list.c.obj)
                              (--whole-archive)
zephyr/libzephyr.a(log_core.c.obj)
                              (--whole-archive)
zephyr/libzephyr.a(log_msg.c.obj)
                              (--whole-archive)
zephyr/libzephyr.a(log_output.c.obj)
                              (--whole-archive)
zephyr/libzephyr.a(log_backend_uart.c.obj)
                              (--whole-archive)
zephyr/libzephyr.a(log_backend_rtt.c.obj)
                              (--whole-archive)
zephyr/libzephyr.a(dis.c.obj)
                              (--whole-archive)
zephyr/libzephyr.a(fcb_append.c.obj)
                              (--whole-archive)
zephyr/libzephyr.a(fcb.c.obj)
                              (--whole-archive)
zephyr/libzephyr.a(fcb_elem_info.c.obj)
                              (--whole-archive)
zephyr/libzephyr.a(fcb_getnext.c.obj)
                              (--whole-archive)
zephyr/libzephyr.a(fcb_rotate.c.obj)
                              (--whole-archive)
zephyr/libzephyr.a(fcb_walk.c.obj)
                              (--whole-archive)
zephyr/libzephyr.a(addr_utils.c.obj)
                              (--whole-archive)
zephyr/libzephyr.a(usb_device.c.obj)
                              (--whole-archive)
zephyr/libzephyr.a(usb_descriptor.c.obj)
                              (--whole-archive)
zephyr/libzephyr.a(usb_transfer.c.obj)
                              (--whole-archive)
zephyr/libzephyr.a(cdc_acm.c.obj)
                              (--whole-archive)
zephyr/libzephyr.a(usb_work_q.c.obj)
                              (--whole-archive)
zephyr/libzephyr.a(flash_map.c.obj)
                              (--whole-archive)
zephyr/libzephyr.a(flash_map_default.c.obj)
                              (--whole-archive)
zephyr/libzephyr.a(settings_store.c.obj)
                              (--whole-archive)
zephyr/libzephyr.a(settings.c.obj)
                              (--whole-archive)
zephyr/libzephyr.a(settings_init.c.obj)
                              (--whole-archive)
zephyr/libzephyr.a(settings_line.c.obj)
                              (--whole-archive)
zephyr/libzephyr.a(settings_fcb.c.obj)
                              (--whole-archive)
zephyr/libzephyr.a(power.c.obj)
                              (--whole-archive)
zephyr/libzephyr.a(policy_residency.c.obj)
                              (--whole-archive)
zephyr/libzephyr.a(uart_console.c.obj)
                              (--whole-archive)
zephyr/libzephyr.a(clock_control_nrf.c.obj)
                              (--whole-archive)
zephyr/libzephyr.a(usb_dc_nrfx.c.obj)
                              (--whole-archive)
zephyr/libzephyr.a(hwinfo_weak_impl.c.obj)
                              (--whole-archive)
zephyr/libzephyr.a(hwinfo_nrf.c.obj)
[...]
Memory Configuration

Name             Origin             Length             Attributes
FLASH            0x0000000000000000 0x0000000000100000 xr
SRAM             0x0000000020000000 0x0000000000040000 xw
IDT_LIST         0x0000000020040000 0x0000000000000800 xw
*default*        0x0000000000000000 0xffffffffffffffff

Linker script and memory map

LOAD zephyr/CMakeFiles/zephyr_prebuilt.dir/misc/empty_file.c.obj
                0x0000000000000020                _region_min_align = 0x20

.rel.plt        0x0000000000000000        0x0
 *(SORT_BY_ALIGNMENT(.rel.plt))
                [!provide]                        PROVIDE (__rel_iplt_start = .)
 *(SORT_BY_ALIGNMENT(.rel.iplt))
 .rel.iplt      0x0000000000000000        0x0 app/libapp.a(main.c.obj)
                [!provide]                        PROVIDE (__rel_iplt_end = .)

.rela.plt       0x0000000000000000        0x0
 *(SORT_BY_ALIGNMENT(.rela.plt))
                [!provide]                        PROVIDE (__rela_iplt_start = .)
 *(SORT_BY_ALIGNMENT(.rela.iplt))
                [!provide]                        PROVIDE (__rela_iplt_end = .)

.rel.dyn
 *(SORT_BY_ALIGNMENT(.rel.*))

.rela.dyn
 *(SORT_BY_ALIGNMENT(.rela.*))

/DISCARD/
 *(SORT_BY_ALIGNMENT(.plt))
 *(SORT_BY_ALIGNMENT(.iplt))
 *(SORT_BY_ALIGNMENT(.got.plt))
 *(SORT_BY_ALIGNMENT(.igot.plt))
 *(SORT_BY_ALIGNMENT(.got))
 *(SORT_BY_ALIGNMENT(.igot))
 *(SORT_BY_ALIGNMENT(.note.GNU-stack))
                0x0000000000000000                _image_rom_start = 0x0

rom_start       0x0000000000000000      0x100
                0x0000000000000000                . = 0x0
                0x0000000000000000                . = ALIGN (0x4)
                0x0000000000000000                . = ALIGN (0x80)
                0x0000000000000000                . = ALIGN (0x100)
                0x0000000000000000                _vector_start = .
 *(SORT_BY_ALIGNMENT(.exc_vector_table))
 *(SORT_BY_ALIGNMENT(.exc_vector_table.*))
 .exc_vector_table._vector_table_section
                0x0000000000000000       0x40 zephyr/arch/arch/arm/core/aarch32/cortex_m/libarch__arm__core__aarch32__cortex_m.a(vector_table.S.obj)
                0x0000000000000000                _vector_table
 *(SORT_BY_ALIGNMENT(.gnu.linkonce.irq_vector_table*))
 .gnu.linkonce.irq_vector_table*
                0x0000000000000040       0xc0 zephyr/arch/common/libisr_tables.a(isr_tables.c.obj)
                0x0000000000000040                _irq_vector_table
 *(SORT_BY_ALIGNMENT(.vectors))
                0x0000000000000100                _vector_end = .
 *(SORT_BY_ALIGNMENT(.openocd_dbg))
 *(SORT_BY_ALIGNMENT(.openocd_dbg.*))

text            0x0000000000000100    0x248a4
                0x0000000000000100                _image_text_start = .
 *(SORT_BY_ALIGNMENT(.text))
 .text          0x0000000000000100       0x30 /home/joels/zephyr-sdk/arm-zephyr-eabi/bin/../lib/gcc/arm-zephyr-eabi/9.2.0/thumb/v7e-m/nofp/libgcc.a(_aeabi_uldivmod.o)
                0x0000000000000100                __aeabi_uldivmod
 .text          0x0000000000000130      0x2c4 /home/joels/zephyr-sdk/arm-zephyr-eabi/bin/../lib/gcc/arm-zephyr-eabi/9.2.0/thumb/v7e-m/nofp/libgcc.a(_udivmoddi4.o)
                0x0000000000000130                __udivmoddi4
 .text          0x00000000000003f4        0x4 /home/joels/zephyr-sdk/arm-zephyr-eabi/bin/../lib/gcc/arm-zephyr-eabi/9.2.0/thumb/v7e-m/nofp/libgcc.a(_dvmd_tls.o)
                0x00000000000003f4                __aeabi_ldiv0
                0x00000000000003f4                __aeabi_idiv0
 *(SORT_BY_ALIGNMENT(.text.*))
 .text.hci_init
                0x00000000000003f8      0x518 zephyr/subsys/bluetooth/host/libsubsys__bluetooth__host.a(hci_core.c.obj)
 .text.ull_drift_ticks_get
                0x0000000000000910       0x8c zephyr/subsys/bluetooth/controller/libsubsys__bluetooth__controller.a(ull.c.obj)
                0x0000000000000910                ull_drift_ticks_get
 *fill*         0x000000000000099c        0x4 
 .text.ll_adv_enable
                0x00000000000009a0      0x5b0 zephyr/subsys/bluetooth/controller/libsubsys__bluetooth__controller.a(ull_adv.c.obj)
                0x00000000000009a0                ll_adv_enable
 .text.ull_conn_llcp
                0x0000000000000f50     0x1b78 zephyr/subsys/bluetooth/controller/libsubsys__bluetooth__controller.a(ull_conn.c.obj)
                0x0000000000000f50                ull_conn_llcp
 .text.ull_slave_setup
                0x0000000000002ac8      0x3f4 zephyr/subsys/bluetooth/controller/libsubsys__bluetooth__controller.a(ull_slave.c.obj)
                0x0000000000002ac8                ull_slave_setup
 *fill*         0x0000000000002ebc        0x4 
 .text.nrf_flash_sync_exe
                0x0000000000002ec0       0xf8 zephyr/drivers/flash/libdrivers__flash.a(soc_flash_nrf_ticker.c.obj)
                0x0000000000002ec0                nrf_flash_sync_exe
 .text.nrf_flash_sync_check_time_limit
                0x0000000000002fb8       0x48 zephyr/drivers/flash/libdrivers__flash.a(soc_flash_nrf_ticker.c.obj)
                0x0000000000002fb8                nrf_flash_sync_check_time_limit
 .text.cb       0x0000000000003000        0xc app/libapp.a(main.c.obj)
                0x0000000000003000                cb
 .text.disconnected
                0x000000000000300c       0x24 app/libapp.a(main.c.obj)
 .text.discover_temperature
                0x0000000000003030       0xa0 app/libapp.a(main.c.obj)
 .text.connected
                0x00000000000030d0       0xf8 app/libapp.a(main.c.obj)
 .text.main     0x00000000000031c8      0x144 app/libapp.a(main.c.obj)
                0x00000000000031c8                main
 .text.interrupt_handler
                0x000000000000330c       0xa0 app/libapp.a(usb_cdc.c.obj)
 .text.usb_cdc_thread_main
                0x00000000000033ac       0xf4 app/libapp.a(usb_cdc.c.obj)
                0x00000000000033ac                usb_cdc_thread_main
 .text.usb_printf
                0x00000000000034a0       0x7c app/libapp.a(usb_cdc.c.obj)
                0x00000000000034a0                usb_printf
 .text.start_usb_cdc_thread
                0x000000000000351c       0x3c app/libapp.a(usb_cdc.c.obj)
                0x000000000000351c                start_usb_cdc_thread
 .text.char_out
                0x0000000000003558       0x10 zephyr/libzephyr.a(printk.c.obj)
 .text.__printk_hook_install
                0x0000000000003568        0xc zephyr/libzephyr.a(printk.c.obj)
                0x0000000000003568                __printk_hook_install
 .text.vprintk  0x0000000000003574       0x1c zephyr/libzephyr.a(printk.c.obj)
                0x0000000000003574                vprintk
 .text.vsnprintk
                0x0000000000003590       0x28 zephyr/libzephyr.a(printk.c.obj)
                0x0000000000003590                vsnprintk
 .text.process_event
                0x00000000000035b8      0x1cc zephyr/libzephyr.a(onoff.c.obj)
 .text.extract_conversion
                0x0000000000003784      0x2b0 zephyr/libzephyr.a(cbprintf_complete.c.obj)
 .text.cbvprintf
                0x0000000000003a34      0x414 zephyr/libzephyr.a(cbprintf_complete.c.obj)
                0x0000000000003a34                cbvprintf
 .text.enable_logger
                0x0000000000003e48       0x5c zephyr/libzephyr.a(log_core.c.obj)
 .text.log_process_thread_timer_expiry_fn
                0x0000000000003ea4        0xc zephyr/libzephyr.a(log_core.c.obj)
 .text.log_core_init
                0x0000000000003eb0       0x40 zephyr/libzephyr.a(log_core.c.obj)
                0x0000000000003eb0                log_core_init
 .text.dropped_notify
                0x0000000000003ef0       0x4c zephyr/libzephyr.a(log_core.c.obj)
                0x0000000000003ef0                dropped_notify
 .text.log_dropped
                0x0000000000003f3c       0x20 zephyr/libzephyr.a(log_core.c.obj)
                0x0000000000003f3c                log_dropped
 .text.log_source_name_get
                0x0000000000003f5c       0x1c zephyr/libzephyr.a(log_core.c.obj)
                0x0000000000003f5c                log_source_name_get
 .text.log_backend_enable
                0x0000000000003f78       0x34 zephyr/libzephyr.a(log_core.c.obj)
                0x0000000000003f78                log_backend_enable
 .text.log_init
                0x0000000000003fac       0x54 zephyr/libzephyr.a(log_core.c.obj)
                0x0000000000003fac                log_init
 .text.log_strdup
                0x0000000000004000       0x6c zephyr/libzephyr.a(log_core.c.obj)
                0x0000000000004000                log_strdup
 .text.log_is_strdup
                0x000000000000406c       0x1c zephyr/libzephyr.a(log_core.c.obj)
                0x000000000000406c                log_is_strdup
 .text.z_impl_log_process
                0x0000000000004088      0x170 zephyr/libzephyr.a(log_core.c.obj)
                0x0000000000004088                z_impl_log_process
 .text.msg_finalize
                0x00000000000041f8       0xc4 zephyr/libzephyr.a(log_core.c.obj)
 .text.log_process_thread_func
                0x00000000000042bc       0x48 zephyr/libzephyr.a(log_core.c.obj)
 .text.z_impl_log_panic
                0x0000000000004304       0x48 zephyr/libzephyr.a(log_core.c.obj)
                0x0000000000004304                z_impl_log_panic
 .text.log_free
                0x000000000000434c       0x34 zephyr/libzephyr.a(log_core.c.obj)
                0x000000000000434c                log_free
 .text.log_msg_pool_init
                0x0000000000004380       0x14 zephyr/libzephyr.a(log_msg.c.obj)
                0x0000000000004380                log_msg_pool_init
 .text.log_msg_no_space_handle
                0x0000000000004394       0x30 zephyr/libzephyr.a(log_msg.c.obj)
                0x0000000000004394                log_msg_no_space_handle
 .text.log_msg_chunk_alloc
                0x00000000000043c4       0x28 zephyr/libzephyr.a(log_msg.c.obj)
                0x00000000000043c4                log_msg_chunk_alloc
 .text.msg_free
                0x00000000000043ec       0x7c zephyr/libzephyr.a(log_msg.c.obj)
 .text.print_formatted
                0x0000000000004468       0x24 zephyr/libzephyr.a(log_output.c.obj)
 .text.prefix_print
                0x000000000000448c      0x11c zephyr/libzephyr.a(log_output.c.obj)
 .text.postfix_print
                0x00000000000045a8       0x3c zephyr/libzephyr.a(log_output.c.obj)
 .text.hexdump_line_print
                0x00000000000045e4       0xdc zephyr/libzephyr.a(log_output.c.obj)
 .text.log_output_msg_process
                0x00000000000046c0       0xf4 zephyr/libzephyr.a(log_output.c.obj)
                0x00000000000046c0                log_output_msg_process
 .text.log_output_dropped_process
                0x00000000000047b4       0x58 zephyr/libzephyr.a(log_output.c.obj)
                0x00000000000047b4                log_output_dropped_process
 .text.log_output_timestamp_freq_set
                0x000000000000480c       0x30 zephyr/libzephyr.a(log_output.c.obj)
                0x000000000000480c                log_output_timestamp_freq_set
 .text.char_out
                0x000000000000483c       0x24 zephyr/libzephyr.a(log_backend_uart.c.obj)
 .text.panic    0x0000000000004860        0xc zephyr/libzephyr.a(log_backend_uart.c.obj)
 .text.dropped  0x000000000000486c        0xc zephyr/libzephyr.a(log_backend_uart.c.obj)
 .text.log_backend_uart_init
                0x0000000000004878       0x18 zephyr/libzephyr.a(log_backend_uart.c.obj)
 .text.put      0x0000000000004890       0x24 zephyr/libzephyr.a(log_backend_uart.c.obj)
 .text.log_backend_rtt_init
                0x00000000000048b4        0xc zephyr/libzephyr.a(log_backend_rtt.c.obj)
 .text.panic    0x00000000000048c0       0x14 zephyr/libzephyr.a(log_backend_rtt.c.obj)
 .text.dropped  0x00000000000048d4        0xc zephyr/libzephyr.a(log_backend_rtt.c.obj)
 .text.put      0x00000000000048e0       0x24 zephyr/libzephyr.a(log_backend_rtt.c.obj)
 .text.on_failed_write.part.0
                0x0000000000004904       0x1c zephyr/libzephyr.a(log_backend_rtt.c.obj)
 .text.data_out_block_mode
                0x0000000000004920       0xa0 zephyr/libzephyr.a(log_backend_rtt.c.obj)
 .text.class_handler
                0x00000000000049c0       0x54 zephyr/libzephyr.a(usb_device.c.obj)
 .text.custom_handler
                0x0000000000004a14       0x60 zephyr/libzephyr.a(usb_device.c.obj)
 .text.vendor_handler
                0x0000000000004a74       0x50 zephyr/libzephyr.a(usb_device.c.obj)
 .text.set_endpoint
                0x0000000000004ac4       0xc8 zephyr/libzephyr.a(usb_device.c.obj)
 .text.forward_status_cb
                0x0000000000004b8c       0xac zephyr/libzephyr.a(usb_device.c.obj)
 .text.usb_handle_standard_request
                0x0000000000004c38      0x36c zephyr/libzephyr.a(usb_device.c.obj)
 .text.usb_handle_request.constprop.0
                0x0000000000004fa4       0x2c zephyr/libzephyr.a(usb_device.c.obj)
 .text.usb_write
                0x0000000000004fd0       0x5c zephyr/libzephyr.a(usb_device.c.obj)
                0x0000000000004fd0                usb_write
 .text.usb_data_to_host
                0x000000000000502c       0x50 zephyr/libzephyr.a(usb_device.c.obj)
 .text.usb_handle_control_transfer
                0x000000000000507c       0xfc zephyr/libzephyr.a(usb_device.c.obj)
 .text.usb_set_config
                0x0000000000005178       0x2c zephyr/libzephyr.a(usb_device.c.obj)
                0x0000000000005178                usb_set_config
 .text.usb_device_init
                0x00000000000051a4       0x44 zephyr/libzephyr.a(usb_device.c.obj)
 .text.usb_enable
                0x00000000000051e8      0x100 zephyr/libzephyr.a(usb_device.c.obj)
                0x00000000000051e8                usb_enable
 .text.usb_update_sn_string_descriptor
                0x00000000000052e8       0x7c zephyr/libzephyr.a(usb_descriptor.c.obj)
                0x00000000000052e8                usb_update_sn_string_descriptor
 .text.usb_fix_descriptor
                0x0000000000005364      0x234 zephyr/libzephyr.a(usb_descriptor.c.obj)
 .text.usb_get_device_descriptor
                0x0000000000005598       0x38 zephyr/libzephyr.a(usb_descriptor.c.obj)
                0x0000000000005598                usb_get_device_descriptor
 .text.k_work_submit_to_queue.constprop.0
                0x00000000000055d0       0x30 zephyr/libzephyr.a(usb_transfer.c.obj)
 .text.usb_transfer_work
                0x0000000000005600      0x130 zephyr/libzephyr.a(usb_transfer.c.obj)
 .text.usb_transfer_is_busy
                0x0000000000005730       0x30 zephyr/libzephyr.a(usb_transfer.c.obj)
                0x0000000000005730                usb_transfer_is_busy
 .text.usb_transfer_ep_callback
                0x0000000000005760       0x88 zephyr/libzephyr.a(usb_transfer.c.obj)
                0x0000000000005760                usb_transfer_ep_callback
 .text.usb_transfer
                0x00000000000057e8      0x118 zephyr/libzephyr.a(usb_transfer.c.obj)
                0x00000000000057e8                usb_transfer
 .text.usb_cancel_transfer
                0x0000000000005900       0x50 zephyr/libzephyr.a(usb_transfer.c.obj)
                0x0000000000005900                usb_cancel_transfer
 .text.usb_cancel_transfers
                0x0000000000005950       0x44 zephyr/libzephyr.a(usb_transfer.c.obj)
                0x0000000000005950                usb_cancel_transfers
 .text.usb_transfer_init
                0x0000000000005994       0x34 zephyr/libzephyr.a(usb_transfer.c.obj)
                0x0000000000005994                usb_transfer_init
 .text.tx_work_handler
                0x00000000000059c8       0x54 zephyr/libzephyr.a(cdc_acm.c.obj)
 .text.cdc_acm_class_handle_req
                0x0000000000005a1c       0x74 zephyr/libzephyr.a(cdc_acm.c.obj)
                0x0000000000005a1c                cdc_acm_class_handle_req
 .text.cdc_acm_int_in
                0x0000000000005a90       0x40 zephyr/libzephyr.a(cdc_acm.c.obj)
 .text.cdc_acm_send_notification
                0x0000000000005ad0       0x4c zephyr/libzephyr.a(cdc_acm.c.obj)
 .text.cdc_acm_init
                0x0000000000005b1c       0x50 zephyr/libzephyr.a(cdc_acm.c.obj)
 .text.k_work_submit_to_queue.constprop.0
                0x0000000000005b6c       0x30 zephyr/libzephyr.a(cdc_acm.c.obj)
 .text.cdc_acm_fifo_fill
                0x0000000000005b9c       0x70 zephyr/libzephyr.a(cdc_acm.c.obj)
 .text.cdc_acm_read_cb
                0x0000000000005c0c       0x70 zephyr/libzephyr.a(cdc_acm.c.obj)
 .text.cdc_acm_reset_port
                0x0000000000005c7c       0x40 zephyr/libzephyr.a(cdc_acm.c.obj)
 .text.cdc_acm_dev_status_cb
                0x0000000000005cbc      0x114 zephyr/libzephyr.a(cdc_acm.c.obj)
 .text.z_usb_work_q_init
                0x0000000000005dd0       0x30 zephyr/libzephyr.a(usb_work_q.c.obj)
 .text.uart_console_init
                0x0000000000005e00       0x2c zephyr/libzephyr.a(uart_console.c.obj)
 .text.console_out
                0x0000000000005e2c       0x28 zephyr/libzephyr.a(uart_console.c.obj)
 .text.onoff_stop
                0x0000000000005e54       0x48 zephyr/libzephyr.a(clock_control_nrf.c.obj)
 .text.onoff_start
                0x0000000000005e9c       0x54 zephyr/libzephyr.a(clock_control_nrf.c.obj)
 .text.clk_init
                0x0000000000005ef0       0x60 zephyr/libzephyr.a(clock_control_nrf.c.obj)
 .text.clkstarted_handle.constprop.0
                0x0000000000005f50       0x34 zephyr/libzephyr.a(clock_control_nrf.c.obj)
 .text.clock_event_handler
                0x0000000000005f84       0x1c zephyr/libzephyr.a(clock_control_nrf.c.obj)
 .text.generic_hfclk_start
                0x0000000000005fa0       0x64 zephyr/libzephyr.a(clock_control_nrf.c.obj)
 .text.generic_hfclk_stop
                0x0000000000006004       0x2c zephyr/libzephyr.a(clock_control_nrf.c.obj)
 .text.api_blocking_start
                0x0000000000006030       0x3c zephyr/libzephyr.a(clock_control_nrf.c.obj)
 .text.z_nrf_clock_control_get_onoff
                0x000000000000606c       0x10 zephyr/libzephyr.a(clock_control_nrf.c.obj)
                0x000000000000606c                z_nrf_clock_control_get_onoff
 .text.z_nrf_clock_bt_ctlr_hf_request
                0x000000000000607c       0x2c zephyr/libzephyr.a(clock_control_nrf.c.obj)
                0x000000000000607c                z_nrf_clock_bt_ctlr_hf_request
 .text.z_nrf_clock_bt_ctlr_hf_release
                0x00000000000060a8       0x2c zephyr/libzephyr.a(clock_control_nrf.c.obj)
                0x00000000000060a8                z_nrf_clock_bt_ctlr_hf_release
 .text.z_nrf_clock_control_lf_on
                0x00000000000060d4      0x10c zephyr/libzephyr.a(clock_control_nrf.c.obj)
                0x00000000000060d4                z_nrf_clock_control_lf_on
 .text.endpoint_ctx
                0x00000000000061e0       0x54 zephyr/libzephyr.a(usb_dc_nrfx.c.obj)
 .text.usbd_evt_put
                0x0000000000006234        0xc zephyr/libzephyr.a(usb_dc_nrfx.c.obj)
 .text.usb_init
                0x0000000000006240       0x44 zephyr/libzephyr.a(usb_dc_nrfx.c.obj)
 .text.hfxo_stop.constprop.0
                0x0000000000006284       0x4c zephyr/libzephyr.a(usb_dc_nrfx.c.obj)
 .text.usbd_work_schedule
                0x00000000000062d0       0x30 zephyr/libzephyr.a(usb_dc_nrfx.c.obj)
 .text.eps_ctx_init
                0x0000000000006300       0xd8 zephyr/libzephyr.a(usb_dc_nrfx.c.obj)
 .text.usbd_evt_flush
                0x00000000000063d8       0x20 zephyr/libzephyr.a(usb_dc_nrfx.c.obj)
 .text.usbd_evt_alloc
                0x00000000000063f8       0x98 zephyr/libzephyr.a(usb_dc_nrfx.c.obj)
 .text.usbd_event_transfer_data
                0x0000000000006490       0xd4 zephyr/libzephyr.a(usb_dc_nrfx.c.obj)
 .text.usbd_event_handler
                0x0000000000006564      0x15c zephyr/libzephyr.a(usb_dc_nrfx.c.obj)
 .text.usb_dc_power_event_handler
                0x00000000000066c0       0x5c zephyr/libzephyr.a(usb_dc_nrfx.c.obj)
 .text.usbd_work_handler
                0x000000000000671c      0x36c zephyr/libzephyr.a(usb_dc_nrfx.c.obj)
 .text.usb_dc_attach
                0x0000000000006a88       0x7c zephyr/libzephyr.a(usb_dc_nrfx.c.obj)
                0x0000000000006a88                usb_dc_attach
 .text.usb_dc_set_address
                0x0000000000006b04       0x24 zephyr/libzephyr.a(usb_dc_nrfx.c.obj)
                0x0000000000006b04                usb_dc_set_address
 .text.usb_dc_ep_check_cap
                0x0000000000006b28       0x74 zephyr/libzephyr.a(usb_dc_nrfx.c.obj)
                0x0000000000006b28                usb_dc_ep_check_cap
 .text.usb_dc_ep_configure
                0x0000000000006b9c       0x64 zephyr/libzephyr.a(usb_dc_nrfx.c.obj)
                0x0000000000006b9c                usb_dc_ep_configure
 .text.usb_dc_ep_set_stall
                0x0000000000006c00       0x70 zephyr/libzephyr.a(usb_dc_nrfx.c.obj)
                0x0000000000006c00                usb_dc_ep_set_stall
 .text.usb_dc_ep_clear_stall
                0x0000000000006c70       0x40 zephyr/libzephyr.a(usb_dc_nrfx.c.obj)
                0x0000000000006c70                usb_dc_ep_clear_stall
 .text.usb_dc_ep_is_stalled
                0x0000000000006cb0       0x38 zephyr/libzephyr.a(usb_dc_nrfx.c.obj)
                0x0000000000006cb0                usb_dc_ep_is_stalled
 .text.usb_dc_ep_enable
                0x0000000000006ce8       0x54 zephyr/libzephyr.a(usb_dc_nrfx.c.obj)
                0x0000000000006ce8                usb_dc_ep_enable
 .text.usb_dc_ep_disable
                0x0000000000006d3c       0x40 zephyr/libzephyr.a(usb_dc_nrfx.c.obj)
                0x0000000000006d3c                usb_dc_ep_disable
 .text.usb_dc_ep_write
                0x0000000000006d7c      0x134 zephyr/libzephyr.a(usb_dc_nrfx.c.obj)
                0x0000000000006d7c                usb_dc_ep_write
 .text.usb_dc_ep_read_wait
                0x0000000000006eb0       0xbc zephyr/libzephyr.a(usb_dc_nrfx.c.obj)
                0x0000000000006eb0                usb_dc_ep_read_wait
 .text.usb_dc_ep_read_continue
                0x0000000000006f6c       0xac zephyr/libzephyr.a(usb_dc_nrfx.c.obj)
                0x0000000000006f6c                usb_dc_ep_read_continue
 .text.usb_dc_ep_set_callback
                0x0000000000007018       0x28 zephyr/libzephyr.a(usb_dc_nrfx.c.obj)
                0x0000000000007018                usb_dc_ep_set_callback
 .text.usb_dc_set_status_callback
                0x0000000000007040        0xc zephyr/libzephyr.a(usb_dc_nrfx.c.obj)
                0x0000000000007040                usb_dc_set_status_callback
 .text.usb_dc_ep_mps
                0x000000000000704c       0x24 zephyr/libzephyr.a(usb_dc_nrfx.c.obj)
                0x000000000000704c                usb_dc_ep_mps
 .text.sys_clock_timeout_handler
                0x0000000000007070       0x18 zephyr/libzephyr.a(nrf_rtc_timer.c.obj)
 .text.rtc_nrf_isr
                0x0000000000007088       0x50 zephyr/libzephyr.a(nrf_rtc_timer.c.obj)
                0x0000000000007088                rtc_nrf_isr
 .text.set_absolute_alarm
                0x00000000000070d8       0x80 zephyr/libzephyr.a(nrf_rtc_timer.c.obj)
 .text.z_clock_driver_init
                0x0000000000007158       0x4c zephyr/libzephyr.a(nrf_rtc_timer.c.obj)
                0x0000000000007158                z_clock_driver_init
 .text.z_clock_set_timeout
                0x00000000000071a4       0x64 zephyr/libzephyr.a(nrf_rtc_timer.c.obj)
                0x00000000000071a4                z_clock_set_timeout
 .text.z_clock_elapsed
                0x0000000000007208       0x34 zephyr/libzephyr.a(nrf_rtc_timer.c.obj)
                0x0000000000007208                z_clock_elapsed
 .text.z_timer_cycle_get_32
                0x000000000000723c       0x34 zephyr/libzephyr.a(nrf_rtc_timer.c.obj)
                0x000000000000723c                z_timer_cycle_get_32
 .text._DoInit  0x0000000000007270       0x60 zephyr/libzephyr.a(SEGGER_RTT.c.obj)
 .text.SEGGER_RTT_WriteSkipNoLock
                0x00000000000072d0       0x98 zephyr/libzephyr.a(SEGGER_RTT.c.obj)
                0x00000000000072d0                SEGGER_RTT_WriteSkipNoLock
 .text.SEGGER_RTT_HasDataUp
                0x0000000000007368       0x14 zephyr/libzephyr.a(SEGGER_RTT.c.obj)
                0x0000000000007368                SEGGER_RTT_HasDataUp
 .text.uECC_get_rng
                0x000000000000737c        0xc zephyr/libzephyr.a(ecc.c.obj)
                0x000000000000737c                uECC_get_rng
 .text.vli_mmod_fast_secp256r1
                0x0000000000007388      0x1a0 zephyr/libzephyr.a(ecc.c.obj)
                0x0000000000007388                vli_mmod_fast_secp256r1
 .text.tc_aes128_set_encrypt_key
                0x0000000000007528       0xa4 zephyr/libzephyr.a(aes_encrypt.c.obj)
                0x0000000000007528                tc_aes128_set_encrypt_key
 .text.tc_aes_encrypt
                0x00000000000075cc       0xd4 zephyr/libzephyr.a(aes_encrypt.c.obj)
                0x00000000000075cc                tc_aes_encrypt
 .text.arch_swap
                0x00000000000076a0       0x38 zephyr/arch/arch/arm/core/aarch32/libarch__arm__core__aarch32.a(swap.c.obj)
                0x00000000000076a0                arch_swap
 .text.z_arm_pendsv
                0x00000000000076d8       0x54 zephyr/arch/arch/arm/core/aarch32/libarch__arm__core__aarch32.a(swap_helper.S.obj)
                0x00000000000076d8                z_arm_pendsv
 .text.z_arm_svc
                0x000000000000772c       0x20 zephyr/arch/arch/arm/core/aarch32/libarch__arm__core__aarch32.a(swap_helper.S.obj)
                0x000000000000772c                z_arm_svc
 .text.arch_irq_enable
                0x000000000000774c       0x20 zephyr/arch/arch/arm/core/aarch32/libarch__arm__core__aarch32.a(irq_manage.c.obj)
                0x000000000000774c                arch_irq_enable
 .text.arch_irq_disable
                0x000000000000776c       0x28 zephyr/arch/arch/arm/core/aarch32/libarch__arm__core__aarch32.a(irq_manage.c.obj)
                0x000000000000776c                arch_irq_disable
 .text.arch_irq_is_enabled
                0x0000000000007794       0x1c zephyr/arch/arch/arm/core/aarch32/libarch__arm__core__aarch32.a(irq_manage.c.obj)
                0x0000000000007794                arch_irq_is_enabled
 .text.z_arm_irq_priority_set
                0x00000000000077b0       0x30 zephyr/arch/arch/arm/core/aarch32/libarch__arm__core__aarch32.a(irq_manage.c.obj)
                0x00000000000077b0                z_arm_irq_priority_set
 .text._arch_isr_direct_pm
                0x00000000000077e0       0x1c zephyr/arch/arch/arm/core/aarch32/libarch__arm__core__aarch32.a(irq_manage.c.obj)
                0x00000000000077e0                _arch_isr_direct_pm
 .text.arch_new_thread
                0x00000000000077fc       0x38 zephyr/arch/arch/arm/core/aarch32/libarch__arm__core__aarch32.a(thread.c.obj)
                0x00000000000077fc                arch_new_thread
 .text.z_check_thread_stack_fail
                0x0000000000007834       0x34 zephyr/arch/arch/arm/core/aarch32/libarch__arm__core__aarch32.a(thread.c.obj)
                0x0000000000007834                z_check_thread_stack_fail
 .text.arch_switch_to_main_thread
                0x0000000000007868       0x34 zephyr/arch/arch/arm/core/aarch32/libarch__arm__core__aarch32.a(thread.c.obj)
                0x0000000000007868                arch_switch_to_main_thread
 .text.z_arm_cpu_idle_init
                0x000000000000789c        0xc zephyr/arch/arch/arm/core/aarch32/libarch__arm__core__aarch32.a(cpu_idle.S.obj)
                0x000000000000789c                z_arm_cpu_idle_init
 .text.arch_cpu_idle
                0x00000000000078a8       0x1c zephyr/arch/arch/arm/core/aarch32/libarch__arm__core__aarch32.a(cpu_idle.S.obj)
                0x00000000000078a8                arch_cpu_idle
 .text.arch_cpu_atomic_idle
                0x00000000000078c4       0x14 zephyr/arch/arch/arm/core/aarch32/libarch__arm__core__aarch32.a(cpu_idle.S.obj)
                0x00000000000078c4                arch_cpu_atomic_idle
 .text.z_arm_fatal_error
                0x00000000000078d8       0x70 zephyr/arch/arch/arm/core/aarch32/libarch__arm__core__aarch32.a(fatal.c.obj)
                0x00000000000078d8                z_arm_fatal_error
 .text.z_SysNmiOnReset
                0x0000000000007948        0x8 zephyr/arch/arch/arm/core/aarch32/libarch__arm__core__aarch32.a(nmi_on_reset.S.obj)
                0x0000000000007948                z_SysNmiOnReset
 .text.z_arm_prep_c
                0x0000000000007950       0x44 zephyr/arch/arch/arm/core/aarch32/libarch__arm__core__aarch32.a(prep_c.c.obj)
                0x0000000000007950                z_arm_prep_c
 .text._isr_wrapper
                0x0000000000007994       0x40 zephyr/arch/arch/arm/core/aarch32/libarch__arm__core__aarch32.a(isr_wrapper.S.obj)
                0x0000000000007994                _isr_wrapper
 .text._reset_section
                0x00000000000079d4       0x30 zephyr/arch/arch/arm/core/aarch32/cortex_m/libarch__arm__core__aarch32__cortex_m.a(reset.S.obj)
                0x00000000000079d4                z_arm_reset
                0x00000000000079d4                __start
 .text.__fault  0x0000000000007a04       0x14 zephyr/arch/arch/arm/core/aarch32/cortex_m/libarch__arm__core__aarch32__cortex_m.a(fault_s.S.obj)
                0x0000000000007a04                z_arm_bus_fault
                0x0000000000007a04                z_arm_usage_fault
                0x0000000000007a04                z_arm_mpu_fault
                0x0000000000007a04                z_arm_exc_spurious
                0x0000000000007a04                z_arm_debug_monitor
                0x0000000000007a04                z_arm_hard_fault
 .text.mem_manage_fault
                0x0000000000007a18       0xfc zephyr/arch/arch/arm/core/aarch32/cortex_m/libarch__arm__core__aarch32__cortex_m.a(fault.c.obj)
 .text.usage_fault.isra.0
                0x0000000000007b14       0xb8 zephyr/arch/arch/arm/core/aarch32/cortex_m/libarch__arm__core__aarch32__cortex_m.a(fault.c.obj)
 .text.bus_fault.isra.0
                0x0000000000007bcc       0xdc zephyr/arch/arch/arm/core/aarch32/cortex_m/libarch__arm__core__aarch32__cortex_m.a(fault.c.obj)
 .text.z_arm_fault
                0x0000000000007ca8      0x19c zephyr/arch/arch/arm/core/aarch32/cortex_m/libarch__arm__core__aarch32__cortex_m.a(fault.c.obj)
                0x0000000000007ca8                z_arm_fault
 .text.z_arm_fault_init
                0x0000000000007e44       0x10 zephyr/arch/arch/arm/core/aarch32/cortex_m/libarch__arm__core__aarch32__cortex_m.a(fault.c.obj)
                0x0000000000007e44                z_arm_fault_init
 .text._HandlerModeExit
                0x0000000000007e54       0x1c zephyr/arch/arch/arm/core/aarch32/cortex_m/libarch__arm__core__aarch32__cortex_m.a(exc_exit.S.obj)
                0x0000000000007e54                z_arm_exc_exit
                0x0000000000007e54                z_arm_int_exit
 .text.z_arm_interrupt_init
                0x0000000000007e70       0x18 zephyr/arch/arch/arm/core/aarch32/cortex_m/libarch__arm__core__aarch32__cortex_m.a(irq_init.c.obj)
                0x0000000000007e70                z_arm_interrupt_init
 .text.z_impl_k_thread_abort
                0x0000000000007e88       0x44 zephyr/arch/arch/arm/core/aarch32/cortex_m/libarch__arm__core__aarch32__cortex_m.a(thread_abort.c.obj)
                0x0000000000007e88                z_impl_k_thread_abort
 .text.z_arm_configure_static_mpu_regions
                0x0000000000007ecc       0x18 zephyr/arch/arch/arm/core/aarch32/cortex_m/mpu/libarch__arm__core__aarch32__cortex_m__mpu.a(arm_core_mpu.c.obj)
                0x0000000000007ecc                z_arm_configure_static_mpu_regions
 .text.z_arm_configure_dynamic_mpu_regions
                0x0000000000007ee4       0x20 zephyr/arch/arch/arm/core/aarch32/cortex_m/mpu/libarch__arm__core__aarch32__cortex_m__mpu.a(arm_core_mpu.c.obj)
                0x0000000000007ee4                z_arm_configure_dynamic_mpu_regions
 .text.mpu_configure_regions
                0x0000000000007f04       0xb8 zephyr/arch/arch/arm/core/aarch32/cortex_m/mpu/libarch__arm__core__aarch32__cortex_m__mpu.a(arm_mpu.c.obj)
 .text.arm_core_mpu_enable
                0x0000000000007fbc       0x14 zephyr/arch/arch/arm/core/aarch32/cortex_m/mpu/libarch__arm__core__aarch32__cortex_m__mpu.a(arm_mpu.c.obj)
                0x0000000000007fbc                arm_core_mpu_enable
 .text.arm_core_mpu_disable
                0x0000000000007fd0       0x10 zephyr/arch/arch/arm/core/aarch32/cortex_m/mpu/libarch__arm__core__aarch32__cortex_m__mpu.a(arm_mpu.c.obj)
                0x0000000000007fd0                arm_core_mpu_disable
 .text.arm_mpu_init
                0x0000000000007fe0       0x5c zephyr/arch/arch/arm/core/aarch32/cortex_m/mpu/libarch__arm__core__aarch32__cortex_m__mpu.a(arm_mpu.c.obj)
 .text.arm_core_mpu_configure_static_mpu_regions
                0x000000000000803c       0x14 zephyr/arch/arch/arm/core/aarch32/cortex_m/mpu/libarch__arm__core__aarch32__cortex_m__mpu.a(arm_mpu.c.obj)
                0x000000000000803c                arm_core_mpu_configure_static_mpu_regions
 .text.arm_core_mpu_configure_dynamic_mpu_regions
                0x0000000000008050       0x2c zephyr/arch/arch/arm/core/aarch32/cortex_m/mpu/libarch__arm__core__aarch32__cortex_m__mpu.a(arm_mpu.c.obj)
                0x0000000000008050                arm_core_mpu_configure_dynamic_mpu_regions
 .text.__stdout_hook_install
                0x000000000000807c        0xc zephyr/lib/libc/minimal/liblib__libc__minimal.a(stdout_console.c.obj)
                0x000000000000807c                __stdout_hook_install
 .text.vsnprintf
                0x0000000000008088       0x24 zephyr/lib/libc/minimal/liblib__libc__minimal.a(sprintf.c.obj)
                0x0000000000008088                vsnprintf
 .text.nordicsemi_nrf52_init
                0x00000000000080ac       0x30 zephyr/soc/arm/nordic_nrf/nrf52/libsoc__arm__nordic_nrf__nrf52.a(soc.c.obj)
 .text.arch_busy_wait
                0x00000000000080dc       0x14 zephyr/soc/arm/nordic_nrf/nrf52/libsoc__arm__nordic_nrf__nrf52.a(soc.c.obj)
                0x00000000000080dc                arch_busy_wait
 .text.bt_hex_real
                0x00000000000080f0       0x44 zephyr/subsys/bluetooth/common/libsubsys__bluetooth__common.a(log.c.obj)
                0x00000000000080f0                bt_hex_real
 .text.bt_addr_le_str_real
                0x0000000000008134       0x7c zephyr/subsys/bluetooth/common/libsubsys__bluetooth__common.a(log.c.obj)
                0x0000000000008134                bt_addr_le_str_real
 .text.ecc_thread
                0x00000000000081b0      0x1c4 zephyr/subsys/bluetooth/host/libsubsys__bluetooth__host.a(hci_ecc.c.obj)
 .text.bt_hci_ecc_send
                0x0000000000008374      0x110 zephyr/subsys/bluetooth/host/libsubsys__bluetooth__host.a(hci_ecc.c.obj)
                0x0000000000008374                bt_hci_ecc_send
 .text.bt_hci_ecc_init
                0x0000000000008484       0x48 zephyr/subsys/bluetooth/host/libsubsys__bluetooth__host.a(hci_ecc.c.obj)
                0x0000000000008484                bt_hci_ecc_init
 .text.uuid_to_uuid128
                0x00000000000084cc       0x7c zephyr/subsys/bluetooth/host/libsubsys__bluetooth__host.a(uuid.c.obj)
 .text.bt_buf_get_rx
                0x0000000000008548       0x20 zephyr/subsys/bluetooth/host/libsubsys__bluetooth__host.a(buf.c.obj)
                0x0000000000008548                bt_buf_get_rx
 .text.bt_buf_get_cmd_complete
                0x0000000000008568       0x4c zephyr/subsys/bluetooth/host/libsubsys__bluetooth__host.a(buf.c.obj)
                0x0000000000008568                bt_buf_get_cmd_complete
 .text.bt_buf_get_evt
                0x00000000000085b4       0x54 zephyr/subsys/bluetooth/host/libsubsys__bluetooth__host.a(buf.c.obj)
                0x00000000000085b4                bt_buf_get_evt
 .text.le_dhkey_complete
                0x0000000000008608       0x20 zephyr/subsys/bluetooth/host/libsubsys__bluetooth__host.a(hci_core.c.obj)
 .text.ver_str  0x0000000000008628       0x38 zephyr/subsys/bluetooth/host/libsubsys__bluetooth__host.a(hci_core.c.obj)
 .text.id_find  0x0000000000008660       0x30 zephyr/subsys/bluetooth/host/libsubsys__bluetooth__host.a(hci_core.c.obj)
 .text.valid_adv_param
                0x0000000000008690       0x7c zephyr/subsys/bluetooth/host/libsubsys__bluetooth__host.a(hci_core.c.obj)
 .text.hci_data_buf_overflow
                0x000000000000870c       0x24 zephyr/subsys/bluetooth/host/libsubsys__bluetooth__host.a(hci_core.c.obj)
 .text.le_pkey_complete
                0x0000000000008730       0x50 zephyr/subsys/bluetooth/host/libsubsys__bluetooth__host.a(hci_core.c.obj)
 .text.hci_hardware_error
                0x0000000000008780       0x30 zephyr/subsys/bluetooth/host/libsubsys__bluetooth__host.a(hci_core.c.obj)
 .text.le_data_len_change
                0x00000000000087b0       0x3c zephyr/subsys/bluetooth/host/libsubsys__bluetooth__host.a(hci_core.c.obj)
 .text.hci_disconn_complete_prio
                0x00000000000087ec       0x50 zephyr/subsys/bluetooth/host/libsubsys__bluetooth__host.a(hci_core.c.obj)
 .text.hci_disconn_complete
                0x000000000000883c       0x54 zephyr/subsys/bluetooth/host/libsubsys__bluetooth__host.a(hci_core.c.obj)
 .text.hci_vendor_event
                0x0000000000008890       0x38 zephyr/subsys/bluetooth/host/libsubsys__bluetooth__host.a(hci_core.c.obj)
 .text.le_conn_update_complete
                0x00000000000088c8       0x9c zephyr/subsys/bluetooth/host/libsubsys__bluetooth__host.a(hci_core.c.obj)
 .text.update_sec_level
                0x0000000000008964       0x64 zephyr/subsys/bluetooth/host/libsubsys__bluetooth__host.a(hci_core.c.obj)
 .text.hci_encrypt_key_refresh_complete
                0x00000000000089c8       0x70 zephyr/subsys/bluetooth/host/libsubsys__bluetooth__host.a(hci_core.c.obj)
 .text.hci_encrypt_change
                0x0000000000008a38       0x78 zephyr/subsys/bluetooth/host/libsubsys__bluetooth__host.a(hci_core.c.obj)
 .text.find_pending_connect.part.0
                0x0000000000008ab0       0x3c zephyr/subsys/bluetooth/host/libsubsys__bluetooth__host.a(hci_core.c.obj)
 .text.hci_cmd_done
                0x0000000000008aec       0xf4 zephyr/subsys/bluetooth/host/libsubsys__bluetooth__host.a(hci_core.c.obj)
 .text.handle_event
                0x0000000000008be0       0x84 zephyr/subsys/bluetooth/host/libsubsys__bluetooth__host.a(hci_core.c.obj)
 .text.hci_le_meta_event
                0x0000000000008c64       0x20 zephyr/subsys/bluetooth/host/libsubsys__bluetooth__host.a(hci_core.c.obj)
 .text.id_create.isra.0
                0x0000000000008c84       0x54 zephyr/subsys/bluetooth/host/libsubsys__bluetooth__host.a(hci_core.c.obj)
 .text.hci_tx_thread
                0x0000000000008cd8      0x188 zephyr/subsys/bluetooth/host/libsubsys__bluetooth__host.a(hci_core.c.obj)
 .text.hci_num_completed_packets
                0x0000000000008e60      0x110 zephyr/subsys/bluetooth/host/libsubsys__bluetooth__host.a(hci_core.c.obj)
 .text.le_adv_start_add_conn
                0x0000000000008f70       0xa8 zephyr/subsys/bluetooth/host/libsubsys__bluetooth__host.a(hci_core.c.obj)
 .text.hci_cmd_status
                0x0000000000009018       0x2c zephyr/subsys/bluetooth/host/libsubsys__bluetooth__host.a(hci_core.c.obj)
 .text.hci_cmd_complete
                0x0000000000009044       0x30 zephyr/subsys/bluetooth/host/libsubsys__bluetooth__host.a(hci_core.c.obj)
 .text.bt_hci_cmd_create
                0x0000000000009074       0x70 zephyr/subsys/bluetooth/host/libsubsys__bluetooth__host.a(hci_core.c.obj)
                0x0000000000009074                bt_hci_cmd_create
 .text.bt_hci_cmd_send
                0x00000000000090e4       0x64 zephyr/subsys/bluetooth/host/libsubsys__bluetooth__host.a(hci_core.c.obj)
                0x00000000000090e4                bt_hci_cmd_send
 .text.le_ltk_request
                0x0000000000009148       0xc0 zephyr/subsys/bluetooth/host/libsubsys__bluetooth__host.a(hci_core.c.obj)
 .text.le_conn_param_neg_reply
                0x0000000000009208       0x54 zephyr/subsys/bluetooth/host/libsubsys__bluetooth__host.a(hci_core.c.obj)
 .text.le_conn_param_req
                0x000000000000925c       0xd0 zephyr/subsys/bluetooth/host/libsubsys__bluetooth__host.a(hci_core.c.obj)
 .text.bt_hci_cmd_send_sync
                0x000000000000932c       0xf0 zephyr/subsys/bluetooth/host/libsubsys__bluetooth__host.a(hci_core.c.obj)
                0x000000000000932c                bt_hci_cmd_send_sync
 .text.hci_le_read_max_data_len
                0x000000000000941c       0x54 zephyr/subsys/bluetooth/host/libsubsys__bluetooth__host.a(hci_core.c.obj)
 .text.set_random_address
                0x0000000000009470       0x5c zephyr/subsys/bluetooth/host/libsubsys__bluetooth__host.a(hci_core.c.obj)
 .text.le_adv_set_random_addr.isra.0
                0x00000000000094cc       0xb4 zephyr/subsys/bluetooth/host/libsubsys__bluetooth__host.a(hci_core.c.obj)
 .text.set_le_adv_enable_legacy
                0x0000000000009580       0x5c zephyr/subsys/bluetooth/host/libsubsys__bluetooth__host.a(hci_core.c.obj)
 .text.hci_set_ad
                0x00000000000095dc       0xe4 zephyr/subsys/bluetooth/host/libsubsys__bluetooth__host.a(hci_core.c.obj)
 .text.le_adv_update.constprop.0
                0x00000000000096c0       0xe8 zephyr/subsys/bluetooth/host/libsubsys__bluetooth__host.a(hci_core.c.obj)
 .text.conn_auto_initiate
                0x00000000000097a8       0xf4 zephyr/subsys/bluetooth/host/libsubsys__bluetooth__host.a(hci_core.c.obj)
 .text.le_phy_update_complete
                0x000000000000989c       0x64 zephyr/subsys/bluetooth/host/libsubsys__bluetooth__host.a(hci_core.c.obj)
 .text.le_remote_feat_complete
                0x0000000000009900       0x60 zephyr/subsys/bluetooth/host/libsubsys__bluetooth__host.a(hci_core.c.obj)
 .text.bt_id_add
                0x0000000000009960      0x198 zephyr/subsys/bluetooth/host/libsubsys__bluetooth__host.a(hci_core.c.obj)
                0x0000000000009960                bt_id_add
 .text.bt_id_del
                0x0000000000009af8      0x138 zephyr/subsys/bluetooth/host/libsubsys__bluetooth__host.a(hci_core.c.obj)
                0x0000000000009af8                bt_id_del
 .text.hci_event_prio
                0x0000000000009c30       0xa4 zephyr/subsys/bluetooth/host/libsubsys__bluetooth__host.a(hci_core.c.obj)
                0x0000000000009c30                hci_event_prio
 .text.bt_recv  0x0000000000009cd4      0x148 zephyr/subsys/bluetooth/host/libsubsys__bluetooth__host.a(hci_core.c.obj)
                0x0000000000009cd4                bt_recv
 .text.bt_recv_prio
                0x0000000000009e1c       0x3c zephyr/subsys/bluetooth/host/libsubsys__bluetooth__host.a(hci_core.c.obj)
                0x0000000000009e1c                bt_recv_prio
 .text.bt_hci_driver_register
                0x0000000000009e58       0x28 zephyr/subsys/bluetooth/host/libsubsys__bluetooth__host.a(hci_core.c.obj)
                0x0000000000009e58                bt_hci_driver_register
 .text.bt_finalize_init
                0x0000000000009e80       0xd8 zephyr/subsys/bluetooth/host/libsubsys__bluetooth__host.a(hci_core.c.obj)
                0x0000000000009e80                bt_finalize_init
 .text.bt_get_name
                0x0000000000009f58        0x8 zephyr/subsys/bluetooth/host/libsubsys__bluetooth__host.a(hci_core.c.obj)
                0x0000000000009f58                bt_get_name
 .text.bt_id_create
                0x0000000000009f60       0x88 zephyr/subsys/bluetooth/host/libsubsys__bluetooth__host.a(hci_core.c.obj)
                0x0000000000009f60                bt_id_create
 .text.bt_setup_public_id_addr
                0x0000000000009fe8       0xa0 zephyr/subsys/bluetooth/host/libsubsys__bluetooth__host.a(hci_core.c.obj)
                0x0000000000009fe8                bt_setup_public_id_addr
 .text.bt_read_static_addr
                0x000000000000a088       0xb4 zephyr/subsys/bluetooth/host/libsubsys__bluetooth__host.a(hci_core.c.obj)
                0x000000000000a088                bt_read_static_addr
 .text.bt_setup_random_id_addr
                0x000000000000a13c       0x58 zephyr/subsys/bluetooth/host/libsubsys__bluetooth__host.a(hci_core.c.obj)
                0x000000000000a13c                bt_setup_random_id_addr
 .text.bt_enable
                0x000000000000a194       0xfc zephyr/subsys/bluetooth/host/libsubsys__bluetooth__host.a(hci_core.c.obj)
                0x000000000000a194                bt_enable
 .text.init_work
                0x000000000000a290       0x2c zephyr/subsys/bluetooth/host/libsubsys__bluetooth__host.a(hci_core.c.obj)
 .text.bt_le_adv_start_legacy
                0x000000000000a2bc      0x234 zephyr/subsys/bluetooth/host/libsubsys__bluetooth__host.a(hci_core.c.obj)
                0x000000000000a2bc                bt_le_adv_start_legacy
 .text.bt_le_adv_start
                0x000000000000a4f0       0x1c zephyr/subsys/bluetooth/host/libsubsys__bluetooth__host.a(hci_core.c.obj)
                0x000000000000a4f0                bt_le_adv_start
 .text.bt_le_adv_stop
                0x000000000000a50c       0x98 zephyr/subsys/bluetooth/host/libsubsys__bluetooth__host.a(hci_core.c.obj)
                0x000000000000a50c                bt_le_adv_stop
 .text.bt_le_adv_resume
                0x000000000000a5a4       0x6c zephyr/subsys/bluetooth/host/libsubsys__bluetooth__host.a(hci_core.c.obj)
                0x000000000000a5a4                bt_le_adv_resume
 .text.enh_conn_complete
                0x000000000000a610      0x1c8 zephyr/subsys/bluetooth/host/libsubsys__bluetooth__host.a(hci_core.c.obj)
 .text.bt_pub_key_gen
                0x000000000000a7d8       0xa4 zephyr/subsys/bluetooth/host/libsubsys__bluetooth__host.a(hci_core.c.obj)
                0x000000000000a7d8                bt_pub_key_gen
 .text.bt_pub_key_get
                0x000000000000a87c       0x1c zephyr/subsys/bluetooth/host/libsubsys__bluetooth__host.a(hci_core.c.obj)
                0x000000000000a87c                bt_pub_key_get
 .text.bt_dh_key_gen
                0x000000000000a898       0x74 zephyr/subsys/bluetooth/host/libsubsys__bluetooth__host.a(hci_core.c.obj)
                0x000000000000a898                bt_dh_key_gen
 .text.tx_free  0x000000000000a90c       0x14 zephyr/subsys/bluetooth/host/libsubsys__bluetooth__host.a(conn.c.obj)
 .text.notify_connected
                0x000000000000a920       0x2c zephyr/subsys/bluetooth/host/libsubsys__bluetooth__host.a(conn.c.obj)
 .text.send_frag
                0x000000000000a94c      0x138 zephyr/subsys/bluetooth/host/libsubsys__bluetooth__host.a(conn.c.obj)
 .text.bt_conn_get_pkts
                0x000000000000aa84        0x8 zephyr/subsys/bluetooth/host/libsubsys__bluetooth__host.a(conn.c.obj)
                0x000000000000aa84                bt_conn_get_pkts
 .text.notify_le_param_updated
                0x000000000000aa8c       0x70 zephyr/subsys/bluetooth/host/libsubsys__bluetooth__host.a(conn.c.obj)
                0x000000000000aa8c                notify_le_param_updated
 .text.le_param_req
                0x000000000000aafc       0x40 zephyr/subsys/bluetooth/host/libsubsys__bluetooth__host.a(conn.c.obj)
                0x000000000000aafc                le_param_req
 .text.bt_conn_identity_resolved
                0x000000000000ab3c       0x34 zephyr/subsys/bluetooth/host/libsubsys__bluetooth__host.a(conn.c.obj)
                0x000000000000ab3c                bt_conn_identity_resolved
 .text.bt_conn_security_changed
                0x000000000000ab70       0x2c zephyr/subsys/bluetooth/host/libsubsys__bluetooth__host.a(conn.c.obj)
                0x000000000000ab70                bt_conn_security_changed
 .text.bt_conn_cb_register
                0x000000000000ab9c       0x10 zephyr/subsys/bluetooth/host/libsubsys__bluetooth__host.a(conn.c.obj)
                0x000000000000ab9c                bt_conn_cb_register
 .text.conn_cleanup
                0x000000000000abac       0x44 zephyr/subsys/bluetooth/host/libsubsys__bluetooth__host.a(conn.c.obj)
 .text.bt_conn_recv
                0x000000000000abf0      0x114 zephyr/subsys/bluetooth/host/libsubsys__bluetooth__host.a(conn.c.obj)
                0x000000000000abf0                bt_conn_recv
 .text.bt_conn_send_cb
                0x000000000000ad04       0xd8 zephyr/subsys/bluetooth/host/libsubsys__bluetooth__host.a(conn.c.obj)
                0x000000000000ad04                bt_conn_send_cb
 .text.bt_conn_prepare_events
                0x000000000000addc       0x7c zephyr/subsys/bluetooth/host/libsubsys__bluetooth__host.a(conn.c.obj)
                0x000000000000addc                bt_conn_prepare_events
 .text.bt_conn_add_le
                0x000000000000ae58       0x5c zephyr/subsys/bluetooth/host/libsubsys__bluetooth__host.a(conn.c.obj)
                0x000000000000ae58                bt_conn_add_le
 .text.bt_conn_lookup_handle
                0x000000000000aeb4       0x18 zephyr/subsys/bluetooth/host/libsubsys__bluetooth__host.a(conn.c.obj)
                0x000000000000aeb4                bt_conn_lookup_handle
 .text.bt_conn_set_state
                0x000000000000aecc      0x1d8 zephyr/subsys/bluetooth/host/libsubsys__bluetooth__host.a(conn.c.obj)
                0x000000000000aecc                bt_conn_set_state
 .text.bt_conn_lookup_addr_le
                0x000000000000b0a4       0x3c zephyr/subsys/bluetooth/host/libsubsys__bluetooth__host.a(conn.c.obj)
                0x000000000000b0a4                bt_conn_lookup_addr_le
 .text.bt_conn_exists_le
                0x000000000000b0e0       0x4c zephyr/subsys/bluetooth/host/libsubsys__bluetooth__host.a(conn.c.obj)
                0x000000000000b0e0                bt_conn_exists_le
 .text.bt_conn_lookup_state_le
                0x000000000000b12c       0x48 zephyr/subsys/bluetooth/host/libsubsys__bluetooth__host.a(conn.c.obj)
                0x000000000000b12c                bt_conn_lookup_state_le
 .text.bt_conn_disconnect
                0x000000000000b174       0x78 zephyr/subsys/bluetooth/host/libsubsys__bluetooth__host.a(conn.c.obj)
                0x000000000000b174                bt_conn_disconnect
 .text.send_conn_le_param_update
                0x000000000000b1ec       0x60 zephyr/subsys/bluetooth/host/libsubsys__bluetooth__host.a(conn.c.obj)
 .text.deferred_work
                0x000000000000b24c       0x9c zephyr/subsys/bluetooth/host/libsubsys__bluetooth__host.a(conn.c.obj)
 .text.bt_conn_create_pdu_timeout
                0x000000000000b2e8       0x48 zephyr/subsys/bluetooth/host/libsubsys__bluetooth__host.a(conn.c.obj)
                0x000000000000b2e8                bt_conn_create_pdu_timeout
 .text.bt_conn_create_frag_timeout
                0x000000000000b330        0xc zephyr/subsys/bluetooth/host/libsubsys__bluetooth__host.a(conn.c.obj)
                0x000000000000b330                bt_conn_create_frag_timeout
 .text.create_frag.isra.0
                0x000000000000b33c       0x6c zephyr/subsys/bluetooth/host/libsubsys__bluetooth__host.a(conn.c.obj)
 .text.bt_conn_process_tx
                0x000000000000b3a8       0xd0 zephyr/subsys/bluetooth/host/libsubsys__bluetooth__host.a(conn.c.obj)
                0x000000000000b3a8                bt_conn_process_tx
 .text.bt_conn_index
                0x000000000000b478       0x18 zephyr/subsys/bluetooth/host/libsubsys__bluetooth__host.a(conn.c.obj)
                0x000000000000b478                bt_conn_index
 .text.bt_conn_init
                0x000000000000b490       0x40 zephyr/subsys/bluetooth/host/libsubsys__bluetooth__host.a(conn.c.obj)
                0x000000000000b490                bt_conn_init
 .text.l2cap_accept
                0x000000000000b4d0       0x44 zephyr/subsys/bluetooth/host/libsubsys__bluetooth__host.a(l2cap.c.obj)
 .text.l2cap_create_le_sig_pdu.isra.0
                0x000000000000b514       0x50 zephyr/subsys/bluetooth/host/libsubsys__bluetooth__host.a(l2cap.c.obj)
 .text.l2cap_rtx_timeout
                0x000000000000b564       0x3c zephyr/subsys/bluetooth/host/libsubsys__bluetooth__host.a(l2cap.c.obj)
 .text.bt_l2cap_connected
                0x000000000000b5a0       0xbc zephyr/subsys/bluetooth/host/libsubsys__bluetooth__host.a(l2cap.c.obj)
                0x000000000000b5a0                bt_l2cap_connected
 .text.l2cap_recv
                0x000000000000b65c       0xe4 zephyr/subsys/bluetooth/host/libsubsys__bluetooth__host.a(l2cap.c.obj)
 .text.bt_l2cap_recv
                0x000000000000b740       0x70 zephyr/subsys/bluetooth/host/libsubsys__bluetooth__host.a(l2cap.c.obj)
                0x000000000000b740                bt_l2cap_recv
 .text.bt_l2cap_update_conn_param
                0x000000000000b7b0       0x5c zephyr/subsys/bluetooth/host/libsubsys__bluetooth__host.a(l2cap.c.obj)
                0x000000000000b7b0                bt_l2cap_update_conn_param
 .text.att_cfm_sent
                0x000000000000b80c       0x10 zephyr/subsys/bluetooth/host/libsubsys__bluetooth__host.a(att.c.obj)
 .text.att_rsp_sent
                0x000000000000b81c       0x10 zephyr/subsys/bluetooth/host/libsubsys__bluetooth__host.a(att.c.obj)
 .text.att_req_sent
                0x000000000000b82c       0x10 zephyr/subsys/bluetooth/host/libsubsys__bluetooth__host.a(att.c.obj)
 .text.bt_att_released
                0x000000000000b83c       0x18 zephyr/subsys/bluetooth/host/libsubsys__bluetooth__host.a(att.c.obj)
 .text.read_group_cb
                0x000000000000b854       0xac zephyr/subsys/bluetooth/host/libsubsys__bluetooth__host.a(att.c.obj)
 .text.read_type_cb
                0x000000000000b900       0xa8 zephyr/subsys/bluetooth/host/libsubsys__bluetooth__host.a(att.c.obj)
 .text.find_type_cb
                0x000000000000b9a8      0x164 zephyr/subsys/bluetooth/host/libsubsys__bluetooth__host.a(att.c.obj)
 .text.att_get  0x000000000000bb0c       0x80 zephyr/subsys/bluetooth/host/libsubsys__bluetooth__host.a(att.c.obj)
 .text.chan_req_sent
                0x000000000000bb8c       0x1c zephyr/subsys/bluetooth/host/libsubsys__bluetooth__host.a(att.c.obj)
 .text.bt_att_accept
                0x000000000000bba8       0xd8 zephyr/subsys/bluetooth/host/libsubsys__bluetooth__host.a(att.c.obj)
 .text.bt_att_connected
                0x000000000000bc80       0x60 zephyr/subsys/bluetooth/host/libsubsys__bluetooth__host.a(att.c.obj)
 .text.chan_send
                0x000000000000bce0       0xec zephyr/subsys/bluetooth/host/libsubsys__bluetooth__host.a(att.c.obj)
 .text.att_write_cmd
                0x000000000000bdcc       0x80 zephyr/subsys/bluetooth/host/libsubsys__bluetooth__host.a(att.c.obj)
 .text.bt_att_chan_create_pdu
                0x000000000000be4c       0x88 zephyr/subsys/bluetooth/host/libsubsys__bluetooth__host.a(att.c.obj)
                0x000000000000be4c                bt_att_chan_create_pdu
 .text.att_indicate
                0x000000000000bed4       0x3c zephyr/subsys/bluetooth/host/libsubsys__bluetooth__host.a(att.c.obj)
 .text.send_err_rsp.part.0
                0x000000000000bf10       0x40 zephyr/subsys/bluetooth/host/libsubsys__bluetooth__host.a(att.c.obj)
 .text.bt_att_recv
                0x000000000000bf50      0x158 zephyr/subsys/bluetooth/host/libsubsys__bluetooth__host.a(att.c.obj)
 .text.att_write_req
                0x000000000000c0a8       0xbc zephyr/subsys/bluetooth/host/libsubsys__bluetooth__host.a(att.c.obj)
 .text.bt_att_create_pdu
                0x000000000000c164       0x70 zephyr/subsys/bluetooth/host/libsubsys__bluetooth__host.a(att.c.obj)
                0x000000000000c164                bt_att_create_pdu
 .text.att_read_group_req
                0x000000000000c1d4      0x108 zephyr/subsys/bluetooth/host/libsubsys__bluetooth__host.a(att.c.obj)
 .text.att_read_mult_req
                0x000000000000c2dc       0x8c zephyr/subsys/bluetooth/host/libsubsys__bluetooth__host.a(att.c.obj)
 .text.att_read_rsp
                0x000000000000c368       0x94 zephyr/subsys/bluetooth/host/libsubsys__bluetooth__host.a(att.c.obj)
 .text.att_read_type_req
                0x000000000000c3fc       0xc8 zephyr/subsys/bluetooth/host/libsubsys__bluetooth__host.a(att.c.obj)
 .text.att_find_type_req
                0x000000000000c4c4       0xdc zephyr/subsys/bluetooth/host/libsubsys__bluetooth__host.a(att.c.obj)
 .text.att_find_info_req
                0x000000000000c5a0       0x78 zephyr/subsys/bluetooth/host/libsubsys__bluetooth__host.a(att.c.obj)
 .text.att_mtu_req
                0x000000000000c618       0x6c zephyr/subsys/bluetooth/host/libsubsys__bluetooth__host.a(att.c.obj)
 .text.bt_att_req_alloc
                0x000000000000c684       0x2c zephyr/subsys/bluetooth/host/libsubsys__bluetooth__host.a(att.c.obj)
                0x000000000000c684                bt_att_req_alloc
 .text.bt_att_req_free
                0x000000000000c6b0       0x18 zephyr/subsys/bluetooth/host/libsubsys__bluetooth__host.a(att.c.obj)
                0x000000000000c6b0                bt_att_req_free
 .text.att_handle_rsp
                0x000000000000c6c8       0xf4 zephyr/subsys/bluetooth/host/libsubsys__bluetooth__host.a(att.c.obj)
 .text.att_error_rsp
                0x000000000000c7bc       0x78 zephyr/subsys/bluetooth/host/libsubsys__bluetooth__host.a(att.c.obj)
 .text.bt_att_encrypt_change
                0x000000000000c834       0x70 zephyr/subsys/bluetooth/host/libsubsys__bluetooth__host.a(att.c.obj)
 .text.att_reset
                0x000000000000c8a4       0x64 zephyr/subsys/bluetooth/host/libsubsys__bluetooth__host.a(att.c.obj)
 .text.att_timeout
                0x000000000000c908       0x48 zephyr/subsys/bluetooth/host/libsubsys__bluetooth__host.a(att.c.obj)
 .text.bt_att_req_cancel
                0x000000000000c950       0x60 zephyr/subsys/bluetooth/host/libsubsys__bluetooth__host.a(att.c.obj)
                0x000000000000c950                bt_att_req_cancel
 .text.find_cf_cfg
                0x000000000000c9b0       0x5c zephyr/subsys/bluetooth/host/libsubsys__bluetooth__host.a(gatt.c.obj)
 .text.find_sc_cfg
                0x000000000000ca0c       0x40 zephyr/subsys/bluetooth/host/libsubsys__bluetooth__host.a(gatt.c.obj)
 .text.gatt_sub_find
                0x000000000000ca4c       0x5c zephyr/subsys/bluetooth/host/libsubsys__bluetooth__host.a(gatt.c.obj)
 .text.bt_gatt_attr_write_ccc
                0x000000000000caa8       0xd4 zephyr/subsys/bluetooth/host/libsubsys__bluetooth__host.a(gatt.c.obj)
                0x000000000000caa8                bt_gatt_attr_write_ccc
 .text.sc_save  0x000000000000cb7c       0x70 zephyr/subsys/bluetooth/host/libsubsys__bluetooth__host.a(gatt.c.obj)
 .text.gatt_notify
                0x000000000000cbec       0x74 zephyr/subsys/bluetooth/host/libsubsys__bluetooth__host.a(gatt.c.obj)
 .text.gatt_send.constprop.0
                0x000000000000cc60       0x78 zephyr/subsys/bluetooth/host/libsubsys__bluetooth__host.a(gatt.c.obj)
 .text.gatt_indicate
                0x000000000000ccd8       0x80 zephyr/subsys/bluetooth/host/libsubsys__bluetooth__host.a(gatt.c.obj)
 .text.notify_cb
                0x000000000000cd58       0xf4 zephyr/subsys/bluetooth/host/libsubsys__bluetooth__host.a(gatt.c.obj)
 .text.gatt_write_ccc.constprop.0
                0x000000000000ce4c       0x68 zephyr/subsys/bluetooth/host/libsubsys__bluetooth__host.a(gatt.c.obj)
 .text.cf_write
                0x000000000000ceb4       0xc0 zephyr/subsys/bluetooth/host/libsubsys__bluetooth__host.a(gatt.c.obj)
 .text.sc_indicate_rsp
                0x000000000000cf74       0x60 zephyr/subsys/bluetooth/host/libsubsys__bluetooth__host.a(gatt.c.obj)
 .text.read_ppcp
                0x000000000000cfd4       0x38 zephyr/subsys/bluetooth/host/libsubsys__bluetooth__host.a(gatt.c.obj)
 .text.disconnected_cb
                0x000000000000d00c       0xbc zephyr/subsys/bluetooth/host/libsubsys__bluetooth__host.a(gatt.c.obj)
 .text.bt_gatt_init
                0x000000000000d0c8       0xb4 zephyr/subsys/bluetooth/host/libsubsys__bluetooth__host.a(gatt.c.obj)
                0x000000000000d0c8                bt_gatt_init
 .text.bt_gatt_attr_get_handle
                0x000000000000d17c       0x60 zephyr/subsys/bluetooth/host/libsubsys__bluetooth__host.a(gatt.c.obj)
                0x000000000000d17c                bt_gatt_attr_get_handle
 .text.bt_gatt_foreach_attr_type
                0x000000000000d1dc       0xb4 zephyr/subsys/bluetooth/host/libsubsys__bluetooth__host.a(gatt.c.obj)
                0x000000000000d1dc                bt_gatt_foreach_attr_type
 .text.db_hash_gen.isra.0
                0x000000000000d290       0x90 zephyr/subsys/bluetooth/host/libsubsys__bluetooth__host.a(gatt.c.obj)
 .text.bt_gatt_indicate
                0x000000000000d320       0xf4 zephyr/subsys/bluetooth/host/libsubsys__bluetooth__host.a(gatt.c.obj)
                0x000000000000d320                bt_gatt_indicate
 .text.sc_process
                0x000000000000d414       0x68 zephyr/subsys/bluetooth/host/libsubsys__bluetooth__host.a(gatt.c.obj)
 .text.update_ccc
                0x000000000000d47c      0x130 zephyr/subsys/bluetooth/host/libsubsys__bluetooth__host.a(gatt.c.obj)
 .text.bt_gatt_discover
                0x000000000000d5ac      0x1f0 zephyr/subsys/bluetooth/host/libsubsys__bluetooth__host.a(gatt.c.obj)
                0x000000000000d5ac                bt_gatt_discover
 .text.gatt_read_group_rsp
                0x000000000000d79c      0x110 zephyr/subsys/bluetooth/host/libsubsys__bluetooth__host.a(gatt.c.obj)
 .text.gatt_read_type_rsp
                0x000000000000d8ac      0x224 zephyr/subsys/bluetooth/host/libsubsys__bluetooth__host.a(gatt.c.obj)
 .text.read_included_uuid_cb
                0x000000000000dad0       0xac zephyr/subsys/bluetooth/host/libsubsys__bluetooth__host.a(gatt.c.obj)
 .text.gatt_find_info_rsp
                0x000000000000db7c      0x164 zephyr/subsys/bluetooth/host/libsubsys__bluetooth__host.a(gatt.c.obj)
 .text.bt_gatt_write
                0x000000000000dce0       0xf4 zephyr/subsys/bluetooth/host/libsubsys__bluetooth__host.a(gatt.c.obj)
                0x000000000000dce0                bt_gatt_write
 .text.gatt_prepare_write_rsp
                0x000000000000ddd4       0x50 zephyr/subsys/bluetooth/host/libsubsys__bluetooth__host.a(gatt.c.obj)
 .text.bt_gatt_mult_notification
                0x000000000000de24       0xbc zephyr/subsys/bluetooth/host/libsubsys__bluetooth__host.a(gatt.c.obj)
                0x000000000000de24                bt_gatt_mult_notification
 .text.bt_gatt_connected
                0x000000000000dee0       0x7c zephyr/subsys/bluetooth/host/libsubsys__bluetooth__host.a(gatt.c.obj)
                0x000000000000dee0                bt_gatt_connected
 .text.bt_gatt_encrypt_change
                0x000000000000df5c       0x20 zephyr/subsys/bluetooth/host/libsubsys__bluetooth__host.a(gatt.c.obj)
                0x000000000000df5c                bt_gatt_encrypt_change
 .text.db_hash_read
                0x000000000000df7c       0x4c zephyr/subsys/bluetooth/host/libsubsys__bluetooth__host.a(gatt.c.obj)
 .text.bt_gatt_disconnected
                0x000000000000dfc8       0xd8 zephyr/subsys/bluetooth/host/libsubsys__bluetooth__host.a(gatt.c.obj)
                0x000000000000dfc8                bt_gatt_disconnected
 .text.get_io_capa
                0x000000000000e0a0       0x4c zephyr/subsys/bluetooth/host/libsubsys__bluetooth__host.a(smp.c.obj)
 .text.get_auth.isra.0
                0x000000000000e0ec       0x3c zephyr/subsys/bluetooth/host/libsubsys__bluetooth__host.a(smp.c.obj)
 .text.smp_chan_get
                0x000000000000e128       0x30 zephyr/subsys/bluetooth/host/libsubsys__bluetooth__host.a(smp.c.obj)
 .text.smp_init
                0x000000000000e158       0x3c zephyr/subsys/bluetooth/host/libsubsys__bluetooth__host.a(smp.c.obj)
 .text.bt_smp_accept
                0x000000000000e194       0x44 zephyr/subsys/bluetooth/host/libsubsys__bluetooth__host.a(smp.c.obj)
 .text.smp_send.isra.0
                0x000000000000e1d8       0x30 zephyr/subsys/bluetooth/host/libsubsys__bluetooth__host.a(smp.c.obj)
 .text.compute_and_check_and_send_slave_dhcheck
                0x000000000000e208      0x1c8 zephyr/subsys/bluetooth/host/libsubsys__bluetooth__host.a(smp.c.obj)
 .text.sc_send_public_key
                0x000000000000e3d0       0x44 zephyr/subsys/bluetooth/host/libsubsys__bluetooth__host.a(smp.c.obj)
 .text.smp_send_pairing_confirm
                0x000000000000e414       0x80 zephyr/subsys/bluetooth/host/libsubsys__bluetooth__host.a(smp.c.obj)
 .text.smp_public_key_slave.part.0
                0x000000000000e494       0xc8 zephyr/subsys/bluetooth/host/libsubsys__bluetooth__host.a(smp.c.obj)
 .text.smp_ident_info
                0x000000000000e55c       0x70 zephyr/subsys/bluetooth/host/libsubsys__bluetooth__host.a(smp.c.obj)
 .text.smp_encrypt_info
                0x000000000000e5cc       0x70 zephyr/subsys/bluetooth/host/libsubsys__bluetooth__host.a(smp.c.obj)
 .text.smp_pairing_req
                0x000000000000e63c      0x3d0 zephyr/subsys/bluetooth/host/libsubsys__bluetooth__host.a(smp.c.obj)
 .text.bt_smp_connected
                0x000000000000ea0c       0x24 zephyr/subsys/bluetooth/host/libsubsys__bluetooth__host.a(smp.c.obj)
 .text.smp_pairing_complete
                0x000000000000ea30       0xa0 zephyr/subsys/bluetooth/host/libsubsys__bluetooth__host.a(smp.c.obj)
 .text.bt_smp_dhkey_ready
                0x000000000000ead0       0x6c zephyr/subsys/bluetooth/host/libsubsys__bluetooth__host.a(smp.c.obj)
 .text.bt_smp_recv
                0x000000000000eb3c      0x100 zephyr/subsys/bluetooth/host/libsubsys__bluetooth__host.a(smp.c.obj)
 .text.bt_smp_pkey_ready
                0x000000000000ec3c       0x70 zephyr/subsys/bluetooth/host/libsubsys__bluetooth__host.a(smp.c.obj)
 .text.smp_timeout
                0x000000000000ecac       0x3c zephyr/subsys/bluetooth/host/libsubsys__bluetooth__host.a(smp.c.obj)
 .text.smp_pairing_failed
                0x000000000000ece8       0x68 zephyr/subsys/bluetooth/host/libsubsys__bluetooth__host.a(smp.c.obj)
 .text.smp_master_ident
                0x000000000000ed50       0xa8 zephyr/subsys/bluetooth/host/libsubsys__bluetooth__host.a(smp.c.obj)
 .text.bt_smp_encrypt_change
                0x000000000000edf8      0x1d4 zephyr/subsys/bluetooth/host/libsubsys__bluetooth__host.a(smp.c.obj)
 .text.smp_pairing_random
                0x000000000000efcc      0x244 zephyr/subsys/bluetooth/host/libsubsys__bluetooth__host.a(smp.c.obj)
 .text.smp_public_key
                0x000000000000f210       0xb8 zephyr/subsys/bluetooth/host/libsubsys__bluetooth__host.a(smp.c.obj)
 .text.smp_ident_addr_info
                0x000000000000f2c8      0x13c zephyr/subsys/bluetooth/host/libsubsys__bluetooth__host.a(smp.c.obj)
 .text.bt_smp_start_security
                0x000000000000f404      0x17c zephyr/subsys/bluetooth/host/libsubsys__bluetooth__host.a(smp.c.obj)
                0x000000000000f404                bt_smp_start_security
 .text.bt_smp_update_keys
                0x000000000000f580      0x120 zephyr/subsys/bluetooth/host/libsubsys__bluetooth__host.a(smp.c.obj)
                0x000000000000f580                bt_smp_update_keys
 .text.bt_smp_init
                0x000000000000f6a0       0x2c zephyr/subsys/bluetooth/host/libsubsys__bluetooth__host.a(smp.c.obj)
                0x000000000000f6a0                bt_smp_init
 .text.bt_keys_get_addr
                0x000000000000f6cc       0x50 zephyr/subsys/bluetooth/host/libsubsys__bluetooth__host.a(keys.c.obj)
                0x000000000000f6cc                bt_keys_get_addr
 .text.bt_keys_foreach
                0x000000000000f71c       0x1c zephyr/subsys/bluetooth/host/libsubsys__bluetooth__host.a(keys.c.obj)
                0x000000000000f71c                bt_keys_foreach
 .text.bt_keys_find
                0x000000000000f738       0x2c zephyr/subsys/bluetooth/host/libsubsys__bluetooth__host.a(keys.c.obj)
                0x000000000000f738                bt_keys_find
 .text.bt_keys_find_irk
                0x000000000000f764       0x74 zephyr/subsys/bluetooth/host/libsubsys__bluetooth__host.a(keys.c.obj)
                0x000000000000f764                bt_keys_find_irk
 .text.bt_keys_find_addr
                0x000000000000f7d8       0x20 zephyr/subsys/bluetooth/host/libsubsys__bluetooth__host.a(keys.c.obj)
                0x000000000000f7d8                bt_keys_find_addr
 .text.mem_init
                0x000000000000f7f8       0x5c zephyr/subsys/bluetooth/controller/libsubsys__bluetooth__controller.a(mem.c.obj)
                0x000000000000f7f8                mem_init
 .text.mem_acquire
                0x000000000000f854       0x34 zephyr/subsys/bluetooth/controller/libsubsys__bluetooth__controller.a(mem.c.obj)
                0x000000000000f854                mem_acquire
 .text.mem_release
                0x000000000000f888       0x30 zephyr/subsys/bluetooth/controller/libsubsys__bluetooth__controller.a(mem.c.obj)
                0x000000000000f888                mem_release
 .text.mem_get  0x000000000000f8b8        0x8 zephyr/subsys/bluetooth/controller/libsubsys__bluetooth__controller.a(mem.c.obj)
                0x000000000000f8b8                mem_get
 .text.mem_index_get
                0x000000000000f8c0        0xc zephyr/subsys/bluetooth/controller/libsubsys__bluetooth__controller.a(mem.c.obj)
                0x000000000000f8c0                mem_index_get
 .text.mem_rcopy
                0x000000000000f8cc       0x1c zephyr/subsys/bluetooth/controller/libsubsys__bluetooth__controller.a(mem.c.obj)
                0x000000000000f8cc                mem_rcopy
 .text.mem_nz   0x000000000000f8e8       0x18 zephyr/subsys/bluetooth/controller/libsubsys__bluetooth__controller.a(mem.c.obj)
                0x000000000000f8e8                mem_nz
 .text.memq_init
                0x000000000000f900        0x8 zephyr/subsys/bluetooth/controller/libsubsys__bluetooth__controller.a(memq.c.obj)
                0x000000000000f900                memq_init
 .text.memq_deinit
                0x000000000000f908       0x14 zephyr/subsys/bluetooth/controller/libsubsys__bluetooth__controller.a(memq.c.obj)
                0x000000000000f908                memq_deinit
 .text.memq_enqueue
                0x000000000000f91c       0x10 zephyr/subsys/bluetooth/controller/libsubsys__bluetooth__controller.a(memq.c.obj)
                0x000000000000f91c                memq_enqueue
 .text.memq_peek
                0x000000000000f92c       0x10 zephyr/subsys/bluetooth/controller/libsubsys__bluetooth__controller.a(memq.c.obj)
                0x000000000000f92c                memq_peek
 .text.memq_dequeue
                0x000000000000f93c       0x20 zephyr/subsys/bluetooth/controller/libsubsys__bluetooth__controller.a(memq.c.obj)
                0x000000000000f93c                memq_dequeue
 .text.mayfly_init
                0x000000000000f95c       0x40 zephyr/subsys/bluetooth/controller/libsubsys__bluetooth__controller.a(mayfly.c.obj)
                0x000000000000f95c                mayfly_init
 .text.mayfly_enable
                0x000000000000f99c       0x68 zephyr/subsys/bluetooth/controller/libsubsys__bluetooth__controller.a(mayfly.c.obj)
                0x000000000000f99c                mayfly_enable
 .text.mayfly_enqueue
                0x000000000000fa04       0xa8 zephyr/subsys/bluetooth/controller/libsubsys__bluetooth__controller.a(mayfly.c.obj)
                0x000000000000fa04                mayfly_enqueue
 .text.mayfly_run
                0x000000000000faac      0x144 zephyr/subsys/bluetooth/controller/libsubsys__bluetooth__controller.a(mayfly.c.obj)
                0x000000000000faac                mayfly_run
 .text.util_ones_count_get
                0x000000000000fbf0       0x30 zephyr/subsys/bluetooth/controller/libsubsys__bluetooth__controller.a(util.c.obj)
                0x000000000000fbf0                util_ones_count_get
 .text.ticker_worker
                0x000000000000fc20      0x2d8 zephyr/subsys/bluetooth/controller/libsubsys__bluetooth__controller.a(ticker.c.obj)
                0x000000000000fc20                ticker_worker
 .text.ticker_job
                0x000000000000fef8      0xe18 zephyr/subsys/bluetooth/controller/libsubsys__bluetooth__controller.a(ticker.c.obj)
                0x000000000000fef8                ticker_job
 .text.ticker_init
                0x0000000000010d10       0x98 zephyr/subsys/bluetooth/controller/libsubsys__bluetooth__controller.a(ticker.c.obj)
                0x0000000000010d10                ticker_init
 .text.ticker_is_initialized
                0x0000000000010da8       0x18 zephyr/subsys/bluetooth/controller/libsubsys__bluetooth__controller.a(ticker.c.obj)
                0x0000000000010da8                ticker_is_initialized
 .text.ticker_trigger
                0x0000000000010dc0       0x30 zephyr/subsys/bluetooth/controller/libsubsys__bluetooth__controller.a(ticker.c.obj)
                0x0000000000010dc0                ticker_trigger
 .text.ticker_start_ext
                0x0000000000010df0       0xac zephyr/subsys/bluetooth/controller/libsubsys__bluetooth__controller.a(ticker.c.obj)
                0x0000000000010df0                ticker_start_ext
 .text.ticker_start
                0x0000000000010e9c       0x38 zephyr/subsys/bluetooth/controller/libsubsys__bluetooth__controller.a(ticker.c.obj)
                0x0000000000010e9c                ticker_start
 .text.ticker_update
                0x0000000000010ed4       0xa0 zephyr/subsys/bluetooth/controller/libsubsys__bluetooth__controller.a(ticker.c.obj)
                0x0000000000010ed4                ticker_update
 .text.ticker_stop
                0x0000000000010f74       0x8c zephyr/subsys/bluetooth/controller/libsubsys__bluetooth__controller.a(ticker.c.obj)
                0x0000000000010f74                ticker_stop
 .text.ticker_ticks_now_get
                0x0000000000011000        0x4 zephyr/subsys/bluetooth/controller/libsubsys__bluetooth__controller.a(ticker.c.obj)
                0x0000000000011000                ticker_ticks_now_get
 .text.ticker_ticks_diff_get
                0x0000000000011004        0x8 zephyr/subsys/bluetooth/controller/libsubsys__bluetooth__controller.a(ticker.c.obj)
                0x0000000000011004                ticker_ticks_diff_get
 .text.ll_addr_get
                0x000000000001100c       0x3c zephyr/subsys/bluetooth/controller/libsubsys__bluetooth__controller.a(ll_addr.c.obj)
                0x000000000001100c                ll_addr_get
 .text.ll_addr_set
                0x0000000000011048       0x3c zephyr/subsys/bluetooth/controller/libsubsys__bluetooth__controller.a(ll_addr.c.obj)
                0x0000000000011048                ll_addr_set
 .text.ll_tx_pwr_lvl_get
                0x0000000000011084       0x20 zephyr/subsys/bluetooth/controller/libsubsys__bluetooth__controller.a(ll_tx_pwr.c.obj)
                0x0000000000011084                ll_tx_pwr_lvl_get
 .text.ll_tx_pwr_get
                0x00000000000110a4        0x8 zephyr/subsys/bluetooth/controller/libsubsys__bluetooth__controller.a(ll_tx_pwr.c.obj)
                0x00000000000110a4                ll_tx_pwr_get
 .text.hci_driver_init
                0x00000000000110ac       0x10 zephyr/subsys/bluetooth/controller/libsubsys__bluetooth__controller.a(hci_driver.c.obj)
 .text.recv_thread
                0x00000000000110bc       0xf0 zephyr/subsys/bluetooth/controller/libsubsys__bluetooth__controller.a(hci_driver.c.obj)
 .text.prio_recv_thread
                0x00000000000111ac       0xc0 zephyr/subsys/bluetooth/controller/libsubsys__bluetooth__controller.a(hci_driver.c.obj)
 .text.hci_driver_send
                0x000000000001126c       0xb0 zephyr/subsys/bluetooth/controller/libsubsys__bluetooth__controller.a(hci_driver.c.obj)
 .text.hci_driver_open
                0x000000000001131c       0xbc zephyr/subsys/bluetooth/controller/libsubsys__bluetooth__controller.a(hci_driver.c.obj)
 .text.cmd_complete_status
                0x00000000000113d8       0x24 zephyr/subsys/bluetooth/controller/libsubsys__bluetooth__controller.a(hci.c.obj)
 .text.meta_evt
                0x00000000000113fc       0x30 zephyr/subsys/bluetooth/controller/libsubsys__bluetooth__controller.a(hci.c.obj)
 .text.encrypt_change.part.0
                0x000000000001142c       0x34 zephyr/subsys/bluetooth/controller/libsubsys__bluetooth__controller.a(hci.c.obj)
 .text.le_remote_feat_complete
                0x0000000000011460       0x6c zephyr/subsys/bluetooth/controller/libsubsys__bluetooth__controller.a(hci.c.obj)
 .text.hci_disconn_complete_encode.part.0
                0x00000000000114cc       0x30 zephyr/subsys/bluetooth/controller/libsubsys__bluetooth__controller.a(hci.c.obj)
 .text.hci_cmd_complete
                0x00000000000114fc       0x20 zephyr/subsys/bluetooth/controller/libsubsys__bluetooth__controller.a(hci.c.obj)
                0x00000000000114fc                hci_cmd_complete
 .text.hci_vendor_cmd_handle_common
                0x000000000001151c      0x118 zephyr/subsys/bluetooth/controller/libsubsys__bluetooth__controller.a(hci.c.obj)
                0x000000000001151c                hci_vendor_cmd_handle_common
 .text.hci_cmd_handle
                0x0000000000011634      0x7e0 zephyr/subsys/bluetooth/controller/libsubsys__bluetooth__controller.a(hci.c.obj)
                0x0000000000011634                hci_cmd_handle
 .text.hci_acl_handle
                0x0000000000011e14      0x130 zephyr/subsys/bluetooth/controller/libsubsys__bluetooth__controller.a(hci.c.obj)
                0x0000000000011e14                hci_acl_handle
 .text.hci_disconn_complete_encode
                0x0000000000011f44       0x20 zephyr/subsys/bluetooth/controller/libsubsys__bluetooth__controller.a(hci.c.obj)
                0x0000000000011f44                hci_disconn_complete_encode
 .text.hci_disconn_complete_process
                0x0000000000011f64       0x10 zephyr/subsys/bluetooth/controller/libsubsys__bluetooth__controller.a(hci.c.obj)
                0x0000000000011f64                hci_disconn_complete_process
 .text.hci_acl_encode
                0x0000000000011f74       0x74 zephyr/subsys/bluetooth/controller/libsubsys__bluetooth__controller.a(hci.c.obj)
                0x0000000000011f74                hci_acl_encode
 .text.hci_evt_encode
                0x0000000000011fe8      0x4f0 zephyr/subsys/bluetooth/controller/libsubsys__bluetooth__controller.a(hci.c.obj)
                0x0000000000011fe8                hci_evt_encode
 .text.hci_num_cmplt_encode
                0x00000000000124d8       0x30 zephyr/subsys/bluetooth/controller/libsubsys__bluetooth__controller.a(hci.c.obj)
                0x00000000000124d8                hci_num_cmplt_encode
 .text.hci_get_class
                0x0000000000012508       0x2c zephyr/subsys/bluetooth/controller/libsubsys__bluetooth__controller.a(hci.c.obj)
                0x0000000000012508                hci_get_class
 .text.hci_init
                0x0000000000012534       0x40 zephyr/subsys/bluetooth/controller/libsubsys__bluetooth__controller.a(hci.c.obj)
                0x0000000000012534                hci_init
 .text.bt_rand  0x0000000000012574        0x4 zephyr/subsys/bluetooth/controller/libsubsys__bluetooth__controller.a(crypto.c.obj)
                0x0000000000012574                bt_rand
 .text.bt_encrypt_le
                0x0000000000012578        0xc zephyr/subsys/bluetooth/controller/libsubsys__bluetooth__controller.a(crypto.c.obj)
                0x0000000000012578                bt_encrypt_le
 .text.perform_lll_reset
                0x0000000000012584       0x94 zephyr/subsys/bluetooth/controller/libsubsys__bluetooth__controller.a(ull.c.obj)
 .text.ull_ticker_status_give
                0x0000000000012618        0xc zephyr/subsys/bluetooth/controller/libsubsys__bluetooth__controller.a(ull.c.obj)
                0x0000000000012618                ull_ticker_status_give
 .text.disabled_cb
                0x0000000000012624        0x4 zephyr/subsys/bluetooth/controller/libsubsys__bluetooth__controller.a(ull.c.obj)
 .text.tx_cmplt_get
                0x0000000000012628       0xcc zephyr/subsys/bluetooth/controller/libsubsys__bluetooth__controller.a(ull.c.obj)
 .text.rx_demux
                0x00000000000126f4      0x384 zephyr/subsys/bluetooth/controller/libsubsys__bluetooth__controller.a(ull.c.obj)
 .text.ll_init  0x0000000000012a78      0x2c8 zephyr/subsys/bluetooth/controller/libsubsys__bluetooth__controller.a(ull.c.obj)
                0x0000000000012a78                ll_init
 .text.ll_reset
                0x0000000000012d40      0x2e4 zephyr/subsys/bluetooth/controller/libsubsys__bluetooth__controller.a(ull.c.obj)
                0x0000000000012d40                ll_reset
 .text.ll_rx_get
                0x0000000000013024      0x1b4 zephyr/subsys/bluetooth/controller/libsubsys__bluetooth__controller.a(ull.c.obj)
                0x0000000000013024                ll_rx_get
 .text.ll_rx_dequeue
                0x00000000000131d8      0x1a0 zephyr/subsys/bluetooth/controller/libsubsys__bluetooth__controller.a(ull.c.obj)
                0x00000000000131d8                ll_rx_dequeue
 .text.ll_rx_mem_release
                0x0000000000013378      0x258 zephyr/subsys/bluetooth/controller/libsubsys__bluetooth__controller.a(ull.c.obj)
                0x0000000000013378                ll_rx_mem_release
 .text.ll_rx_link_alloc
                0x00000000000135d0        0xc zephyr/subsys/bluetooth/controller/libsubsys__bluetooth__controller.a(ull.c.obj)
                0x00000000000135d0                ll_rx_link_alloc
 .text.ll_rx_link_release
                0x00000000000135dc        0xc zephyr/subsys/bluetooth/controller/libsubsys__bluetooth__controller.a(ull.c.obj)
                0x00000000000135dc                ll_rx_link_release
 .text.ll_rx_alloc
                0x00000000000135e8        0xc zephyr/subsys/bluetooth/controller/libsubsys__bluetooth__controller.a(ull.c.obj)
                0x00000000000135e8                ll_rx_alloc
 .text.ll_rx_release
                0x00000000000135f4        0xc zephyr/subsys/bluetooth/controller/libsubsys__bluetooth__controller.a(ull.c.obj)
                0x00000000000135f4                ll_rx_release
 .text.ll_rx_put
                0x0000000000013600       0x14 zephyr/subsys/bluetooth/controller/libsubsys__bluetooth__controller.a(ull.c.obj)
                0x0000000000013600                ll_rx_put
 .text.ll_rx_sched
                0x0000000000013614        0xc zephyr/subsys/bluetooth/controller/libsubsys__bluetooth__controller.a(ull.c.obj)
                0x0000000000013614                ll_rx_sched
 .text.ll_pdu_rx_alloc_peek
                0x0000000000013620       0x3c zephyr/subsys/bluetooth/controller/libsubsys__bluetooth__controller.a(ull.c.obj)
                0x0000000000013620                ll_pdu_rx_alloc_peek
 .text.ll_pdu_rx_alloc
                0x000000000001365c       0x30 zephyr/subsys/bluetooth/controller/libsubsys__bluetooth__controller.a(ull.c.obj)
                0x000000000001365c                ll_pdu_rx_alloc
 .text.ll_tx_ack_put
                0x000000000001368c       0x60 zephyr/subsys/bluetooth/controller/libsubsys__bluetooth__controller.a(ull.c.obj)
                0x000000000001368c                ll_tx_ack_put
 .text.ll_timeslice_ticker_id_get
                0x00000000000136ec        0xc zephyr/subsys/bluetooth/controller/libsubsys__bluetooth__controller.a(ull.c.obj)
                0x00000000000136ec                ll_timeslice_ticker_id_get
 .text.ll_radio_state_abort
                0x00000000000136f8       0x40 zephyr/subsys/bluetooth/controller/libsubsys__bluetooth__controller.a(ull.c.obj)
                0x00000000000136f8                ll_radio_state_abort
 .text.ull_ticker_status_take
                0x0000000000013738       0x50 zephyr/subsys/bluetooth/controller/libsubsys__bluetooth__controller.a(ull.c.obj)
                0x0000000000013738                ull_ticker_status_take
 .text.ull_disable_mark
                0x0000000000013788       0x18 zephyr/subsys/bluetooth/controller/libsubsys__bluetooth__controller.a(ull.c.obj)
                0x0000000000013788                ull_disable_mark
 .text.ull_disable_unmark
                0x00000000000137a0       0x18 zephyr/subsys/bluetooth/controller/libsubsys__bluetooth__controller.a(ull.c.obj)
                0x00000000000137a0                ull_disable_unmark
 .text.ull_disable_mark_get
                0x00000000000137b8        0xc zephyr/subsys/bluetooth/controller/libsubsys__bluetooth__controller.a(ull.c.obj)
                0x00000000000137b8                ull_disable_mark_get
 .text.ull_update_mark
                0x00000000000137c4       0x18 zephyr/subsys/bluetooth/controller/libsubsys__bluetooth__controller.a(ull.c.obj)
                0x00000000000137c4                ull_update_mark
 .text.ull_update_unmark
                0x00000000000137dc       0x18 zephyr/subsys/bluetooth/controller/libsubsys__bluetooth__controller.a(ull.c.obj)
                0x00000000000137dc                ull_update_unmark
 .text.ull_update_mark_get
                0x00000000000137f4        0xc zephyr/subsys/bluetooth/controller/libsubsys__bluetooth__controller.a(ull.c.obj)
                0x00000000000137f4                ull_update_mark_get
 .text.ull_disable
                0x0000000000013800       0x7c zephyr/subsys/bluetooth/controller/libsubsys__bluetooth__controller.a(ull.c.obj)
                0x0000000000013800                ull_disable
 .text.ull_ticker_stop_with_mark
                0x000000000001387c       0x80 zephyr/subsys/bluetooth/controller/libsubsys__bluetooth__controller.a(ull.c.obj)
                0x000000000001387c                ull_ticker_stop_with_mark
 .text.ull_pdu_rx_alloc_peek
                0x00000000000138fc       0x3c zephyr/subsys/bluetooth/controller/libsubsys__bluetooth__controller.a(ull.c.obj)
                0x00000000000138fc                ull_pdu_rx_alloc_peek
 .text.ull_pdu_rx_alloc
                0x0000000000013938       0x30 zephyr/subsys/bluetooth/controller/libsubsys__bluetooth__controller.a(ull.c.obj)
                0x0000000000013938                ull_pdu_rx_alloc
 .text.ull_rx_put
                0x0000000000013968       0x20 zephyr/subsys/bluetooth/controller/libsubsys__bluetooth__controller.a(ull.c.obj)
                0x0000000000013968                ull_rx_put
 .text.ull_rx_sched
                0x0000000000013988       0x10 zephyr/subsys/bluetooth/controller/libsubsys__bluetooth__controller.a(ull.c.obj)
                0x0000000000013988                ull_rx_sched
 .text.ull_prepare_enqueue
                0x0000000000013998       0x70 zephyr/subsys/bluetooth/controller/libsubsys__bluetooth__controller.a(ull.c.obj)
                0x0000000000013998                ull_prepare_enqueue
 .text.ull_prepare_dequeue_get
                0x0000000000013a08       0x1c zephyr/subsys/bluetooth/controller/libsubsys__bluetooth__controller.a(ull.c.obj)
                0x0000000000013a08                ull_prepare_dequeue_get
 .text.ull_prepare_dequeue_iter
                0x0000000000013a24       0x3c zephyr/subsys/bluetooth/controller/libsubsys__bluetooth__controller.a(ull.c.obj)
                0x0000000000013a24                ull_prepare_dequeue_iter
 .text.ull_event_done_extra_get
                0x0000000000013a60       0x20 zephyr/subsys/bluetooth/controller/libsubsys__bluetooth__controller.a(ull.c.obj)
                0x0000000000013a60                ull_event_done_extra_get
 .text.ull_event_done
                0x0000000000013a80       0x60 zephyr/subsys/bluetooth/controller/libsubsys__bluetooth__controller.a(ull.c.obj)
                0x0000000000013a80                ull_event_done
 .text.disabled_cb
                0x0000000000013ae0       0x94 zephyr/subsys/bluetooth/controller/libsubsys__bluetooth__controller.a(ull_adv.c.obj)
 .text.ticker_cb
                0x0000000000013b74      0x130 zephyr/subsys/bluetooth/controller/libsubsys__bluetooth__controller.a(ull_adv.c.obj)
 .text.ticker_op_stop_cb
                0x0000000000013ca4       0xa4 zephyr/subsys/bluetooth/controller/libsubsys__bluetooth__controller.a(ull_adv.c.obj)
 .text.ticker_op_update_cb
                0x0000000000013d48       0x38 zephyr/subsys/bluetooth/controller/libsubsys__bluetooth__controller.a(ull_adv.c.obj)
 .text.ticker_stop_cb
                0x0000000000013d80       0x88 zephyr/subsys/bluetooth/controller/libsubsys__bluetooth__controller.a(ull_adv.c.obj)
 .text.conn_release.constprop.0
                0x0000000000013e08       0x84 zephyr/subsys/bluetooth/controller/libsubsys__bluetooth__controller.a(ull_adv.c.obj)
 .text.ll_adv_params_set
                0x0000000000013e8c      0x140 zephyr/subsys/bluetooth/controller/libsubsys__bluetooth__controller.a(ull_adv.c.obj)
                0x0000000000013e8c                ll_adv_params_set
 .text.ull_adv_init
                0x0000000000013fcc       0x1c zephyr/subsys/bluetooth/controller/libsubsys__bluetooth__controller.a(ull_adv.c.obj)
                0x0000000000013fcc                ull_adv_init
 .text.ull_adv_reset
                0x0000000000013fe8      0x138 zephyr/subsys/bluetooth/controller/libsubsys__bluetooth__controller.a(ull_adv.c.obj)
                0x0000000000013fe8                ull_adv_reset
 .text.ull_adv_reset_finalize
                0x0000000000014120       0x2c zephyr/subsys/bluetooth/controller/libsubsys__bluetooth__controller.a(ull_adv.c.obj)
                0x0000000000014120                ull_adv_reset_finalize
 .text.ull_adv_handle_get
                0x000000000001414c       0x18 zephyr/subsys/bluetooth/controller/libsubsys__bluetooth__controller.a(ull_adv.c.obj)
                0x000000000001414c                ull_adv_handle_get
 .text.ull_adv_lll_handle_get
                0x0000000000014164       0x1c zephyr/subsys/bluetooth/controller/libsubsys__bluetooth__controller.a(ull_adv.c.obj)
                0x0000000000014164                ull_adv_lll_handle_get
 .text.ull_adv_is_enabled_get
                0x0000000000014180       0x1c zephyr/subsys/bluetooth/controller/libsubsys__bluetooth__controller.a(ull_adv.c.obj)
                0x0000000000014180                ull_adv_is_enabled_get
 .text.ull_adv_is_enabled
                0x000000000001419c       0x18 zephyr/subsys/bluetooth/controller/libsubsys__bluetooth__controller.a(ull_adv.c.obj)
                0x000000000001419c                ull_adv_is_enabled
 .text.ull_adv_filter_pol_get
                0x00000000000141b4       0x20 zephyr/subsys/bluetooth/controller/libsubsys__bluetooth__controller.a(ull_adv.c.obj)
                0x00000000000141b4                ull_adv_filter_pol_get
 .text.ull_adv_data_set
                0x00000000000141d4       0x84 zephyr/subsys/bluetooth/controller/libsubsys__bluetooth__controller.a(ull_adv.c.obj)
                0x00000000000141d4                ull_adv_data_set
 .text.ll_adv_data_set
                0x0000000000014258       0x10 zephyr/subsys/bluetooth/controller/libsubsys__bluetooth__controller.a(ull_adv.c.obj)
                0x0000000000014258                ll_adv_data_set
 .text.ull_scan_rsp_set
                0x0000000000014268       0x58 zephyr/subsys/bluetooth/controller/libsubsys__bluetooth__controller.a(ull_adv.c.obj)
                0x0000000000014268                ull_scan_rsp_set
 .text.ll_adv_scan_rsp_set
                0x00000000000142c0       0x10 zephyr/subsys/bluetooth/controller/libsubsys__bluetooth__controller.a(ull_adv.c.obj)
                0x00000000000142c0                ll_adv_scan_rsp_set
 .text.ull_adv_pdu_update_addrs
                0x00000000000142d0       0x60 zephyr/subsys/bluetooth/controller/libsubsys__bluetooth__controller.a(ull_adv.c.obj)
                0x00000000000142d0                ull_adv_pdu_update_addrs
 .text.tx_ull_dequeue
                0x0000000000014330       0x84 zephyr/subsys/bluetooth/controller/libsubsys__bluetooth__controller.a(ull_conn.c.obj)
 .text.calc_eff_time
                0x00000000000143b4       0x5c zephyr/subsys/bluetooth/controller/libsubsys__bluetooth__controller.a(ull_conn.c.obj)
 .text.init_reset
                0x0000000000014410       0x74 zephyr/subsys/bluetooth/controller/libsubsys__bluetooth__controller.a(ull_conn.c.obj)
 .text.ctrl_tx_pause_enqueue
                0x0000000000014484       0xac zephyr/subsys/bluetooth/controller/libsubsys__bluetooth__controller.a(ull_conn.c.obj)
 .text.tx_lll_flush
                0x0000000000014530       0xf8 zephyr/subsys/bluetooth/controller/libsubsys__bluetooth__controller.a(ull_conn.c.obj)
 .text.ticker_op_stop_cb
                0x0000000000014628       0x64 zephyr/subsys/bluetooth/controller/libsubsys__bluetooth__controller.a(ull_conn.c.obj)
 .text.ticker_start_conn_op_cb
                0x000000000001468c       0x58 zephyr/subsys/bluetooth/controller/libsubsys__bluetooth__controller.a(ull_conn.c.obj)
 .text.ticker_stop_conn_op_cb
                0x00000000000146e4       0x58 zephyr/subsys/bluetooth/controller/libsubsys__bluetooth__controller.a(ull_conn.c.obj)
 .text.ticker_update_conn_op_cb
                0x000000000001473c       0x40 zephyr/subsys/bluetooth/controller/libsubsys__bluetooth__controller.a(ull_conn.c.obj)
 .text.reject_ext_ind_send.isra.0
                0x000000000001477c       0xa4 zephyr/subsys/bluetooth/controller/libsubsys__bluetooth__controller.a(ull_conn.c.obj)
 .text.start_enc_rsp_send
                0x0000000000014820       0xc4 zephyr/subsys/bluetooth/controller/libsubsys__bluetooth__controller.a(ull_conn.c.obj)
 .text.ctrl_tx_sec_enqueue
                0x00000000000148e4      0x124 zephyr/subsys/bluetooth/controller/libsubsys__bluetooth__controller.a(ull_conn.c.obj)
 .text.feature_rsp_send.isra.0
                0x0000000000014a08       0xa8 zephyr/subsys/bluetooth/controller/libsubsys__bluetooth__controller.a(ull_conn.c.obj)
 .text.ll_conn_acquire
                0x0000000000014ab0        0xc zephyr/subsys/bluetooth/controller/libsubsys__bluetooth__controller.a(ull_conn.c.obj)
                0x0000000000014ab0                ll_conn_acquire
 .text.ll_conn_release
                0x0000000000014abc        0xc zephyr/subsys/bluetooth/controller/libsubsys__bluetooth__controller.a(ull_conn.c.obj)
                0x0000000000014abc                ll_conn_release
 .text.ll_conn_handle_get
                0x0000000000014ac8       0x10 zephyr/subsys/bluetooth/controller/libsubsys__bluetooth__controller.a(ull_conn.c.obj)